Archive member included to satisfy reference by file (symbol)

d:/gnu tools arm embedded/5.2 2015q4/bin/../lib/gcc/arm-none-eabi/5.2.1/armv7e-m/fpu\libgcc.a(_arm_addsubdf3.o)
                              ..\obj\tm_stm32f4_fatfs.o (__aeabi_ui2d)
d:/gnu tools arm embedded/5.2 2015q4/bin/../lib/gcc/arm-none-eabi/5.2.1/armv7e-m/fpu\libgcc.a(_arm_muldivdf3.o)
                              ..\obj\tm_stm32f4_fatfs.o (__aeabi_dmul)
d:/gnu tools arm embedded/5.2 2015q4/bin/../lib/gcc/arm-none-eabi/5.2.1/armv7e-m/fpu\libgcc.a(_arm_fixunsdfsi.o)
                              ..\obj\tm_stm32f4_fatfs.o (__aeabi_d2uiz)
d:/gnu tools arm embedded/5.2 2015q4/bin/../lib/gcc/arm-none-eabi/5.2.1/../../../../arm-none-eabi/lib/armv7e-m/fpu\libg.a(lib_a-asctime.o)
                              ..\obj\tm_stm32f4_ethernet.o (asctime)
d:/gnu tools arm embedded/5.2 2015q4/bin/../lib/gcc/arm-none-eabi/5.2.1/../../../../arm-none-eabi/lib/armv7e-m/fpu\libg.a(lib_a-asctime_r.o)
                              d:/gnu tools arm embedded/5.2 2015q4/bin/../lib/gcc/arm-none-eabi/5.2.1/../../../../arm-none-eabi/lib/armv7e-m/fpu\libg.a(lib_a-asctime.o) (asctime_r)
d:/gnu tools arm embedded/5.2 2015q4/bin/../lib/gcc/arm-none-eabi/5.2.1/../../../../arm-none-eabi/lib/armv7e-m/fpu\libg.a(lib_a-atof.o)
                              ..\obj\mjson.o (atof)
d:/gnu tools arm embedded/5.2 2015q4/bin/../lib/gcc/arm-none-eabi/5.2.1/../../../../arm-none-eabi/lib/armv7e-m/fpu\libg.a(lib_a-atoi.o)
                              ..\obj\httpd.o (atoi)
d:/gnu tools arm embedded/5.2 2015q4/bin/../lib/gcc/arm-none-eabi/5.2.1/../../../../arm-none-eabi/lib/armv7e-m/fpu\libg.a(lib_a-ctype_.o)
                              ..\obj\mjson.o (__ctype_ptr__)
d:/gnu tools arm embedded/5.2 2015q4/bin/../lib/gcc/arm-none-eabi/5.2.1/../../../../arm-none-eabi/lib/armv7e-m/fpu\libg.a(lib_a-impure.o)
                              d:/gnu tools arm embedded/5.2 2015q4/bin/../lib/gcc/arm-none-eabi/5.2.1/../../../../arm-none-eabi/lib/armv7e-m/fpu\libg.a(lib_a-asctime.o) (_impure_ptr)
d:/gnu tools arm embedded/5.2 2015q4/bin/../lib/gcc/arm-none-eabi/5.2.1/../../../../arm-none-eabi/lib/armv7e-m/fpu\libg.a(lib_a-lcltime.o)
                              ..\obj\tm_stm32f4_ethernet.o (localtime)
d:/gnu tools arm embedded/5.2 2015q4/bin/../lib/gcc/arm-none-eabi/5.2.1/../../../../arm-none-eabi/lib/armv7e-m/fpu\libg.a(lib_a-lcltime_r.o)
                              d:/gnu tools arm embedded/5.2 2015q4/bin/../lib/gcc/arm-none-eabi/5.2.1/../../../../arm-none-eabi/lib/armv7e-m/fpu\libg.a(lib_a-lcltime.o) (localtime_r)
d:/gnu tools arm embedded/5.2 2015q4/bin/../lib/gcc/arm-none-eabi/5.2.1/../../../../arm-none-eabi/lib/armv7e-m/fpu\libg.a(lib_a-malloc.o)
                              ..\obj\tm_stm32f4_fatfs.o (malloc)
d:/gnu tools arm embedded/5.2 2015q4/bin/../lib/gcc/arm-none-eabi/5.2.1/../../../../arm-none-eabi/lib/armv7e-m/fpu\libg.a(lib_a-mallocr.o)
                              d:/gnu tools arm embedded/5.2 2015q4/bin/../lib/gcc/arm-none-eabi/5.2.1/../../../../arm-none-eabi/lib/armv7e-m/fpu\libg.a(lib_a-malloc.o) (_malloc_r)
d:/gnu tools arm embedded/5.2 2015q4/bin/../lib/gcc/arm-none-eabi/5.2.1/../../../../arm-none-eabi/lib/armv7e-m/fpu\libg.a(lib_a-memcmp.o)
                              ..\obj\etharp.o (memcmp)
d:/gnu tools arm embedded/5.2 2015q4/bin/../lib/gcc/arm-none-eabi/5.2.1/../../../../arm-none-eabi/lib/armv7e-m/fpu\libg.a(lib_a-memcpy.o)
                              ..\obj\fs.o (memcpy)
d:/gnu tools arm embedded/5.2 2015q4/bin/../lib/gcc/arm-none-eabi/5.2.1/../../../../arm-none-eabi/lib/armv7e-m/fpu\libg.a(lib_a-memset.o)
                              ..\obj\mem.o (memset)
d:/gnu tools arm embedded/5.2 2015q4/bin/../lib/gcc/arm-none-eabi/5.2.1/../../../../arm-none-eabi/lib/armv7e-m/fpu\libg.a(lib_a-mlock.o)
                              d:/gnu tools arm embedded/5.2 2015q4/bin/../lib/gcc/arm-none-eabi/5.2.1/../../../../arm-none-eabi/lib/armv7e-m/fpu\libg.a(lib_a-mallocr.o) (__malloc_lock)
d:/gnu tools arm embedded/5.2 2015q4/bin/../lib/gcc/arm-none-eabi/5.2.1/../../../../arm-none-eabi/lib/armv7e-m/fpu\libg.a(lib_a-month_lengths.o)
                              d:/gnu tools arm embedded/5.2 2015q4/bin/../lib/gcc/arm-none-eabi/5.2.1/../../../../arm-none-eabi/lib/armv7e-m/fpu\libg.a(lib_a-lcltime_r.o) (__month_lengths)
d:/gnu tools arm embedded/5.2 2015q4/bin/../lib/gcc/arm-none-eabi/5.2.1/../../../../arm-none-eabi/lib/armv7e-m/fpu\libg.a(lib_a-printf.o)
                              ..\obj\tm_stm32f4_ethernet.o (printf)
d:/gnu tools arm embedded/5.2 2015q4/bin/../lib/gcc/arm-none-eabi/5.2.1/../../../../arm-none-eabi/lib/armv7e-m/fpu\libg.a(lib_a-putchar.o)
                              ..\obj\main.o (putchar)
d:/gnu tools arm embedded/5.2 2015q4/bin/../lib/gcc/arm-none-eabi/5.2.1/../../../../arm-none-eabi/lib/armv7e-m/fpu\libg.a(lib_a-puts.o)
                              ..\obj\tm_stm32f4_ethernet.o (puts)
[...]
Memory Configuration

Name             Origin             Length             Attributes
rom              0x08000000         0x00100000         xr
ram              0x20000000         0x00020000         xrw
ram1             0x10000000         0x00010000         xrw
*default*        0x00000000         0xffffffff

Linker script and memory map

                0x20020000                _eram = 0x20020000

.text           0x08000000    0x1fa92
 *(.isr_vector)
 .isr_vector    0x08000000      0x1ac ..\obj\startup_stm32f4xx.o
                0x08000000                g_pfnVectors
 *(.text*)
 .text.TM_FATFS_CheckCardDetectPin
                0x080001ac        0x4 ..\obj\tm_stm32f4_fatfs.o
                0x080001ac                TM_FATFS_CheckCardDetectPin
 .text.SYSCFG_EXTILineConfig
                0x080001b0       0x30 ..\obj\stm32f4xx_syscfg.o
                0x080001b0                SYSCFG_EXTILineConfig
 .text.SYSCFG_ETH_MediaInterfaceConfig
                0x080001e0        0xc ..\obj\stm32f4xx_syscfg.o
                0x080001e0                SYSCFG_ETH_MediaInterfaceConfig
 .text.mem_init
                0x080001ec       0x34 ..\obj\mem.o
                0x080001ec                mem_init
 .text.mem_free
                0x08000220       0x8c ..\obj\mem.o
                0x08000220                mem_free
 .text.mem_trim
                0x080002ac       0xc8 ..\obj\mem.o
                0x080002ac                mem_trim
 .text.mem_malloc
                0x08000374       0xc8 ..\obj\mem.o
                0x08000374                mem_malloc
 .text.spi_transfer
                0x0800043c       0x54 ..\obj\spi.o
                0x0800043c                spi_transfer
 .text.mySPI_Init
                0x08000490      0x10c ..\obj\spi.o
                0x08000490                mySPI_Init
 .text.SysTick_Init
                0x0800059c       0x3c ..\obj\delay.o
                0x0800059c                SysTick_Init
 .text.TimeTick_Decrement
                0x080005d8       0x14 ..\obj\delay.o
                0x080005d8                TimeTick_Decrement
 .text.delay_1ms
                0x080005ec       0x18 ..\obj\delay.o
                0x080005ec                delay_1ms
 .text.delay_ms
                0x08000604       0x10 ..\obj\delay.o
                0x08000604                delay_ms
 .text.delay_200ns
                0x08000614       0x10 ..\obj\delay.o
                0x08000614                delay_200ns
 .text.SDIO_DeInit
                0x08000624       0x18 ..\obj\stm32f4xx_sdio.o
                0x08000624                SDIO_DeInit
 .text.SDIO_Init
                0x0800063c       0x34 ..\obj\stm32f4xx_sdio.o
                0x0800063c                SDIO_Init
 .text.SDIO_ClockCmd
                0x08000670        0xc ..\obj\stm32f4xx_sdio.o
                0x08000670                SDIO_ClockCmd
 .text.SDIO_SetPowerState
                0x0800067c        0xc ..\obj\stm32f4xx_sdio.o
                0x0800067c                SDIO_SetPowerState
 .text.SDIO_GetPowerState
                0x08000688       0x10 ..\obj\stm32f4xx_sdio.o
                0x08000688                SDIO_GetPowerState
 .text.SDIO_SendCommand
                0x08000698       0x30 ..\obj\stm32f4xx_sdio.o
                0x08000698                SDIO_SendCommand
 .text.SDIO_GetCommandResponse
                0x080006c8        0xc ..\obj\stm32f4xx_sdio.o
                0x080006c8                SDIO_GetCommandResponse
 .text.SDIO_GetResponse
                0x080006d4       0x18 ..\obj\stm32f4xx_sdio.o
                0x080006d4                SDIO_GetResponse
 .text.SDIO_DataConfig
                0x080006ec       0x30 ..\obj\stm32f4xx_sdio.o
                0x080006ec                SDIO_DataConfig
 .text.SDIO_ReadData
                0x0800071c        0xc ..\obj\stm32f4xx_sdio.o
                0x0800071c                SDIO_ReadData
 .text.SDIO_DMACmd
                0x08000728        0xc ..\obj\stm32f4xx_sdio.o
                0x08000728                SDIO_DMACmd
 .text.SDIO_GetFlagStatus
                0x08000734       0x14 ..\obj\stm32f4xx_sdio.o
                0x08000734                SDIO_GetFlagStatus
 .text.SDIO_GetITStatus
                0x08000748       0x14 ..\obj\stm32f4xx_sdio.o
                0x08000748                SDIO_GetITStatus
 .text.SDIO_ClearITPendingBit
                0x0800075c        0xc ..\obj\stm32f4xx_sdio.o
                0x0800075c                SDIO_ClearITPendingBit
 .text.TM_DS18B20_StartAll
                0x08000768       0x1c ..\obj\tm_stm32f4_ds18b20.o
                0x08000768                TM_DS18B20_StartAll
 .text.TM_DS18B20_Read
                0x08000784      0x114 ..\obj\tm_stm32f4_ds18b20.o
                0x08000784                TM_DS18B20_Read
 .text.TM_DS18B20_SetResolution
                0x08000898       0xc8 ..\obj\tm_stm32f4_ds18b20.o
                0x08000898                TM_DS18B20_SetResolution
 .text.TM_DS18B20_AllDone
                0x08000960        0x8 ..\obj\tm_stm32f4_ds18b20.o
                0x08000960                TM_DS18B20_AllDone
 .text.tcp_accept_null
                0x08000968        0x8 ..\obj\tcp.o
 .text.tcp_new_port
                0x08000970       0x64 ..\obj\tcp.o
 .text.tcp_bind
                0x080009d4       0x84 ..\obj\tcp.o
                0x080009d4                tcp_bind
 .text.tcp_listen_with_backlog
                0x08000a58       0xb4 ..\obj\tcp.o
                0x08000a58                tcp_listen_with_backlog
 .text.tcp_update_rcv_ann_wnd
                0x08000b0c       0x3c ..\obj\tcp.o
                0x08000b0c                tcp_update_rcv_ann_wnd
 .text.tcp_recved
                0x08000b48       0x38 ..\obj\tcp.o
                0x08000b48                tcp_recved
 .text.tcp_seg_free
                0x08000b80       0x1c ..\obj\tcp.o
                0x08000b80                tcp_seg_free
 .text.tcp_segs_free
                0x08000b9c       0x18 ..\obj\tcp.o
                0x08000b9c                tcp_segs_free
 .text.tcp_setprio
                0x08000bb4        0x4 ..\obj\tcp.o
                0x08000bb4                tcp_setprio
 .text.tcp_arg  0x08000bb8        0x4 ..\obj\tcp.o
                0x08000bb8                tcp_arg
 .text.tcp_recv
                0x08000bbc        0x4 ..\obj\tcp.o
                0x08000bbc                tcp_recv
 .text.tcp_sent
                0x08000bc0        0x4 ..\obj\tcp.o
                0x08000bc0                tcp_sent
 .text.tcp_err  0x08000bc4        0x8 ..\obj\tcp.o
                0x08000bc4                tcp_err
 .text.tcp_accept
                0x08000bcc        0x4 ..\obj\tcp.o
                0x08000bcc                tcp_accept
 .text.tcp_poll
                0x08000bd0        0xc ..\obj\tcp.o
                0x08000bd0                tcp_poll
 .text.tcp_pcb_purge
                0x08000bdc       0x3c ..\obj\tcp.o
                0x08000bdc                tcp_pcb_purge
 .text.tcp_slowtmr
                0x08000c18      0x32c ..\obj\tcp.o
                0x08000c18                tcp_slowtmr
 .text.tcp_pcb_remove
                0x08000f44       0x70 ..\obj\tcp.o
                0x08000f44                tcp_pcb_remove
 .text.tcp_close_shutdown
                0x08000fb4      0x1bc ..\obj\tcp.o
 .text.tcp_close
                0x08001170       0x18 ..\obj\tcp.o
                0x08001170                tcp_close
 .text.tcp_recv_null
                0x08001188       0x28 ..\obj\tcp.o
                0x08001188                tcp_recv_null
 .text.tcp_process_refused_data
                0x080011b0       0x74 ..\obj\tcp.o
                0x080011b0                tcp_process_refused_data
 .text.tcp_fasttmr
                0x08001224       0x74 ..\obj\tcp.o
                0x08001224                tcp_fasttmr
 .text.tcp_tmr  0x08001298       0x20 ..\obj\tcp.o
                0x08001298                tcp_tmr
 .text.tcp_abandon
                0x080012b8       0x88 ..\obj\tcp.o
                0x080012b8                tcp_abandon
 .text.tcp_abort
                0x08001340        0xc ..\obj\tcp.o
                0x08001340                tcp_abort
 .text.tcp_next_iss
                0x0800134c       0x18 ..\obj\tcp.o
                0x0800134c                tcp_next_iss
 .text.tcp_alloc
                0x08001364      0x10c ..\obj\tcp.o
                0x08001364                tcp_alloc
 .text.tcp_new  0x08001470        0xc ..\obj\tcp.o
                0x08001470                tcp_new
 .text.tcp_eff_send_mss
                0x0800147c       0x20 ..\obj\tcp.o
                0x0800147c                tcp_eff_send_mss
 .text.tcp_connect
                0x0800149c      0x108 ..\obj\tcp.o
                0x0800149c                tcp_connect
 .text.tcp_parseopt
                0x080015a4       0x90 ..\obj\tcp_in.o
 .text.tcp_receive
                0x08001634      0x4d4 ..\obj\tcp_in.o
 .text.tcp_input
                0x08001b08      0x908 ..\obj\tcp_in.o
                0x08001b08                tcp_input
 .text.USART_DeInit
                0x08002410       0xfc ..\obj\stm32f4xx_usart.o
                0x08002410                USART_DeInit
 .text.USART_Init
                0x0800250c       0xc0 ..\obj\stm32f4xx_usart.o
                0x0800250c                USART_Init
 .text.PWR_BackupAccessCmd
                0x080025cc        0xc ..\obj\stm32f4xx_pwr.o
                0x080025cc                PWR_BackupAccessCmd
 .text.TM_WATCHDOG_Init
                0x080025d8       0xc8 ..\obj\tm_stm32f4_watchdog.o
                0x080025d8                TM_WATCHDOG_Init
 .text.memp_init
                0x080026a0       0x74 ..\obj\memp.o
                0x080026a0                memp_init
 .text.memp_malloc
                0x08002714       0x2c ..\obj\memp.o
                0x08002714                memp_malloc
 .text.memp_free
                0x08002740       0x18 ..\obj\memp.o
                0x08002740                memp_free
 .text.ip_reass_free_complete_datagram
                0x08002758       0x98 ..\obj\ip_frag.o
 .text.ip_reass_remove_oldest_datagram
                0x080027f0       0x70 ..\obj\ip_frag.o
 .text.ipfrag_free_pbuf_custom
                0x08002860       0x18 ..\obj\ip_frag.o
 .text.ip_reass
                0x08002878      0x330 ..\obj\ip_frag.o
                0x08002878                ip_reass
 .text.ip_frag  0x08002ba8      0x1a8 ..\obj\ip_frag.o
                0x08002ba8                ip_frag
 .text.TM_DISCO_LedInit
                0x08002d50       0x28 ..\obj\tm_stm32f4_disco.o
                0x08002d50                TM_DISCO_LedInit
 .text.TM_DISCO_ButtonInit
                0x08002d78       0x20 ..\obj\tm_stm32f4_disco.o
                0x08002d78                TM_DISCO_ButtonInit
 .text.fs_open  0x08002d98      0x114 ..\obj\fs.o
                0x08002d98                fs_open
 .text.fs_close
                0x08002eac       0x4c ..\obj\fs.o
                0x08002eac                fs_close
 .text.fs_read  0x08002ef8       0x44 ..\obj\fs.o
                0x08002ef8                fs_read
 .text.fs_bytes_left
                0x08002f3c        0x8 ..\obj\fs.o
                0x08002f3c                fs_bytes_left
 .text.TM_FATFS_USB_disk_initialize
                0x08002f44        0x4 ..\obj\diskio.o
                0x08002f44                TM_FATFS_USB_disk_initialize
 .text.TM_FATFS_SDRAM_disk_initialize
                0x08002f48        0x4 ..\obj\diskio.o
                0x08002f48                TM_FATFS_SDRAM_disk_initialize
 .text.TM_FATFS_SPI_FLASH_disk_initialize
                0x08002f4c        0x4 ..\obj\diskio.o
                0x08002f4c                TM_FATFS_SPI_FLASH_disk_initialize
 .text.TM_FATFS_USB_disk_status
                0x08002f50        0x4 ..\obj\diskio.o
                0x08002f50                TM_FATFS_USB_disk_status
 .text.TM_FATFS_SDRAM_disk_status
                0x08002f54        0x4 ..\obj\diskio.o
                0x08002f54                TM_FATFS_SDRAM_disk_status
 .text.TM_FATFS_SPI_FLASH_disk_status
                0x08002f58        0x4 ..\obj\diskio.o
                0x08002f58                TM_FATFS_SPI_FLASH_disk_status
 .text.TM_FATFS_USB_disk_ioctl
                0x08002f5c        0x4 ..\obj\diskio.o
                0x08002f5c                TM_FATFS_USB_disk_ioctl
 .text.TM_FATFS_SDRAM_disk_ioctl
                0x08002f60        0x4 ..\obj\diskio.o
                0x08002f60                TM_FATFS_SDRAM_disk_ioctl
 .text.TM_FATFS_SPI_FLASH_disk_ioctl
                0x08002f64        0x4 ..\obj\diskio.o
                0x08002f64                TM_FATFS_SPI_FLASH_disk_ioctl
 .text.TM_FATFS_USB_disk_read
                0x08002f68        0x4 ..\obj\diskio.o
                0x08002f68                TM_FATFS_USB_disk_read
 .text.TM_FATFS_SDRAM_disk_read
                0x08002f6c        0x4 ..\obj\diskio.o
                0x08002f6c                TM_FATFS_SDRAM_disk_read
 .text.TM_FATFS_SPI_FLASH_disk_read
                0x08002f70        0x4 ..\obj\diskio.o
                0x08002f70                TM_FATFS_SPI_FLASH_disk_read
 .text.TM_FATFS_USB_disk_write
                0x08002f74        0x4 ..\obj\diskio.o
                0x08002f74                TM_FATFS_USB_disk_write
 .text.TM_FATFS_SDRAM_disk_write
                0x08002f78        0x4 ..\obj\diskio.o
                0x08002f78                TM_FATFS_SDRAM_disk_write
 .text.TM_FATFS_SPI_FLASH_disk_write
                0x08002f7c        0x4 ..\obj\diskio.o
                0x08002f7c                TM_FATFS_SPI_FLASH_disk_write
 .text.disk_initialize
                0x08002f80       0x1c ..\obj\diskio.o
                0x08002f80                disk_initialize
 .text.disk_status
                0x08002f9c       0x1c ..\obj\diskio.o
                0x08002f9c                disk_status
 .text.disk_read
                0x08002fb8       0x30 ..\obj\diskio.o
                0x08002fb8                disk_read
 .text.disk_write
                0x08002fe8       0x30 ..\obj\diskio.o
                0x08002fe8                disk_write
 .text.disk_ioctl
                0x08003018       0x20 ..\obj\diskio.o
                0x08003018                disk_ioctl
 .text.get_fattime
                0x08003038        0x8 ..\obj\diskio.o
                0x08003038                get_fattime
 .text.Default_Handler
                0x08003040        0x4 ..\obj\startup_stm32f4xx.o
                0x08003040                HASH_RNG_IRQHandler
                0x08003040                EXTI2_IRQHandler
                0x08003040                TIM8_CC_IRQHandler
                0x08003040                DebugMon_Handler
                0x08003040                UART8_IRQHandler
                0x08003040                SPI4_IRQHandler
                0x08003040                TIM1_CC_IRQHandler
                0x08003040                DMA2_Stream5_IRQHandler
                0x08003040                HardFault_Handler
                0x08003040                DMA1_Stream5_IRQHandler
                0x08003040                PVD_IRQHandler
                0x08003040                TAMP_STAMP_IRQHandler
                0x08003040                PendSV_Handler
                0x08003040                NMI_Handler
                0x08003040                CAN2_RX1_IRQHandler
                0x08003040                TIM8_TRG_COM_TIM14_IRQHandler
                0x08003040                TIM1_UP_TIM10_IRQHandler
                0x08003040                TIM8_UP_TIM13_IRQHandler
                0x08003040                I2C3_ER_IRQHandler
                0x08003040                I2C2_EV_IRQHandler
                0x08003040                DMA1_Stream2_IRQHandler
                0x08003040                CAN1_RX0_IRQHandler
                0x08003040                FPU_IRQHandler
                0x08003040                OTG_HS_WKUP_IRQHandler
                0x08003040                UsageFault_Handler
                0x08003040                LTDC_ER_IRQHandler
                0x08003040                CAN2_SCE_IRQHandler
                0x08003040                DMA2_Stream2_IRQHandler
                0x08003040                SPI1_IRQHandler
                0x08003040                TIM6_DAC_IRQHandler
                0x08003040                TIM1_BRK_TIM9_IRQHandler
                0x08003040                DCMI_IRQHandler
                0x08003040                CAN2_RX0_IRQHandler
                0x08003040                CRYP_IRQHandler
                0x08003040                CAN1_RX1_IRQHandler
                0x08003040                DMA2_Stream0_IRQHandler
                0x08003040                TIM4_IRQHandler
                0x08003040                I2C1_EV_IRQHandler
                0x08003040                DMA1_Stream6_IRQHandler
                0x08003040                DMA1_Stream1_IRQHandler
                0x08003040                TIM3_IRQHandler
                0x08003040                RCC_IRQHandler
                0x08003040                TIM8_BRK_TIM12_IRQHandler
                0x08003040                EXTI15_10_IRQHandler
                0x08003040                ADC_IRQHandler
                0x08003040                DMA1_Stream7_IRQHandler
                0x08003040                SPI5_IRQHandler
                0x08003040                TIM7_IRQHandler
                0x08003040                CAN2_TX_IRQHandler
                0x08003040                TIM5_IRQHandler
                0x08003040                DMA2_Stream7_IRQHandler
                0x08003040                I2C3_EV_IRQHandler
                0x08003040                EXTI9_5_IRQHandler
                0x08003040                LTDC_IRQHandler
                0x08003040                ETH_WKUP_IRQHandler
                0x08003040                SPI2_IRQHandler
                0x08003040                OTG_HS_EP1_IN_IRQHandler
                0x08003040                MemManage_Handler
                0x08003040                DMA1_Stream0_IRQHandler
                0x08003040                CAN1_TX_IRQHandler
                0x08003040                SVC_Handler
                0x08003040                EXTI4_IRQHandler
                0x08003040                ETH_IRQHandler
                0x08003040                OTG_HS_EP1_OUT_IRQHandler
                0x08003040                WWDG_IRQHandler
                0x08003040                SPI6_IRQHandler
                0x08003040                TIM2_IRQHandler
                0x08003040                OTG_FS_WKUP_IRQHandler
                0x08003040                TIM1_TRG_COM_TIM11_IRQHandler
                0x08003040                OTG_HS_IRQHandler
                0x08003040                DMA2D_IRQHandler
                0x08003040                EXTI1_IRQHandler
                0x08003040                UART7_IRQHandler
                0x08003040                I2C2_ER_IRQHandler
                0x08003040                DMA2_Stream1_IRQHandler
                0x08003040                CAN1_SCE_IRQHandler
                0x08003040                FLASH_IRQHandler
                0x08003040                DMA2_Stream4_IRQHandler
                0x08003040                BusFault_Handler
                0x08003040                OTG_FS_IRQHandler
                0x08003040                SPI3_IRQHandler
                0x08003040                DMA1_Stream4_IRQHandler
                0x08003040                I2C1_ER_IRQHandler
                0x08003040                FMC_IRQHandler
                0x08003040                DMA2_Stream6_IRQHandler
                0x08003040                SAI1_IRQHandler
                0x08003040                DMA1_Stream3_IRQHandler
 .text.Default_Reset_Handler
                0x08003044       0x60 ..\obj\startup_stm32f4xx.o
                0x08003044                Default_Reset_Handler
                0x08003044                Reset_Handler
 .text.ETH_DeInit
                0x080030a4       0x18 ..\obj\stm32f4x7_eth.o
                0x080030a4                ETH_DeInit
 .text.ETH_StructInit
                0x080030bc       0xa8 ..\obj\stm32f4x7_eth.o
                0x080030bc                ETH_StructInit
 .text.ETH_MACTransmissionCmd
                0x08003164       0x64 ..\obj\stm32f4x7_eth.o
                0x08003164                ETH_MACTransmissionCmd
 .text.ETH_MACReceptionCmd
                0x080031c8       0x64 ..\obj\stm32f4x7_eth.o
                0x080031c8                ETH_MACReceptionCmd
 .text.ETH_MACAddressConfig
                0x0800322c       0x30 ..\obj\stm32f4x7_eth.o
                0x0800322c                ETH_MACAddressConfig
 .text.ETH_Get_Received_Frame
                0x0800325c       0x30 ..\obj\stm32f4x7_eth.o
                0x0800325c                ETH_Get_Received_Frame
 .text.ETH_Prepare_Transmit_Descriptors
                0x0800328c       0xf0 ..\obj\stm32f4x7_eth.o
                0x0800328c                ETH_Prepare_Transmit_Descriptors
 .text.ETH_DMARxDescChainInit
                0x0800337c       0x60 ..\obj\stm32f4x7_eth.o
                0x0800337c                ETH_DMARxDescChainInit
 .text.ETH_CheckFrameReceived
                0x080033dc       0x9c ..\obj\stm32f4x7_eth.o
                0x080033dc                ETH_CheckFrameReceived
 .text.ETH_DMATxDescChainInit
                0x08003478       0x48 ..\obj\stm32f4x7_eth.o
                0x08003478                ETH_DMATxDescChainInit
 .text.ETH_DMATxDescChecksumInsertionConfig
                0x080034c0        0x8 ..\obj\stm32f4x7_eth.o
                0x080034c0                ETH_DMATxDescChecksumInsertionConfig
 .text.ETH_SoftwareReset
                0x080034c8       0x10 ..\obj\stm32f4x7_eth.o
                0x080034c8                ETH_SoftwareReset
 .text.ETH_GetSoftwareResetStatus
                0x080034d8       0x10 ..\obj\stm32f4x7_eth.o
                0x080034d8                ETH_GetSoftwareResetStatus
 .text.ETH_FlushTransmitFIFO
                0x080034e8       0x5c ..\obj\stm32f4x7_eth.o
                0x080034e8                ETH_FlushTransmitFIFO
 .text.ETH_DMATransmissionCmd
                0x08003544       0x28 ..\obj\stm32f4x7_eth.o
                0x08003544                ETH_DMATransmissionCmd
 .text.ETH_DMAReceptionCmd
                0x0800356c       0x28 ..\obj\stm32f4x7_eth.o
                0x0800356c                ETH_DMAReceptionCmd
 .text.ETH_Start
                0x08003594       0x20 ..\obj\stm32f4x7_eth.o
                0x08003594                ETH_Start
 .text.ETH_Stop
                0x080035b4       0x20 ..\obj\stm32f4x7_eth.o
                0x080035b4                ETH_Stop
 .text.ETH_ReadPHYRegister
                0x080035d4       0x58 ..\obj\stm32f4x7_eth.o
                0x080035d4                ETH_ReadPHYRegister
 .text.ETH_WritePHYRegister
                0x0800362c       0x5c ..\obj\stm32f4x7_eth.o
                0x0800362c                ETH_WritePHYRegister
 .text.ETH_Init
                0x08003688      0x3ec ..\obj\stm32f4x7_eth.o
                0x08003688                ETH_Init
 .text.ip4_addr_isbroadcast
                0x08003a74       0x40 ..\obj\ip_addr.o
                0x08003a74                ip4_addr_isbroadcast
 .text.ipaddr_aton
                0x08003ab4      0x140 ..\obj\ip_addr.o
                0x08003ab4                ipaddr_aton
 .text.ipaddr_addr
                0x08003bf4       0x1c ..\obj\ip_addr.o
                0x08003bf4                ipaddr_addr
 .text.TM_ETHERNET_Init
                0x08003c10      0x110 ..\obj\tm_stm32f4_ethernet.o
                0x08003c10                TM_ETHERNET_Init
 .text.TM_ETHERNETSERVER_Enable
                0x08003d20       0x50 ..\obj\tm_stm32f4_ethernet.o
                0x08003d20                TM_ETHERNETSERVER_Enable
 .text.TM_ETHERNET_Update
                0x08003d70       0x1c ..\obj\tm_stm32f4_ethernet.o
                0x08003d70                TM_ETHERNET_Update
 .text.TM_ETHERNET_TimeUpdate
                0x08003d8c       0x10 ..\obj\tm_stm32f4_ethernet.o
                0x08003d8c                TM_ETHERNET_TimeUpdate
 .text.TM_ETHERNET_TestReady
                0x08003d9c       0x1c ..\obj\tm_stm32f4_ethernet.o
                0x08003d9c                TM_ETHERNET_TestReady
 .text.TM_ETHERNETSERVER_SetSSITags
                0x08003db8       0x28 ..\obj\tm_stm32f4_ethernet.o
                0x08003db8                TM_ETHERNETSERVER_SetSSITags
 .text.TM_ETHERNETSERVER_SetCGIHandlers
                0x08003de0       0x20 ..\obj\tm_stm32f4_ethernet.o
                0x08003de0                TM_ETHERNETSERVER_SetCGIHandlers
 .text.TM_ETHERNET_SystemResetCallback
                0x08003e00        0x4 ..\obj\tm_stm32f4_ethernet.o
                0x08003e00                TM_ETHERNET_SystemResetCallback
 .text.TM_ETHERNETCLIENT_Connect
                0x08003e04       0x68 ..\obj\tm_stm32f4_ethernet.o
                0x08003e04                TM_ETHERNETCLIENT_Connect
 .text.TM_ETHERNETCLIENT_CreateHeadersCallback
                0x08003e6c       0xd4 ..\obj\tm_stm32f4_ethernet.o
                0x08003e6c                TM_ETHERNETCLIENT_CreateHeadersCallback
 .text.TM_ETHERNETCLIENT_ConnectionStartedCallback
                0x08003f40        0x4 ..\obj\tm_stm32f4_ethernet.o
                0x08003f40                TM_ETHERNETCLIENT_ConnectionStartedCallback
 .text.TM_ETHERNETCLIENT_ConnectedCallback
                0x08003f44        0x4 ..\obj\tm_stm32f4_ethernet.o
                0x08003f44                TM_ETHERNETCLIENT_ConnectedCallback
 .text.TM_ETHERNETCLIENT_ConnectionClosedCallback
                0x08003f48        0x4 ..\obj\tm_stm32f4_ethernet.o
                0x08003f48                TM_ETHERNETCLIENT_ConnectionClosedCallback
 .text.TM_ETHERNETCLIENT_ErrorCallback
                0x08003f4c        0x4 ..\obj\tm_stm32f4_ethernet.o
                0x08003f4c                TM_ETHERNETCLIENT_ErrorCallback
 .text.TM_ETHERNETCLIENT_ReceiveDataCallback
                0x08003f50      0x120 ..\obj\tm_stm32f4_ethernet.o
                0x08003f50                TM_ETHERNETCLIENT_ReceiveDataCallback
 .text.TM_ETHERNETSERVER_PostRequestBeginCallback
                0x08004070        0x4 ..\obj\tm_stm32f4_ethernet.o
                0x08004070                TM_ETHERNETSERVER_PostRequestBeginCallback
 .text.TM_ETHERNETSERVER_PostRequestReceiveDataCallback
                0x08004074        0x4 ..\obj\tm_stm32f4_ethernet.o
                0x08004074                TM_ETHERNETSERVER_PostRequestReceiveDataCallback
 .text.TM_ETHERNETSERVER_PostRequestEndCallback
                0x08004078        0x4 ..\obj\tm_stm32f4_ethernet.o
                0x08004078                TM_ETHERNETSERVER_PostRequestEndCallback
 .text.TM_ETHERNETDNS_FoundCallback
                0x0800407c        0x4 ..\obj\tm_stm32f4_ethernet.o
                0x0800407c                TM_ETHERNETDNS_FoundCallback
 .text.TM_ETHERNETDNS_ErrorCallback
                0x08004080        0x4 ..\obj\tm_stm32f4_ethernet.o
                0x08004080                TM_ETHERNETDNS_ErrorCallback
 .text.TM_ETHERNETDNS_GetHostByName
                0x08004084       0x6c ..\obj\tm_stm32f4_ethernet.o
                0x08004084                TM_ETHERNETDNS_GetHostByName
 .text.TM_ETHERNET_INT_DNSFoundCallback
                0x080040f0       0x34 ..\obj\tm_stm32f4_ethernet.o
                0x080040f0                TM_ETHERNET_INT_DNSFoundCallback
 .text.TM_ETHERNETPHY_CustomOptions
                0x08004124        0x4 ..\obj\tm_stm32f4_ethernet.o
                0x08004124                TM_ETHERNETPHY_CustomOptions
 .text.TM_ETHERNET_InitPinsCallback
                0x08004128        0x4 ..\obj\tm_stm32f4_ethernet.o
                0x08004128                TM_ETHERNET_InitPinsCallback
 .text.TM_ETHERNET_INT_CustomOptions
                0x0800412c        0x8 ..\obj\tm_stm32f4_ethernet.o
                0x0800412c                TM_ETHERNET_INT_CustomOptions
 .text.TM_ETHERNET_INT_SetIPAddress
                0x08004134       0x30 ..\obj\tm_stm32f4_ethernet.o
                0x08004134                TM_ETHERNET_INT_SetIPAddress
 .text.TM_ETHERNET_INT_LinkIsUpCallback
                0x08004164       0x1c ..\obj\tm_stm32f4_ethernet.o
                0x08004164                TM_ETHERNET_INT_LinkIsUpCallback
 .text.TM_ETHERNET_INT_LinkIsDownCallback
                0x08004180       0x18 ..\obj\tm_stm32f4_ethernet.o
                0x08004180                TM_ETHERNET_INT_LinkIsDownCallback
 .text.lwip_standard_chksum
                0x08004198       0x74 ..\obj\inet_chksum.o
 .text.inet_chksum
                0x0800420c        0xc ..\obj\inet_chksum.o
                0x0800420c                inet_chksum
 .text.inet_chksum_pbuf
                0x08004218       0x50 ..\obj\inet_chksum.o
                0x08004218                inet_chksum_pbuf
 .text.LEDS_CGI_Handler
                0x08004268      0x108 ..\obj\main.o
                0x08004268                LEDS_CGI_Handler
 .text.TEMP_CGI_Handler
                0x08004370      0x108 ..\obj\main.o
                0x08004370                TEMP_CGI_Handler
 .text.main     0x08004478      0x398 ..\obj\main.o
                0x08004478                main
 .text.TM_DELAY_1msHandler
                0x08004810        0xc ..\obj\main.o
                0x08004810                TM_DELAY_1msHandler
 .text.TM_ETHERNETSERVER_SSICallback
                0x0800481c      0x308 ..\obj\main.o
                0x0800481c                TM_ETHERNETSERVER_SSICallback
 .text.TM_ETHERNET_IPIsSetCallback
                0x08004b24       0x9c ..\obj\main.o
                0x08004b24                TM_ETHERNET_IPIsSetCallback
 .text.TM_ETHERNET_LinkIsDownCallback
                0x08004bc0       0x10 ..\obj\main.o
                0x08004bc0                TM_ETHERNET_LinkIsDownCallback
 .text.TM_ETHERNET_LinkIsUpCallback
                0x08004bd0       0x10 ..\obj\main.o
                0x08004bd0                TM_ETHERNET_LinkIsUpCallback
 .text.TM_ETHERNETSERVER_OpenFileCallback
                0x08004be0       0xbc ..\obj\main.o
                0x08004be0                TM_ETHERNETSERVER_OpenFileCallback
 .text.TM_ETHERNETSERVER_ReadFileCallback
                0x08004c9c       0x5c ..\obj\main.o
                0x08004c9c                TM_ETHERNETSERVER_ReadFileCallback
 .text.TM_ETHERNETSERVER_CloseFileCallback
                0x08004cf8       0x3c ..\obj\main.o
                0x08004cf8                TM_ETHERNETSERVER_CloseFileCallback
 .text.TM_ETHERNETSERVER_ClientConnectedCallback
                0x08004d34       0x2c ..\obj\main.o
                0x08004d34                TM_ETHERNETSERVER_ClientConnectedCallback
 .text.TM_ETHERNETSERVER_ClientDisconnectedCallback
                0x08004d60       0x10 ..\obj\main.o
                0x08004d60                TM_ETHERNETSERVER_ClientDisconnectedCallback
 .text.fputc    0x08004d70       0x38 ..\obj\main.o
                0x08004d70                fputc
 .text.RCC_LSEConfig
                0x08004da8       0x28 ..\obj\stm32f4xx_rcc.o
                0x08004da8                RCC_LSEConfig
 .text.RCC_LSICmd
                0x08004dd0        0xc ..\obj\stm32f4xx_rcc.o
                0x08004dd0                RCC_LSICmd
 .text.RCC_GetClocksFreq
                0x08004ddc       0xa4 ..\obj\stm32f4xx_rcc.o
                0x08004ddc                RCC_GetClocksFreq
 .text.RCC_RTCCLKConfig
                0x08004e80       0x30 ..\obj\stm32f4xx_rcc.o
                0x08004e80                RCC_RTCCLKConfig
 .text.RCC_RTCCLKCmd
                0x08004eb0        0xc ..\obj\stm32f4xx_rcc.o
                0x08004eb0                RCC_RTCCLKCmd
 .text.RCC_AHB1PeriphClockCmd
                0x08004ebc       0x1c ..\obj\stm32f4xx_rcc.o
                0x08004ebc                RCC_AHB1PeriphClockCmd
 .text.RCC_APB1PeriphClockCmd
                0x08004ed8       0x1c ..\obj\stm32f4xx_rcc.o
                0x08004ed8                RCC_APB1PeriphClockCmd
 .text.RCC_APB2PeriphClockCmd
                0x08004ef4       0x1c ..\obj\stm32f4xx_rcc.o
                0x08004ef4                RCC_APB2PeriphClockCmd
 .text.RCC_AHB1PeriphResetCmd
                0x08004f10       0x1c ..\obj\stm32f4xx_rcc.o
                0x08004f10                RCC_AHB1PeriphResetCmd
 .text.RCC_APB1PeriphResetCmd
                0x08004f2c       0x1c ..\obj\stm32f4xx_rcc.o
                0x08004f2c                RCC_APB1PeriphResetCmd
 .text.RCC_APB2PeriphResetCmd
                0x08004f48       0x1c ..\obj\stm32f4xx_rcc.o
                0x08004f48                RCC_APB2PeriphResetCmd
 .text.RCC_GetFlagStatus
                0x08004f64       0x28 ..\obj\stm32f4xx_rcc.o
                0x08004f64                RCC_GetFlagStatus
 .text.LwIP_Init
                0x08004f8c       0xd4 ..\obj\netconf.o
                0x08004f8c                LwIP_Init
 .text.LwIP_CheckFrameReceived
                0x08005060        0x8 ..\obj\netconf.o
                0x08005060                LwIP_CheckFrameReceived
 .text.LwIP_Pkt_Handle
                0x08005068       0x10 ..\obj\netconf.o
                0x08005068                LwIP_Pkt_Handle
 .text.LwIP_Periodic_Handle
                0x08005078       0x54 ..\obj\netconf.o
                0x08005078                LwIP_Periodic_Handle
 .text.tcp_timer_needed
                0x080050cc        0x4 ..\obj\timers.o
                0x080050cc                tcp_timer_needed
 .text.TM_USART_INT_InsertToBuffer
                0x080050d0       0x28 ..\obj\tm_stm32f4_usart.o
                0x080050d0                TM_USART_INT_InsertToBuffer
 .text.TM_USART_InitCustomPinsCallback
                0x080050f8        0x4 ..\obj\tm_stm32f4_usart.o
                0x080050f8                TM_USART_InitCustomPinsCallback
 .text.TM_USART_INT_GetUsart
                0x080050fc       0x60 ..\obj\tm_stm32f4_usart.o
                0x080050fc                TM_USART_INT_GetUsart
 .text.TM_USART_INT_GetSubPriority
                0x0800515c       0x44 ..\obj\tm_stm32f4_usart.o
                0x0800515c                TM_USART_INT_GetSubPriority
 .text.TM_USART1_InitPins
                0x080051a0       0x58 ..\obj\tm_stm32f4_usart.o
                0x080051a0                TM_USART1_InitPins
 .text.TM_USART2_InitPins
                0x080051f8       0x54 ..\obj\tm_stm32f4_usart.o
                0x080051f8                TM_USART2_InitPins
 .text.TM_USART3_InitPins
                0x0800524c       0x7c ..\obj\tm_stm32f4_usart.o
                0x0800524c                TM_USART3_InitPins
 .text.TM_UART4_InitPins
                0x080052c8       0x54 ..\obj\tm_stm32f4_usart.o
                0x080052c8                TM_UART4_InitPins
 .text.TM_UART5_InitPins
                0x0800531c       0x4c ..\obj\tm_stm32f4_usart.o
                0x0800531c                TM_UART5_InitPins
 .text.TM_USART6_InitPins
                0x08005368       0x58 ..\obj\tm_stm32f4_usart.o
                0x08005368                TM_USART6_InitPins
 .text.TM_USART_INT_Init
                0x080053c0      0x15c ..\obj\tm_stm32f4_usart.o
 .text.TM_USART_Init
                0x0800551c       0xd4 ..\obj\tm_stm32f4_usart.o
                0x0800551c                TM_USART_Init
 .text.USART1_IRQHandler
                0x080055f0       0x24 ..\obj\tm_stm32f4_usart.o
                0x080055f0                USART1_IRQHandler
 .text.USART2_IRQHandler
                0x08005614       0x24 ..\obj\tm_stm32f4_usart.o
                0x08005614                USART2_IRQHandler
 .text.USART3_IRQHandler
                0x08005638       0x24 ..\obj\tm_stm32f4_usart.o
                0x08005638                USART3_IRQHandler
 .text.UART4_IRQHandler
                0x0800565c       0x24 ..\obj\tm_stm32f4_usart.o
                0x0800565c                UART4_IRQHandler
 .text.UART5_IRQHandler
                0x08005680       0x24 ..\obj\tm_stm32f4_usart.o
                0x08005680                UART5_IRQHandler
 .text.USART6_IRQHandler
                0x080056a4       0x24 ..\obj\tm_stm32f4_usart.o
                0x080056a4                USART6_IRQHandler
 .text.ETH_BSP_Config
                0x080056c8      0x150 ..\obj\stm32f4x7_eth_bsp.o
                0x080056c8                ETH_BSP_Config
 .text.ETH_CheckLinkStatus
                0x08005818       0x4c ..\obj\stm32f4x7_eth_bsp.o
                0x08005818                ETH_CheckLinkStatus
 .text.ETH_EXTERN_GetSpeedAndDuplex
                0x08005864       0x68 ..\obj\stm32f4x7_eth_bsp.o
                0x08005864                ETH_EXTERN_GetSpeedAndDuplex
 .text.ETH_link_callback
                0x080058cc      0x130 ..\obj\stm32f4x7_eth_bsp.o
                0x080058cc                ETH_link_callback
 .text.lwip_htons
                0x080059fc        0xc ..\obj\def.o
                0x080059fc                lwip_htons
 .text.lwip_ntohs
                0x08005a08        0xc ..\obj\def.o
                0x08005a08                lwip_ntohs
 .text.lwip_htonl
                0x08005a14       0x18 ..\obj\def.o
                0x08005a14                lwip_htonl
 .text.lwip_ntohl
                0x08005a2c        0x8 ..\obj\def.o
                0x08005a2c                lwip_ntohl
 .text.low_level_output
                0x08005a34       0xe8 ..\obj\ethernetif.o
 .text.ethernetif_input
                0x08005b1c       0xf4 ..\obj\ethernetif.o
                0x08005b1c                ethernetif_input
 .text.ethernetif_init
                0x08005c10       0xac ..\obj\ethernetif.o
                0x08005c10                ethernetif_init
 .text.etharp_free_entry
                0x08005cbc       0x34 ..\obj\etharp.o
 .text.etharp_find_entry
                0x08005cf0      0x104 ..\obj\etharp.o
 .text.etharp_send_ip
                0x08005df4       0x24 ..\obj\etharp.o
 .text.etharp_tmr
                0x08005e18       0x3c ..\obj\etharp.o
                0x08005e18                etharp_tmr
 .text.etharp_cleanup_netif
                0x08005e54       0x28 ..\obj\etharp.o
                0x08005e54                etharp_cleanup_netif
 .text.etharp_request
                0x08005e7c       0x98 ..\obj\etharp.o
                0x08005e7c                etharp_request
 .text.etharp_output_to_arp_index
                0x08005f14       0x64 ..\obj\etharp.o
 .text.etharp_query
                0x08005f78      0x12c ..\obj\etharp.o
                0x08005f78                etharp_query
 .text.etharp_output
                0x080060a4      0x108 ..\obj\etharp.o
                0x080060a4                etharp_output
 .text.ethernet_input
                0x080061ac      0x20c ..\obj\etharp.o
                0x080061ac                ethernet_input
 .text.RFM69_setCSMA
                0x080063b8        0xc ..\obj\RFM69.o
                0x080063b8                RFM69_setCSMA
 .text.RFM69_reset
                0x080063c4       0x48 ..\obj\RFM69.o
                0x080063c4                RFM69_reset
 .text.chipSelect
                0x0800640c       0x18 ..\obj\RFM69.o
                0x0800640c                chipSelect
 .text.chipUnselect
                0x08006424       0x18 ..\obj\RFM69.o
                0x08006424                chipUnselect
 .text.readRegister
                0x0800643c       0x28 ..\obj\RFM69.o
                0x0800643c                readRegister
 .text.waitForModeReady
                0x08006464       0x24 ..\obj\RFM69.o
                0x08006464                waitForModeReady
 .text.RFM69_dumpRegisters
                0x08006488       0x24 ..\obj\RFM69.o
                0x08006488                RFM69_dumpRegisters
 .text.writeRegister
                0x080064ac       0x28 ..\obj\RFM69.o
                0x080064ac                writeRegister
 .text.setPASettings
                0x080064d4       0x80 ..\obj\RFM69.o
                0x080064d4                setPASettings
 .text.clearFIFO
                0x08006554        0xc ..\obj\RFM69.o
                0x08006554                clearFIFO
 .text.setHighPowerSettings
                0x08006560       0x30 ..\obj\RFM69.o
                0x08006560                setHighPowerSettings
 .text.setMode  0x08006590       0x64 ..\obj\RFM69.o
                0x08006590                setMode
 .text.RFM69_sleep
                0x080065f4        0xc ..\obj\RFM69.o
                0x080065f4                RFM69_sleep
 .text.RFM69_receive_non_block
                0x08006600       0x44 ..\obj\RFM69.o
                0x08006600                RFM69_receive_non_block
 .text.RFM69_setPowerDBm
                0x08006644       0xb4 ..\obj\RFM69.o
                0x08006644                RFM69_setPowerDBm
 .text.RFM69_setAESEncryption
                0x080066f8       0x58 ..\obj\RFM69.o
                0x080066f8                RFM69_setAESEncryption
 .text.ExtInt_Config
                0x08006750       0x70 ..\obj\RFM69.o
                0x08006750                ExtInt_Config
 .text.RFM69_init
                0x080067c0      0x21c ..\obj\RFM69.o
                0x080067c0                RFM69_init
 .text.EXTI3_IRQHandler
                0x080069dc       0x68 ..\obj\RFM69.o
                0x080069dc                EXTI3_IRQHandler
 .text.SysTick_Handler
                0x08006a44       0x68 ..\obj\tm_stm32f4_delay.o
                0x08006a44                SysTick_Handler
 .text.TM_DELAY_Init
                0x08006aac       0x64 ..\obj\tm_stm32f4_delay.o
                0x08006aac                TM_DELAY_Init
 .text.mstimer_get
                0x08006b10        0xc ..\obj\tm_stm32f4_delay.o
                0x08006b10                mstimer_get
 .text.http_write
                0x08006b1c       0x64 ..\obj\httpd.o
 .text.http_state_free
                0x08006b80       0x28 ..\obj\httpd.o
 .text.http_err
                0x08006ba8        0xc ..\obj\httpd.o
 .text.http_get_404_file
                0x08006bb4       0x3c ..\obj\httpd.o
 .text.strnstr  0x08006bf0       0x64 ..\obj\httpd.o
 .text.http_find_file
                0x08006c54      0x380 ..\obj\httpd.o
 .text.http_accept
                0x08006fd4       0x84 ..\obj\httpd.o
 .text.httpd_init
                0x08007058       0x60 ..\obj\httpd.o
                0x08007058                httpd_init
 .text.http_set_ssi_handler
                0x080070b8       0x10 ..\obj\httpd.o
                0x080070b8                http_set_ssi_handler
 .text.http_set_cgi_handlers
                0x080070c8        0xc ..\obj\httpd.o
                0x080070c8                http_set_cgi_handlers
 .text.httpd_post_begin
                0x080070d4       0x4c ..\obj\httpd.o
                0x080070d4                httpd_post_begin
 .text.httpd_post_receive_data
                0x08007120       0x3c ..\obj\httpd.o
                0x08007120                httpd_post_receive_data
 .text.httpd_post_finished
                0x0800715c       0x20 ..\obj\httpd.o
                0x0800715c                httpd_post_finished
 .text.http_close_conn
                0x0800717c       0x70 ..\obj\httpd.o
 .text.http_send_data
                0x080071ec      0x664 ..\obj\httpd.o
 .text.http_sent
                0x08007850       0x1c ..\obj\httpd.o
 .text.http_poll
                0x0800786c       0x3c ..\obj\httpd.o
 .text.http_post_rxpbuf
                0x080078a8       0x4c ..\obj\httpd.o
 .text.http_recv
                0x080078f4      0x354 ..\obj\httpd.o
 .text.TM_OneWire_Init
                0x08007c48       0x28 ..\obj\tm_stm32f4_onewire.o
                0x08007c48                TM_OneWire_Init
 .text.TM_OneWire_Reset
                0x08007c70       0xb4 ..\obj\tm_stm32f4_onewire.o
                0x08007c70                TM_OneWire_Reset
 .text.TM_OneWire_WriteBit
                0x08007d24       0xf8 ..\obj\tm_stm32f4_onewire.o
                0x08007d24                TM_OneWire_WriteBit
 .text.TM_OneWire_ReadBit
                0x08007e1c       0xb0 ..\obj\tm_stm32f4_onewire.o
                0x08007e1c                TM_OneWire_ReadBit
 .text.TM_OneWire_WriteByte
                0x08007ecc       0x20 ..\obj\tm_stm32f4_onewire.o
                0x08007ecc                TM_OneWire_WriteByte
 .text.TM_OneWire_ReadByte
                0x08007eec       0x24 ..\obj\tm_stm32f4_onewire.o
                0x08007eec                TM_OneWire_ReadByte
 .text.TM_OneWire_Search
                0x08007f10       0xec ..\obj\tm_stm32f4_onewire.o
                0x08007f10                TM_OneWire_Search
 .text.TM_OneWire_First
                0x08007ffc       0x14 ..\obj\tm_stm32f4_onewire.o
                0x08007ffc                TM_OneWire_First
 .text.TM_OneWire_Next
                0x08008010        0xc ..\obj\tm_stm32f4_onewire.o
                0x08008010                TM_OneWire_Next
 .text.TM_OneWire_SelectWithPointer
                0x0800801c       0x20 ..\obj\tm_stm32f4_onewire.o
                0x0800801c                TM_OneWire_SelectWithPointer
 .text.TM_OneWire_GetFullROM
                0x0800803c       0x18 ..\obj\tm_stm32f4_onewire.o
                0x0800803c                TM_OneWire_GetFullROM
 .text.TM_OneWire_CRC8
                0x08008054       0x38 ..\obj\tm_stm32f4_onewire.o
                0x08008054                TM_OneWire_CRC8
 .text.ff_memalloc
                0x0800808c        0x8 ..\obj\syscall.o
                0x0800808c                ff_memalloc
 .text.ff_memfree
                0x08008094        0x8 ..\obj\syscall.o
                0x08008094                ff_memfree
 .text.pbuf_alloced_custom
                0x0800809c       0x60 ..\obj\pbuf.o
                0x0800809c                pbuf_alloced_custom
 .text.pbuf_header
                0x080080fc       0x7c ..\obj\pbuf.o
                0x080080fc                pbuf_header
 .text.pbuf_free
                0x08008178       0x64 ..\obj\pbuf.o
                0x08008178                pbuf_free
 .text.pbuf_alloc
                0x080081dc      0x13c ..\obj\pbuf.o
                0x080081dc                pbuf_alloc
 .text.pbuf_realloc
                0x08008318       0x58 ..\obj\pbuf.o
                0x08008318                pbuf_realloc
 .text.pbuf_clen
                0x08008370       0x18 ..\obj\pbuf.o
                0x08008370                pbuf_clen
 .text.pbuf_ref
                0x08008388        0xc ..\obj\pbuf.o
                0x08008388                pbuf_ref
 .text.pbuf_cat
                0x08008394       0x34 ..\obj\pbuf.o
                0x08008394                pbuf_cat
 .text.pbuf_chain
                0x080083c8       0x10 ..\obj\pbuf.o
                0x080083c8                pbuf_chain
 .text.pbuf_copy
                0x080083d8       0xc4 ..\obj\pbuf.o
                0x080083d8                pbuf_copy
 .text.pbuf_copy_partial
                0x0800849c       0x78 ..\obj\pbuf.o
                0x0800849c                pbuf_copy_partial
 .text.pbuf_take
                0x08008514       0x54 ..\obj\pbuf.o
                0x08008514                pbuf_take
 .text.CmdResp2Error
                0x08008568       0x44 ..\obj\fatfs_sd_sdio.o
 .text.CmdResp1Error
                0x080085ac      0x124 ..\obj\fatfs_sd_sdio.o
 .text.FindSCR  0x080086d0      0x168 ..\obj\fatfs_sd_sdio.o
 .text.SDEnWideBus
                0x08008838       0xec ..\obj\fatfs_sd_sdio.o
 .text.TM_FATFS_SD_SDIO_disk_ioctl
                0x08008924       0x1c ..\obj\fatfs_sd_sdio.o
                0x08008924                TM_FATFS_SD_SDIO_disk_ioctl
 .text.SD_Detect
                0x08008940       0x20 ..\obj\fatfs_sd_sdio.o
                0x08008940                SD_Detect
 .text.TM_FATFS_SD_SDIO_disk_status
                0x08008960       0x24 ..\obj\fatfs_sd_sdio.o
                0x08008960                TM_FATFS_SD_SDIO_disk_status
 .text.SD_PowerON
                0x08008984      0x240 ..\obj\fatfs_sd_sdio.o
                0x08008984                SD_PowerON
 .text.SD_InitializeCards
                0x08008bc4      0x168 ..\obj\fatfs_sd_sdio.o
                0x08008bc4                SD_InitializeCards
 .text.SD_GetCardInfo
                0x08008d2c      0x28c ..\obj\fatfs_sd_sdio.o
                0x08008d2c                SD_GetCardInfo
 .text.SD_EnableWideBusOperation
                0x08008fb8       0x80 ..\obj\fatfs_sd_sdio.o
                0x08008fb8                SD_EnableWideBusOperation
 .text.SD_SelectDeselect
                0x08009038       0x2c ..\obj\fatfs_sd_sdio.o
                0x08009038                SD_SelectDeselect
 .text.SD_Init  0x08009064       0xac ..\obj\fatfs_sd_sdio.o
                0x08009064                SD_Init
 .text.SD_StopTransfer
                0x08009110       0x28 ..\obj\fatfs_sd_sdio.o
                0x08009110                SD_StopTransfer
 .text.SD_WaitReadOperation
                0x08009138       0xc0 ..\obj\fatfs_sd_sdio.o
                0x08009138                SD_WaitReadOperation
 .text.SD_WaitWriteOperation
                0x080091f8       0xa4 ..\obj\fatfs_sd_sdio.o
                0x080091f8                SD_WaitWriteOperation
 .text.SD_SendStatus
                0x0800929c       0x48 ..\obj\fatfs_sd_sdio.o
                0x0800929c                SD_SendStatus
 .text.SD_GetState
                0x080092e4       0x2c ..\obj\fatfs_sd_sdio.o
                0x080092e4                SD_GetState
 .text.SD_GetStatus
                0x08009310       0x18 ..\obj\fatfs_sd_sdio.o
                0x08009310                SD_GetStatus
 .text.SD_ProcessIRQSrc
                0x08009328       0xbc ..\obj\fatfs_sd_sdio.o
                0x08009328                SD_ProcessIRQSrc
 .text.SDIO_IRQHandler
                0x080093e4        0x8 ..\obj\fatfs_sd_sdio.o
                0x080093e4                SDIO_IRQHandler
 .text.SD_ProcessDMAIRQ
                0x080093ec       0x2c ..\obj\fatfs_sd_sdio.o
                0x080093ec                SD_ProcessDMAIRQ
 .text.DMA2_Stream3_IRQHandler
                0x08009418        0x8 ..\obj\fatfs_sd_sdio.o
                0x08009418                DMA2_Stream3_IRQHandler
 .text.SD_LowLevel_DeInit
                0x08009420       0x54 ..\obj\fatfs_sd_sdio.o
                0x08009420                SD_LowLevel_DeInit
 .text.SD_LowLevel_Init
                0x08009474       0x4c ..\obj\fatfs_sd_sdio.o
                0x08009474                SD_LowLevel_Init
 .text.TM_FATFS_SD_SDIO_disk_initialize
                0x080094c0       0x70 ..\obj\fatfs_sd_sdio.o
                0x080094c0                TM_FATFS_SD_SDIO_disk_initialize
 .text.SD_LowLevel_DMA_TxConfig
                0x08009530       0x8c ..\obj\fatfs_sd_sdio.o
                0x08009530                SD_LowLevel_DMA_TxConfig
 .text.SD_WriteMultiBlocks
                0x080095bc      0x128 ..\obj\fatfs_sd_sdio.o
                0x080095bc                SD_WriteMultiBlocks
 .text.TM_FATFS_SD_SDIO_disk_write
                0x080096e4       0x94 ..\obj\fatfs_sd_sdio.o
                0x080096e4                TM_FATFS_SD_SDIO_disk_write
 .text.SD_LowLevel_DMA_RxConfig
                0x08009778       0x94 ..\obj\fatfs_sd_sdio.o
                0x08009778                SD_LowLevel_DMA_RxConfig
 .text.SD_ReadMultiBlocks
                0x0800980c       0xc8 ..\obj\fatfs_sd_sdio.o
                0x0800980c                SD_ReadMultiBlocks
 .text.TM_FATFS_SD_SDIO_disk_read
                0x080098d4       0x94 ..\obj\fatfs_sd_sdio.o
                0x080098d4                TM_FATFS_SD_SDIO_disk_read
 .text.netif_set_ipaddr
                0x08009968       0x60 ..\obj\netif.o
                0x08009968                netif_set_ipaddr
 .text.netif_set_addr
                0x080099c8       0x24 ..\obj\netif.o
                0x080099c8                netif_set_addr
 .text.netif_add
                0x080099ec       0x4c ..\obj\netif.o
                0x080099ec                netif_add
 .text.netif_set_default
                0x08009a38        0xc ..\obj\netif.o
                0x08009a38                netif_set_default
 .text.netif_set_up
                0x08009a44       0x24 ..\obj\netif.o
                0x08009a44                netif_set_up
 .text.netif_set_down
                0x08009a68       0x20 ..\obj\netif.o
                0x08009a68                netif_set_down
 .text.netif_set_link_up
                0x08009a88       0x40 ..\obj\netif.o
                0x08009a88                netif_set_link_up
 .text.netif_set_link_down
                0x08009ac8       0x1c ..\obj\netif.o
                0x08009ac8                netif_set_link_down
 .text.netif_set_link_callback
                0x08009ae4        0x8 ..\obj\netif.o
                0x08009ae4                netif_set_link_callback
 .text.json_target_address
                0x08009aec       0x60 ..\obj\mjson.o
 .text.json_read_array
                0x08009b4c      0x244 ..\obj\mjson.o
                0x08009b4c                json_read_array
 .text.json_internal_read_object
                0x08009d90      0x670 ..\obj\mjson.o
 .text.json_read_object
                0x0800a400       0x14 ..\obj\mjson.o
                0x0800a400                json_read_object
 .text.json_error_string
                0x0800a414       0x30 ..\obj\mjson.o
                0x0800a414                json_error_string
 .text.getJSONPayload
                0x0800a444       0x1c ..\obj\mjson.o
                0x0800a444                getJSONPayload
 .text.GPIO_Init
                0x0800a460       0x90 ..\obj\stm32f4xx_gpio.o
                0x0800a460                GPIO_Init
 .text.GPIO_ReadInputDataBit
                0x0800a4f0        0xc ..\obj\stm32f4xx_gpio.o
                0x0800a4f0                GPIO_ReadInputDataBit
 .text.GPIO_SetBits
                0x0800a4fc        0x4 ..\obj\stm32f4xx_gpio.o
                0x0800a4fc                GPIO_SetBits
 .text.GPIO_ResetBits
                0x0800a500        0x4 ..\obj\stm32f4xx_gpio.o
                0x0800a500                GPIO_ResetBits
 .text.GPIO_PinAFConfig
                0x0800a504       0x28 ..\obj\stm32f4xx_gpio.o
                0x0800a504                GPIO_PinAFConfig
 .text.SystemInit
                0x0800a52c      0x100 ..\obj\system_stm32f4xx.o
                0x0800a52c                SystemInit
 .text._sbrk    0x0800a62c       0x20 ..\obj\syscalls.o
                0x0800a62c                _sbrk
 .text._close   0x0800a64c        0x8 ..\obj\syscalls.o
                0x0800a64c                _close
 .text._fstat   0x0800a654        0xc ..\obj\syscalls.o
                0x0800a654                _fstat
 .text._isatty  0x0800a660        0x4 ..\obj\syscalls.o
                0x0800a660                _isatty
 .text._lseek   0x0800a664        0x4 ..\obj\syscalls.o
                0x0800a664                _lseek
 .text._read    0x0800a668        0x4 ..\obj\syscalls.o
                0x0800a668                _read
 .text._write   0x0800a66c       0x30 ..\obj\syscalls.o
                0x0800a66c                _write
 .text.DMA_DeInit
                0x0800a69c      0x154 ..\obj\stm32f4xx_dma.o
                0x0800a69c                DMA_DeInit
 .text.DMA_Init
                0x0800a7f0       0x58 ..\obj\stm32f4xx_dma.o
                0x0800a7f0                DMA_Init
 .text.DMA_Cmd  0x0800a848       0x18 ..\obj\stm32f4xx_dma.o
                0x0800a848                DMA_Cmd
 .text.DMA_FlowControllerConfig
                0x0800a860       0x18 ..\obj\stm32f4xx_dma.o
                0x0800a860                DMA_FlowControllerConfig
 .text.DMA_ClearFlag
                0x0800a878       0x34 ..\obj\stm32f4xx_dma.o
                0x0800a878                DMA_ClearFlag
 .text.DMA_ITConfig
                0x0800a8ac       0x44 ..\obj\stm32f4xx_dma.o
                0x0800a8ac                DMA_ITConfig
 .text.tcp_client_free
                0x0800a8f0       0x40 ..\obj\tcp_echoclient.o
 .text.tcp_echoclient_send
                0x0800a930       0x6c ..\obj\tcp_echoclient.o
 .text.tcp_echoclient_sent
                0x0800a99c       0x10 ..\obj\tcp_echoclient.o
 .text.tcp_echoclient_connection_close
                0x0800a9ac       0x54 ..\obj\tcp_echoclient.o
 .text.tcp_echoclient_connected
                0x0800aa00       0xa4 ..\obj\tcp_echoclient.o
 .text.tcp_echoclient_poll
                0x0800aaa4       0x34 ..\obj\tcp_echoclient.o
 .text.tcp_echoclient_recv
                0x0800aad8       0x94 ..\obj\tcp_echoclient.o
 .text.tcp_echoclient_error
                0x0800ab6c       0x14 ..\obj\tcp_echoclient.o
 .text.tcp_echoclient_link_is_up_callback
                0x0800ab80        0x4 ..\obj\tcp_echoclient.o
                0x0800ab80                tcp_echoclient_link_is_up_callback
 .text.tcp_echoclient_link_is_down_callback
                0x0800ab84       0x14 ..\obj\tcp_echoclient.o
                0x0800ab84                tcp_echoclient_link_is_down_callback
 .text.tcp_echoclient_connect
                0x0800ab98      0x13c ..\obj\tcp_echoclient.o
                0x0800ab98                tcp_echoclient_connect
 .text.ff_convert
                0x0800acd4       0x44 ..\obj\ccsbcs.o
                0x0800acd4                ff_convert
 .text.ff_wtoupper
                0x0800ad18       0x34 ..\obj\ccsbcs.o
                0x0800ad18                ff_wtoupper
 .text.TM_RTC_SetDateTime
                0x0800ad4c       0x84 ..\obj\tm_stm32f4_rtc.o
                0x0800ad4c                TM_RTC_SetDateTime
 .text.TM_RTC_Config
                0x0800add0       0x60 ..\obj\tm_stm32f4_rtc.o
                0x0800add0                TM_RTC_Config
 .text.TM_RTC_GetUnixTimeStamp
                0x0800ae30      0x104 ..\obj\tm_stm32f4_rtc.o
                0x0800ae30                TM_RTC_GetUnixTimeStamp
 .text.TM_RTC_GetDateTime
                0x0800af34       0x78 ..\obj\tm_stm32f4_rtc.o
                0x0800af34                TM_RTC_GetDateTime
 .text.TM_RTC_Init
                0x0800afac       0xf8 ..\obj\tm_stm32f4_rtc.o
                0x0800afac                TM_RTC_Init
 .text.TM_RTC_RequestHandler
                0x0800b0a4        0x4 ..\obj\tm_stm32f4_rtc.o
                0x0800b0a4                TM_RTC_RequestHandler
 .text.TM_RTC_AlarmAHandler
                0x0800b0a8        0x4 ..\obj\tm_stm32f4_rtc.o
                0x0800b0a8                TM_RTC_AlarmAHandler
 .text.TM_RTC_AlarmBHandler
                0x0800b0ac        0x4 ..\obj\tm_stm32f4_rtc.o
                0x0800b0ac                TM_RTC_AlarmBHandler
 .text.RTC_WKUP_IRQHandler
                0x0800b0b0       0x28 ..\obj\tm_stm32f4_rtc.o
                0x0800b0b0                RTC_WKUP_IRQHandler
 .text.RTC_Alarm_IRQHandler
                0x0800b0d8       0x3c ..\obj\tm_stm32f4_rtc.o
                0x0800b0d8                RTC_Alarm_IRQHandler
 .text.rf01_trans
                0x0800b114       0x60 ..\obj\rf01.o
                0x0800b114                rf01_trans
 .text.EXTI0_IRQHandler
                0x0800b174      0x144 ..\obj\rf01.o
                0x0800b174                EXTI0_IRQHandler
 .text.mem_cpy  0x0800b2b8       0x14 ..\obj\ff.o
 .text.mem_set  0x0800b2cc       0x10 ..\obj\ff.o
 .text.chk_lock
                0x0800b2dc       0x6c ..\obj\ff.o
 .text.inc_lock
                0x0800b348       0xc4 ..\obj\ff.o
 .text.dec_lock
                0x0800b40c       0x58 ..\obj\ff.o
 .text.ld_clust
                0x0800b464       0x20 ..\obj\ff.o
 .text.sum_sfn  0x0800b484       0x20 ..\obj\ff.o
 .text.get_ldnumber
                0x0800b4a4       0xbc ..\obj\ff.o
 .text.sync_window
                0x0800b560       0x68 ..\obj\ff.o
 .text.move_window
                0x0800b5c8       0x38 ..\obj\ff.o
 .text.check_fs
                0x0800b600       0x8c ..\obj\ff.o
 .text.validate
                0x0800b68c       0x38 ..\obj\ff.o
 .text.find_volume
                0x0800b6c4      0x408 ..\obj\ff.o
 .text.sync_fs  0x0800bacc       0xb4 ..\obj\ff.o
 .text.clust2sect
                0x0800bb80       0x18 ..\obj\ff.o
                0x0800bb80                clust2sect
 .text.get_fat  0x0800bb98      0x114 ..\obj\ff.o
                0x0800bb98                get_fat
 .text.dir_sdi  0x0800bcac       0xb4 ..\obj\ff.o
 .text.put_fat  0x0800bd60      0x174 ..\obj\ff.o
                0x0800bd60                put_fat
 .text.create_chain
                0x0800bed4       0xc0 ..\obj\ff.o
 .text.dir_next
                0x0800bf94      0x13c ..\obj\ff.o
 .text.dir_find
                0x0800c0d0      0x190 ..\obj\ff.o
 .text.follow_path
                0x0800c260      0x354 ..\obj\ff.o
 .text.dir_alloc
                0x0800c5b4       0x4c ..\obj\ff.o
 .text.dir_register
                0x0800c600      0x288 ..\obj\ff.o
 .text.remove_chain
                0x0800c888       0x6c ..\obj\ff.o
 .text.f_mount  0x0800c8f4       0x7c ..\obj\ff.o
                0x0800c8f4                f_mount
 .text.f_open   0x0800c970      0x224 ..\obj\ff.o
                0x0800c970                f_open
 .text.f_read   0x0800cb94      0x198 ..\obj\ff.o
                0x0800cb94                f_read
 .text.f_write  0x0800cd2c      0x1c4 ..\obj\ff.o
                0x0800cd2c                f_write
 .text.putc_bfd
                0x0800cef0       0x48 ..\obj\ff.o
 .text.f_sync   0x0800cf38       0xa8 ..\obj\ff.o
                0x0800cf38                f_sync
 .text.f_close  0x0800cfe0       0x28 ..\obj\ff.o
                0x0800cfe0                f_close
 .text.f_printf
                0x0800d008      0x31c ..\obj\ff.o
                0x0800d008                f_printf
 .text.udp_input
                0x0800d324      0x1c8 ..\obj\udp.o
                0x0800d324                udp_input
 .text.udp_bind
                0x0800d4ec       0xd8 ..\obj\udp.o
                0x0800d4ec                udp_bind
 .text.udp_sendto_if
                0x0800d5c4       0xc8 ..\obj\udp.o
                0x0800d5c4                udp_sendto_if
 .text.udp_sendto
                0x0800d68c       0x2c ..\obj\udp.o
                0x0800d68c                udp_sendto
 .text.udp_connect
                0x0800d6b8       0x5c ..\obj\udp.o
                0x0800d6b8                udp_connect
 .text.udp_recv
                0x0800d714        0x8 ..\obj\udp.o
                0x0800d714                udp_recv
 .text.udp_new  0x0800d71c       0x1c ..\obj\udp.o
                0x0800d71c                udp_new
 .text.ip_route
                0x0800d738       0x44 ..\obj\ip.o
                0x0800d738                ip_route
 .text.ip_input
                0x0800d77c      0x1b4 ..\obj\ip.o
                0x0800d77c                ip_input
 .text.ip_output_if
                0x0800d930       0xb4 ..\obj\ip.o
                0x0800d930                ip_output_if
 .text.ip_output
                0x0800d9e4       0x38 ..\obj\ip.o
                0x0800d9e4                ip_output
 .text.SPI_Init
                0x0800da1c       0x44 ..\obj\stm32f4xx_spi.o
                0x0800da1c                SPI_Init
 .text.SPI_Cmd  0x0800da60       0x1c ..\obj\stm32f4xx_spi.o
                0x0800da60                SPI_Cmd
 .text.SPI_I2S_ReceiveData
                0x0800da7c        0x8 ..\obj\stm32f4xx_spi.o
                0x0800da7c                SPI_I2S_ReceiveData
 .text.SPI_I2S_SendData
                0x0800da84        0x4 ..\obj\stm32f4xx_spi.o
                0x0800da84                SPI_I2S_SendData
 .text.SPI_I2S_GetFlagStatus
                0x0800da88        0xc ..\obj\stm32f4xx_spi.o
                0x0800da88                SPI_I2S_GetFlagStatus
 .text.EXTI_Init
                0x0800da94       0x90 ..\obj\stm32f4xx_exti.o
                0x0800da94                EXTI_Init
 .text.EXTI_GetITStatus
                0x0800db24       0x14 ..\obj\stm32f4xx_exti.o
                0x0800db24                EXTI_GetITStatus
 .text.EXTI_ClearITPendingBit
                0x0800db38        0xc ..\obj\stm32f4xx_exti.o
                0x0800db38                EXTI_ClearITPendingBit
 .text.icmp_send_response
                0x0800db44       0x9c ..\obj\icmp.o
 .text.icmp_input
                0x0800dbe0      0x120 ..\obj\icmp.o
                0x0800dbe0                icmp_input
 .text.icmp_dest_unreach
                0x0800dd00        0xc ..\obj\icmp.o
                0x0800dd00                icmp_dest_unreach
 .text.icmp_time_exceeded
                0x0800dd0c        0xc ..\obj\icmp.o
                0x0800dd0c                icmp_time_exceeded
 .text.dns_parse_name
                0x0800dd18       0x28 ..\obj\dns.o
 .text.dns_recv
                0x0800dd40      0x1ec ..\obj\dns.o
 .text.dns_send
                0x0800df2c       0xe0 ..\obj\dns.o
 .text.dns_check_entry
                0x0800e00c      0x128 ..\obj\dns.o
 .text.dns_setserver
                0x0800e134       0x24 ..\obj\dns.o
                0x0800e134                dns_setserver
 .text.dns_init
                0x0800e158       0x58 ..\obj\dns.o
                0x0800e158                dns_init
 .text.dns_gethostbyname
                0x0800e1b0      0x158 ..\obj\dns.o
                0x0800e1b0                dns_gethostbyname
 .text.NVIC_PriorityGroupConfig
                0x0800e308       0x14 ..\obj\misc.o
                0x0800e308                NVIC_PriorityGroupConfig
 .text.NVIC_Init
                0x0800e31c       0x70 ..\obj\misc.o
                0x0800e31c                NVIC_Init
 .text.dhcp_set_state
                0x0800e38c       0x10 ..\obj\dhcp.o
 .text.dhcp_option
                0x0800e39c       0x24 ..\obj\dhcp.o
 .text.dhcp_option_byte
                0x0800e3c0       0x18 ..\obj\dhcp.o
 .text.dhcp_option_short
                0x0800e3d8       0x28 ..\obj\dhcp.o
 .text.dhcp_option_long
                0x0800e400       0x48 ..\obj\dhcp.o
 .text.dhcp_option_trailer
                0x0800e448       0x34 ..\obj\dhcp.o
 .text.dhcp_create_msg
                0x0800e47c      0x158 ..\obj\dhcp.o
 .text.dhcp_delete_msg
                0x0800e5d4       0x18 ..\obj\dhcp.o
 .text.dhcp_discover
                0x0800e5ec       0xc0 ..\obj\dhcp.o
 .text.dhcp_reboot
                0x0800e6ac       0xb0 ..\obj\dhcp.o
 .text.dhcp_network_changed
                0x0800e75c       0x38 ..\obj\dhcp.o
                0x0800e75c                dhcp_network_changed
 .text.dhcp_arp_reply
                0x0800e794       0x84 ..\obj\dhcp.o
                0x0800e794                dhcp_arp_reply
 .text.TM_GPIO_DeInit
                0x0800e818       0x4c ..\obj\tm_stm32f4_gpio.o
                0x0800e818                TM_GPIO_DeInit
 .text.TM_GPIO_SetPinAsInput
                0x0800e864       0x28 ..\obj\tm_stm32f4_gpio.o
                0x0800e864                TM_GPIO_SetPinAsInput
 .text.TM_GPIO_SetPinAsOutput
                0x0800e88c       0x30 ..\obj\tm_stm32f4_gpio.o
                0x0800e88c                TM_GPIO_SetPinAsOutput
 .text.TM_GPIO_SetPullResistor
                0x0800e8bc       0x30 ..\obj\tm_stm32f4_gpio.o
                0x0800e8bc                TM_GPIO_SetPullResistor
 .text.TM_GPIO_INT_EnableClock
                0x0800e8ec       0x20 ..\obj\tm_stm32f4_gpio.o
                0x0800e8ec                TM_GPIO_INT_EnableClock
 .text.TM_GPIO_INT_Init
                0x0800e90c       0xa4 ..\obj\tm_stm32f4_gpio.o
                0x0800e90c                TM_GPIO_INT_Init
 .text.TM_GPIO_Init
                0x0800e9b0       0x30 ..\obj\tm_stm32f4_gpio.o
                0x0800e9b0                TM_GPIO_Init
 .text.TM_GPIO_InitAlternate
                0x0800e9e0       0x68 ..\obj\tm_stm32f4_gpio.o
                0x0800e9e0                TM_GPIO_InitAlternate
 .text.RTC_ByteToBcd2
                0x0800ea48       0x20 ..\obj\stm32f4xx_rtc.o
 .text.RTC_Bcd2ToByte
                0x0800ea68       0x14 ..\obj\stm32f4xx_rtc.o
 .text.RTC_WriteProtectionCmd
                0x0800ea7c       0x1c ..\obj\stm32f4xx_rtc.o
                0x0800ea7c                RTC_WriteProtectionCmd
 .text.RTC_EnterInitMode
                0x0800ea98       0x48 ..\obj\stm32f4xx_rtc.o
                0x0800ea98                RTC_EnterInitMode
 .text.RTC_ExitInitMode
                0x0800eae0       0x10 ..\obj\stm32f4xx_rtc.o
                0x0800eae0                RTC_ExitInitMode
 .text.RTC_Init
                0x0800eaf0       0x4c ..\obj\stm32f4xx_rtc.o
                0x0800eaf0                RTC_Init
 .text.RTC_WaitForSynchro
                0x0800eb3c       0x48 ..\obj\stm32f4xx_rtc.o
                0x0800eb3c                RTC_WaitForSynchro
 .text.RTC_SetTime
                0x0800eb84       0xac ..\obj\stm32f4xx_rtc.o
                0x0800eb84                RTC_SetTime
 .text.RTC_GetTime
                0x0800ec30       0x4c ..\obj\stm32f4xx_rtc.o
                0x0800ec30                RTC_GetTime
 .text.RTC_SetDate
                0x0800ec7c       0xa0 ..\obj\stm32f4xx_rtc.o
                0x0800ec7c                RTC_SetDate
 .text.RTC_GetDate
                0x0800ed1c       0x48 ..\obj\stm32f4xx_rtc.o
                0x0800ed1c                RTC_GetDate
 .text.RTC_WriteBackupRegister
                0x0800ed64       0x20 ..\obj\stm32f4xx_rtc.o
                0x0800ed64                RTC_WriteBackupRegister
 .text.RTC_ReadBackupRegister
                0x0800ed84       0x20 ..\obj\stm32f4xx_rtc.o
                0x0800ed84                RTC_ReadBackupRegister
 .text.RTC_GetITStatus
                0x0800eda4       0x2c ..\obj\stm32f4xx_rtc.o
                0x0800eda4                RTC_GetITStatus
 .text.RTC_ClearITPendingBit
                0x0800edd0       0x1c ..\obj\stm32f4xx_rtc.o
                0x0800edd0                RTC_ClearITPendingBit
 .text.tcp_pbuf_prealloc
                0x0800edec       0x60 ..\obj\tcp_out.o
 .text.tcp_create_segment
                0x0800ee4c       0xb4 ..\obj\tcp_out.o
 .text.tcp_output_alloc_header
                0x0800ef00       0x70 ..\obj\tcp_out.o
 .text.tcp_write
                0x0800ef70      0x3bc ..\obj\tcp_out.o
                0x0800ef70                tcp_write
 .text.tcp_enqueue_flags
                0x0800f32c       0xc8 ..\obj\tcp_out.o
                0x0800f32c                tcp_enqueue_flags
 .text.tcp_send_fin
                0x0800f3f4       0x48 ..\obj\tcp_out.o
                0x0800f3f4                tcp_send_fin
 .text.tcp_send_empty_ack
                0x0800f43c       0x48 ..\obj\tcp_out.o
                0x0800f43c                tcp_send_empty_ack
 .text.tcp_output
                0x0800f484      0x270 ..\obj\tcp_out.o
                0x0800f484                tcp_output
 .text.tcp_rst  0x0800f6f4       0x7c ..\obj\tcp_out.o
                0x0800f6f4                tcp_rst
 .text.tcp_rexmit_rto
                0x0800f770       0x30 ..\obj\tcp_out.o
                0x0800f770                tcp_rexmit_rto
 .text.tcp_rexmit
                0x0800f7a0       0x54 ..\obj\tcp_out.o
                0x0800f7a0                tcp_rexmit
 .text.tcp_rexmit_fast
                0x0800f7f4       0x58 ..\obj\tcp_out.o
                0x0800f7f4                tcp_rexmit_fast
 .text.tcp_keepalive
                0x0800f84c       0x3c ..\obj\tcp_out.o
                0x0800f84c                tcp_keepalive
 .text.tcp_zero_window_probe
                0x0800f888       0x9c ..\obj\tcp_out.o
                0x0800f888                tcp_zero_window_probe
 .text.raw_input
                0x0800f924       0x78 ..\obj\raw.o
                0x0800f924                raw_input
 .text          0x0800f99c      0x370 d:/gnu tools arm embedded/5.2 2015q4/bin/../lib/gcc/arm-none-eabi/5.2.1/armv7e-m/fpu\libgcc.a(_arm_addsubdf3.o)
                0x0800f99c                __aeabi_drsub
                0x0800f9a4                __aeabi_dsub
                0x0800f9a4                __subdf3
                0x0800f9a8                __aeabi_dadd
                0x0800f9a8                __adddf3
                0x0800fc20                __floatunsidf
                0x0800fc20                __aeabi_ui2d
                0x0800fc40                __floatsidf
                0x0800fc40                __aeabi_i2d
                0x0800fc64                __aeabi_f2d
                0x0800fc64                __extendsfdf2
                0x0800fca0                __floatundidf
                0x0800fca0                __aeabi_ul2d
                0x0800fcb0                __floatdidf
                0x0800fcb0                __aeabi_l2d
 .text          0x0800fd0c      0x424 d:/gnu tools arm embedded/5.2 2015q4/bin/../lib/gcc/arm-none-eabi/5.2.1/armv7e-m/fpu\libgcc.a(_arm_muldivdf3.o)
                0x0800fd0c                __aeabi_dmul
                0x0800fd0c                __muldf3
                0x0800ff60                __divdf3
                0x0800ff60                __aeabi_ddiv
 .text          0x08010130       0x40 d:/gnu tools arm embedded/5.2 2015q4/bin/../lib/gcc/arm-none-eabi/5.2.1/armv7e-m/fpu\libgcc.a(_arm_fixunsdfsi.o)
                0x08010130                __aeabi_d2uiz
                0x08010130                __fixunsdfsi
 .text.asctime  0x08010170       0x10 d:/gnu tools arm embedded/5.2 2015q4/bin/../lib/gcc/arm-none-eabi/5.2.1/../../../../arm-none-eabi/lib/armv7e-m/fpu\libg.a(lib_a-asctime.o)
                0x08010170                asctime
 .text.asctime_r
                0x08010180       0x4c d:/gnu tools arm embedded/5.2 2015q4/bin/../lib/gcc/arm-none-eabi/5.2.1/../../../../arm-none-eabi/lib/armv7e-m/fpu\libg.a(lib_a-asctime_r.o)
                0x08010180                asctime_r
 .text.atof     0x080101cc        0x8 d:/gnu tools arm embedded/5.2 2015q4/bin/../lib/gcc/arm-none-eabi/5.2.1/../../../../arm-none-eabi/lib/armv7e-m/fpu\libg.a(lib_a-atof.o)
                0x080101cc                atof
 .text.atoi     0x080101d4        0x8 d:/gnu tools arm embedded/5.2 2015q4/bin/../lib/gcc/arm-none-eabi/5.2.1/../../../../arm-none-eabi/lib/armv7e-m/fpu\libg.a(lib_a-atoi.o)
                0x080101d4                atoi
 .text.localtime
                0x080101dc       0x10 d:/gnu tools arm embedded/5.2 2015q4/bin/../lib/gcc/arm-none-eabi/5.2.1/../../../../arm-none-eabi/lib/armv7e-m/fpu\libg.a(lib_a-lcltime.o)
                0x080101dc                localtime
 .text.localtime_r
                0x080101ec      0x258 d:/gnu tools arm embedded/5.2 2015q4/bin/../lib/gcc/arm-none-eabi/5.2.1/../../../../arm-none-eabi/lib/armv7e-m/fpu\libg.a(lib_a-lcltime_r.o)
                0x080101ec                localtime_r
 .text.malloc   0x08010444       0x10 d:/gnu tools arm embedded/5.2 2015q4/bin/../lib/gcc/arm-none-eabi/5.2.1/../../../../arm-none-eabi/lib/armv7e-m/fpu\libg.a(lib_a-malloc.o)
                0x08010444                malloc
 .text.free     0x08010454       0x10 d:/gnu tools arm embedded/5.2 2015q4/bin/../lib/gcc/arm-none-eabi/5.2.1/../../../../arm-none-eabi/lib/armv7e-m/fpu\libg.a(lib_a-malloc.o)
                0x08010454                free
 .text._malloc_r
                0x08010464      0x570 d:/gnu tools arm embedded/5.2 2015q4/bin/../lib/gcc/arm-none-eabi/5.2.1/../../../../arm-none-eabi/lib/armv7e-m/fpu\libg.a(lib_a-mallocr.o)
                0x08010464                _malloc_r
 .text.memcmp   0x080109d4       0x64 d:/gnu tools arm embedded/5.2 2015q4/bin/../lib/gcc/arm-none-eabi/5.2.1/../../../../arm-none-eabi/lib/armv7e-m/fpu\libg.a(lib_a-memcmp.o)
                0x080109d4                memcmp
 .text          0x08010a38      0x134 d:/gnu tools arm embedded/5.2 2015q4/bin/../lib/gcc/arm-none-eabi/5.2.1/../../../../arm-none-eabi/lib/armv7e-m/fpu\libg.a(lib_a-memcpy.o)
                0x08010a38                memcpy
 .text.memset   0x08010b6c       0x9c d:/gnu tools arm embedded/5.2 2015q4/bin/../lib/gcc/arm-none-eabi/5.2.1/../../../../arm-none-eabi/lib/armv7e-m/fpu\libg.a(lib_a-memset.o)
                0x08010b6c                memset
 .text.__malloc_lock
                0x08010c08        0x4 d:/gnu tools arm embedded/5.2 2015q4/bin/../lib/gcc/arm-none-eabi/5.2.1/../../../../arm-none-eabi/lib/armv7e-m/fpu\libg.a(lib_a-mlock.o)
                0x08010c08                __malloc_lock
 .text.__malloc_unlock
                0x08010c0c        0x4 d:/gnu tools arm embedded/5.2 2015q4/bin/../lib/gcc/arm-none-eabi/5.2.1/../../../../arm-none-eabi/lib/armv7e-m/fpu\libg.a(lib_a-mlock.o)
                0x08010c0c                __malloc_unlock
 .text.printf   0x08010c10       0x28 d:/gnu tools arm embedded/5.2 2015q4/bin/../lib/gcc/arm-none-eabi/5.2.1/../../../../arm-none-eabi/lib/armv7e-m/fpu\libg.a(lib_a-printf.o)
                0x08010c10                printf
 .text.putchar  0x08010c38       0x14 d:/gnu tools arm embedded/5.2 2015q4/bin/../lib/gcc/arm-none-eabi/5.2.1/../../../../arm-none-eabi/lib/armv7e-m/fpu\libg.a(lib_a-putchar.o)
                0x08010c38                putchar
 .text._puts_r  0x08010c4c       0x64 d:/gnu tools arm embedded/5.2 2015q4/bin/../lib/gcc/arm-none-eabi/5.2.1/../../../../arm-none-eabi/lib/armv7e-m/fpu\libg.a(lib_a-puts.o)
                0x08010c4c                _puts_r
 .text.puts     0x08010cb0       0x10 d:/gnu tools arm embedded/5.2 2015q4/bin/../lib/gcc/arm-none-eabi/5.2.1/../../../../arm-none-eabi/lib/armv7e-m/fpu\libg.a(lib_a-puts.o)
                0x08010cb0                puts
 .text._sbrk_r  0x08010cc0       0x24 d:/gnu tools arm embedded/5.2 2015q4/bin/../lib/gcc/arm-none-eabi/5.2.1/../../../../arm-none-eabi/lib/armv7e-m/fpu\libg.a(lib_a-sbrkr.o)
                0x08010cc0                _sbrk_r
 .text.siprintf
                0x08010ce4       0x4c d:/gnu tools arm embedded/5.2 2015q4/bin/../lib/gcc/arm-none-eabi/5.2.1/../../../../arm-none-eabi/lib/armv7e-m/fpu\libg.a(lib_a-siprintf.o)
                0x08010ce4                siprintf
 .text.snprintf
                0x08010d30       0x9c d:/gnu tools arm embedded/5.2 2015q4/bin/../lib/gcc/arm-none-eabi/5.2.1/../../../../arm-none-eabi/lib/armv7e-m/fpu\libg.a(lib_a-snprintf.o)
                0x08010d30                snprintf
 .text.sprintf  0x08010dcc       0x4c d:/gnu tools arm embedded/5.2 2015q4/bin/../lib/gcc/arm-none-eabi/5.2.1/../../../../arm-none-eabi/lib/armv7e-m/fpu\libg.a(lib_a-sprintf.o)
                0x08010dcc                sprintf
 .text.sscanf   0x08010e18       0x58 d:/gnu tools arm embedded/5.2 2015q4/bin/../lib/gcc/arm-none-eabi/5.2.1/../../../../arm-none-eabi/lib/armv7e-m/fpu\libg.a(lib_a-sscanf.o)
                0x08010e18                sscanf
 .text.__sread  0x08010e70       0x24 d:/gnu tools arm embedded/5.2 2015q4/bin/../lib/gcc/arm-none-eabi/5.2.1/../../../../arm-none-eabi/lib/armv7e-m/fpu\libg.a(lib_a-stdio.o)
                0x08010e70                __sread
 .text.__seofread
                0x08010e94        0x4 d:/gnu tools arm embedded/5.2 2015q4/bin/../lib/gcc/arm-none-eabi/5.2.1/../../../../arm-none-eabi/lib/armv7e-m/fpu\libg.a(lib_a-stdio.o)
                0x08010e94                __seofread
 .text.__swrite
                0x08010e98       0x38 d:/gnu tools arm embedded/5.2 2015q4/bin/../lib/gcc/arm-none-eabi/5.2.1/../../../../arm-none-eabi/lib/armv7e-m/fpu\libg.a(lib_a-stdio.o)
                0x08010e98                __swrite
 .text.__sseek  0x08010ed0       0x20 d:/gnu tools arm embedded/5.2 2015q4/bin/../lib/gcc/arm-none-eabi/5.2.1/../../../../arm-none-eabi/lib/armv7e-m/fpu\libg.a(lib_a-stdio.o)
                0x08010ed0                __sseek
 .text.__sclose
                0x08010ef0        0x8 d:/gnu tools arm embedded/5.2 2015q4/bin/../lib/gcc/arm-none-eabi/5.2.1/../../../../arm-none-eabi/lib/armv7e-m/fpu\libg.a(lib_a-stdio.o)
                0x08010ef0                __sclose
 .text.strcat   0x08010ef8       0x40 d:/gnu tools arm embedded/5.2 2015q4/bin/../lib/gcc/arm-none-eabi/5.2.1/../../../../arm-none-eabi/lib/armv7e-m/fpu\libg.a(lib_a-strcat.o)
                0x08010ef8                strcat
 .text.strchr   0x08010f38       0xd0 d:/gnu tools arm embedded/5.2 2015q4/bin/../lib/gcc/arm-none-eabi/5.2.1/../../../../arm-none-eabi/lib/armv7e-m/fpu\libg.a(lib_a-strchr.o)
                0x08010f38                strchr
 *fill*         0x08011008       0x18 
 .text          0x08011020      0x2dc d:/gnu tools arm embedded/5.2 2015q4/bin/../lib/gcc/arm-none-eabi/5.2.1/../../../../arm-none-eabi/lib/armv7e-m/fpu\libg.a(lib_a-strcmp.o)
                0x08011028                strcmp
 .text.strcpy   0x080112fc       0xbc d:/gnu tools arm embedded/5.2 2015q4/bin/../lib/gcc/arm-none-eabi/5.2.1/../../../../arm-none-eabi/lib/armv7e-m/fpu\libg.a(lib_a-strcpy.o)
                0x080112fc                strcpy
 *fill*         0x080113b8        0x8 
 .text          0x080113c0       0xdc d:/gnu tools arm embedded/5.2 2015q4/bin/../lib/gcc/arm-none-eabi/5.2.1/../../../../arm-none-eabi/lib/armv7e-m/fpu\libg.a(lib_a-strlen.o)
                0x080113c0                strlen
 .text.strncmp  0x0801149c       0xa0 d:/gnu tools arm embedded/5.2 2015q4/bin/../lib/gcc/arm-none-eabi/5.2.1/../../../../arm-none-eabi/lib/armv7e-m/fpu\libg.a(lib_a-strncmp.o)
                0x0801149c                strncmp
 .text.strncpy  0x0801153c       0x68 d:/gnu tools arm embedded/5.2 2015q4/bin/../lib/gcc/arm-none-eabi/5.2.1/../../../../arm-none-eabi/lib/armv7e-m/fpu\libg.a(lib_a-strncpy.o)
                0x0801153c                strncpy
 .text.critical_factorization
                0x080115a4       0xb8 d:/gnu tools arm embedded/5.2 2015q4/bin/../lib/gcc/arm-none-eabi/5.2.1/../../../../arm-none-eabi/lib/armv7e-m/fpu\libg.a(lib_a-strstr.o)
 .text.two_way_long_needle
                0x0801165c      0x200 d:/gnu tools arm embedded/5.2 2015q4/bin/../lib/gcc/arm-none-eabi/5.2.1/../../../../arm-none-eabi/lib/armv7e-m/fpu\libg.a(lib_a-strstr.o)
 .text.strstr   0x0801185c      0x220 d:/gnu tools arm embedded/5.2 2015q4/bin/../lib/gcc/arm-none-eabi/5.2.1/../../../../arm-none-eabi/lib/armv7e-m/fpu\libg.a(lib_a-strstr.o)
                0x0801185c                strstr
 .text.sulp     0x08011a7c       0x40 d:/gnu tools arm embedded/5.2 2015q4/bin/../lib/gcc/arm-none-eabi/5.2.1/../../../../arm-none-eabi/lib/armv7e-m/fpu\libg.a(lib_a-strtod.o)
 *fill*         0x08011abc        0x4 
 .text._strtod_r
                0x08011ac0      0xec0 d:/gnu tools arm embedded/5.2 2015q4/bin/../lib/gcc/arm-none-eabi/5.2.1/../../../../arm-none-eabi/lib/armv7e-m/fpu\libg.a(lib_a-strtod.o)
                0x08011ac0                _strtod_r
 .text.strtod   0x08012980       0x10 d:/gnu tools arm embedded/5.2 2015q4/bin/../lib/gcc/arm-none-eabi/5.2.1/../../../../arm-none-eabi/lib/armv7e-m/fpu\libg.a(lib_a-strtod.o)
                0x08012980                strtod
 .text._strtol_r
                0x08012990      0x128 d:/gnu tools arm embedded/5.2 2015q4/bin/../lib/gcc/arm-none-eabi/5.2.1/../../../../arm-none-eabi/lib/armv7e-m/fpu\libg.a(lib_a-strtol.o)
                0x08012990                _strtol_r
 .text.strtol   0x08012ab8       0x18 d:/gnu tools arm embedded/5.2 2015q4/bin/../lib/gcc/arm-none-eabi/5.2.1/../../../../arm-none-eabi/lib/armv7e-m/fpu\libg.a(lib_a-strtol.o)
                0x08012ab8                strtol
 .text._strtoul_r
                0x08012ad0      0x134 d:/gnu tools arm embedded/5.2 2015q4/bin/../lib/gcc/arm-none-eabi/5.2.1/../../../../arm-none-eabi/lib/armv7e-m/fpu\libg.a(lib_a-strtoul.o)
                0x08012ad0                _strtoul_r
 .text.strtoul  0x08012c04       0x18 d:/gnu tools arm embedded/5.2 2015q4/bin/../lib/gcc/arm-none-eabi/5.2.1/../../../../arm-none-eabi/lib/armv7e-m/fpu\libg.a(lib_a-strtoul.o)
                0x08012c04                strtoul
 .text.__ssprint_r
                0x08012c1c      0x100 d:/gnu tools arm embedded/5.2 2015q4/bin/../lib/gcc/arm-none-eabi/5.2.1/../../../../arm-none-eabi/lib/armv7e-m/fpu\libg.a(lib_a-svfiprintf.o)
                0x08012c1c                __ssprint_r
 .text._svfiprintf_r
                0x08012d1c      0xc5c d:/gnu tools arm embedded/5.2 2015q4/bin/../lib/gcc/arm-none-eabi/5.2.1/../../../../arm-none-eabi/lib/armv7e-m/fpu\libg.a(lib_a-svfiprintf.o)
                0x08012d1c                _svfiprintf_r
 .text._svfprintf_r
                0x08013978     0x169c d:/gnu tools arm embedded/5.2 2015q4/bin/../lib/gcc/arm-none-eabi/5.2.1/../../../../arm-none-eabi/lib/armv7e-m/fpu\libg.a(lib_a-svfprintf.o)
                0x08013978                _svfprintf_r
 .text.__ssvfscanf_r
                0x08015014      0xed0 d:/gnu tools arm embedded/5.2 2015q4/bin/../lib/gcc/arm-none-eabi/5.2.1/../../../../arm-none-eabi/lib/armv7e-m/fpu\libg.a(lib_a-svfscanf.o)
                0x08015014                __ssvfscanf_r
 .text.__tzcalc_limits
                0x08015ee4      0x194 d:/gnu tools arm embedded/5.2 2015q4/bin/../lib/gcc/arm-none-eabi/5.2.1/../../../../arm-none-eabi/lib/armv7e-m/fpu\libg.a(lib_a-tzcalc_limits.o)
                0x08015ee4                __tzcalc_limits
 .text.__tz_lock
                0x08016078        0x4 d:/gnu tools arm embedded/5.2 2015q4/bin/../lib/gcc/arm-none-eabi/5.2.1/../../../../arm-none-eabi/lib/armv7e-m/fpu\libg.a(lib_a-tzlock.o)
                0x08016078                __tz_lock
 .text.__tz_unlock
                0x0801607c        0x4 d:/gnu tools arm embedded/5.2 2015q4/bin/../lib/gcc/arm-none-eabi/5.2.1/../../../../arm-none-eabi/lib/armv7e-m/fpu\libg.a(lib_a-tzlock.o)
                0x0801607c                __tz_unlock
 .text._tzset_unlocked
                0x08016080        0xc d:/gnu tools arm embedded/5.2 2015q4/bin/../lib/gcc/arm-none-eabi/5.2.1/../../../../arm-none-eabi/lib/armv7e-m/fpu\libg.a(lib_a-tzset.o)
                0x08016080                _tzset_unlocked
 .text._tzset_unlocked_r
                0x0801608c      0x324 d:/gnu tools arm embedded/5.2 2015q4/bin/../lib/gcc/arm-none-eabi/5.2.1/../../../../arm-none-eabi/lib/armv7e-m/fpu\libg.a(lib_a-tzset_r.o)
                0x0801608c                _tzset_unlocked_r
 .text._vfprintf_r
                0x080163b0     0x16a0 d:/gnu tools arm embedded/5.2 2015q4/bin/../lib/gcc/arm-none-eabi/5.2.1/../../../../arm-none-eabi/lib/armv7e-m/fpu\libg.a(lib_a-vfprintf.o)
                0x080163b0                _vfprintf_r
 .text.__sbprintf
                0x08017a50       0x6c d:/gnu tools arm embedded/5.2 2015q4/bin/../lib/gcc/arm-none-eabi/5.2.1/../../../../arm-none-eabi/lib/armv7e-m/fpu\libg.a(lib_a-vfprintf.o)
 .text._write_r
                0x08017abc       0x2c d:/gnu tools arm embedded/5.2 2015q4/bin/../lib/gcc/arm-none-eabi/5.2.1/../../../../arm-none-eabi/lib/armv7e-m/fpu\libg.a(lib_a-writer.o)
                0x08017abc                _write_r
 .text.__swsetup_r
                0x08017ae8       0xc4 d:/gnu tools arm embedded/5.2 2015q4/bin/../lib/gcc/arm-none-eabi/5.2.1/../../../../arm-none-eabi/lib/armv7e-m/fpu\libg.a(lib_a-wsetup.o)
                0x08017ae8                __swsetup_r
 .text._close_r
                0x08017bac       0x24 d:/gnu tools arm embedded/5.2 2015q4/bin/../lib/gcc/arm-none-eabi/5.2.1/../../../../arm-none-eabi/lib/armv7e-m/fpu\libg.a(lib_a-closer.o)
                0x08017bac                _close_r
 .text.quorem   0x08017bd0      0x128 d:/gnu tools arm embedded/5.2 2015q4/bin/../lib/gcc/arm-none-eabi/5.2.1/../../../../arm-none-eabi/lib/armv7e-m/fpu\libg.a(lib_a-dtoa.o)
 .text._dtoa_r  0x08017cf8      0xe34 d:/gnu tools arm embedded/5.2 2015q4/bin/../lib/gcc/arm-none-eabi/5.2.1/../../../../arm-none-eabi/lib/armv7e-m/fpu\libg.a(lib_a-dtoa.o)
                0x08017cf8                _dtoa_r
 .text.__sflush_r
                0x08018b2c      0x148 d:/gnu tools arm embedded/5.2 2015q4/bin/../lib/gcc/arm-none-eabi/5.2.1/../../../../arm-none-eabi/lib/armv7e-m/fpu\libg.a(lib_a-fflush.o)
                0x08018b2c                __sflush_r
 .text._fflush_r
                0x08018c74       0x2c d:/gnu tools arm embedded/5.2 2015q4/bin/../lib/gcc/arm-none-eabi/5.2.1/../../../../arm-none-eabi/lib/armv7e-m/fpu\libg.a(lib_a-fflush.o)
                0x08018c74                _fflush_r
 .text._cleanup_r
                0x08018ca0        0xc d:/gnu tools arm embedded/5.2 2015q4/bin/../lib/gcc/arm-none-eabi/5.2.1/../../../../arm-none-eabi/lib/armv7e-m/fpu\libg.a(lib_a-findfp.o)
                0x08018ca0                _cleanup_r
 .text.__sinit.part.1
                0x08018cac       0xf0 d:/gnu tools arm embedded/5.2 2015q4/bin/../lib/gcc/arm-none-eabi/5.2.1/../../../../arm-none-eabi/lib/armv7e-m/fpu\libg.a(lib_a-findfp.o)
 .text.__sinit  0x08018d9c        0xc d:/gnu tools arm embedded/5.2 2015q4/bin/../lib/gcc/arm-none-eabi/5.2.1/../../../../arm-none-eabi/lib/armv7e-m/fpu\libg.a(lib_a-findfp.o)
                0x08018d9c                __sinit
 .text.__sfp_lock_acquire
                0x08018da8        0x4 d:/gnu tools arm embedded/5.2 2015q4/bin/../lib/gcc/arm-none-eabi/5.2.1/../../../../arm-none-eabi/lib/armv7e-m/fpu\libg.a(lib_a-findfp.o)
                0x08018da8                __sfp_lock_acquire
 .text.__sfp_lock_release
                0x08018dac        0x4 d:/gnu tools arm embedded/5.2 2015q4/bin/../lib/gcc/arm-none-eabi/5.2.1/../../../../arm-none-eabi/lib/armv7e-m/fpu\libg.a(lib_a-findfp.o)
                0x08018dac                __sfp_lock_release
 .text._malloc_trim_r
                0x08018db0       0x9c d:/gnu tools arm embedded/5.2 2015q4/bin/../lib/gcc/arm-none-eabi/5.2.1/../../../../arm-none-eabi/lib/armv7e-m/fpu\libg.a(lib_a-freer.o)
                0x08018db0                _malloc_trim_r
 .text._free_r  0x08018e4c      0x1d0 d:/gnu tools arm embedded/5.2 2015q4/bin/../lib/gcc/arm-none-eabi/5.2.1/../../../../arm-none-eabi/lib/armv7e-m/fpu\libg.a(lib_a-freer.o)
                0x08018e4c                _free_r
 .text.__sfvwrite_r
                0x0801901c      0x300 d:/gnu tools arm embedded/5.2 2015q4/bin/../lib/gcc/arm-none-eabi/5.2.1/../../../../arm-none-eabi/lib/armv7e-m/fpu\libg.a(lib_a-fvwrite.o)
                0x0801901c                __sfvwrite_r
 .text._fwalk_reent
                0x0801931c       0x54 d:/gnu tools arm embedded/5.2 2015q4/bin/../lib/gcc/arm-none-eabi/5.2.1/../../../../arm-none-eabi/lib/armv7e-m/fpu\libg.a(lib_a-fwalk.o)
                0x0801931c                _fwalk_reent
 .text.rshift   0x08019370       0xa8 d:/gnu tools arm embedded/5.2 2015q4/bin/../lib/gcc/arm-none-eabi/5.2.1/../../../../arm-none-eabi/lib/armv7e-m/fpu\libg.a(lib_a-gdtoa-gethex.o)
 .text.__gethex
                0x08019418      0x510 d:/gnu tools arm embedded/5.2 2015q4/bin/../lib/gcc/arm-none-eabi/5.2.1/../../../../arm-none-eabi/lib/armv7e-m/fpu\libg.a(lib_a-gdtoa-gethex.o)
                0x08019418                __gethex
 .text.__match  0x08019928       0x30 d:/gnu tools arm embedded/5.2 2015q4/bin/../lib/gcc/arm-none-eabi/5.2.1/../../../../arm-none-eabi/lib/armv7e-m/fpu\libg.a(lib_a-gdtoa-hexnan.o)
                0x08019928                __match
 .text.__hexnan
                0x08019958      0x180 d:/gnu tools arm embedded/5.2 2015q4/bin/../lib/gcc/arm-none-eabi/5.2.1/../../../../arm-none-eabi/lib/armv7e-m/fpu\libg.a(lib_a-gdtoa-hexnan.o)
                0x08019958                __hexnan
 .text._findenv_r
                0x08019ad8       0x7c d:/gnu tools arm embedded/5.2 2015q4/bin/../lib/gcc/arm-none-eabi/5.2.1/../../../../arm-none-eabi/lib/armv7e-m/fpu\libg.a(lib_a-getenv_r.o)
                0x08019ad8                _findenv_r
 .text._getenv_r
                0x08019b54       0x10 d:/gnu tools arm embedded/5.2 2015q4/bin/../lib/gcc/arm-none-eabi/5.2.1/../../../../arm-none-eabi/lib/armv7e-m/fpu\libg.a(lib_a-getenv_r.o)
                0x08019b54                _getenv_r
 .text.__gettzinfo
                0x08019b64        0x8 d:/gnu tools arm embedded/5.2 2015q4/bin/../lib/gcc/arm-none-eabi/5.2.1/../../../../arm-none-eabi/lib/armv7e-m/fpu\libg.a(lib_a-gettzinfo.o)
                0x08019b64                __gettzinfo
 .text.gmtime_r
                0x08019b6c      0x1cc d:/gnu tools arm embedded/5.2 2015q4/bin/../lib/gcc/arm-none-eabi/5.2.1/../../../../arm-none-eabi/lib/armv7e-m/fpu\libg.a(lib_a-gmtime_r.o)
                0x08019b6c                gmtime_r
 .text.iswspace
                0x08019d38       0x1c d:/gnu tools arm embedded/5.2 2015q4/bin/../lib/gcc/arm-none-eabi/5.2.1/../../../../arm-none-eabi/lib/armv7e-m/fpu\libg.a(lib_a-iswspace.o)
                0x08019d38                iswspace
 .text.__locale_charset
                0x08019d54        0x8 d:/gnu tools arm embedded/5.2 2015q4/bin/../lib/gcc/arm-none-eabi/5.2.1/../../../../arm-none-eabi/lib/armv7e-m/fpu\libg.a(lib_a-locale.o)
                0x08019d54                __locale_charset
 .text.__locale_mb_cur_max
                0x08019d5c        0xc d:/gnu tools arm embedded/5.2 2015q4/bin/../lib/gcc/arm-none-eabi/5.2.1/../../../../arm-none-eabi/lib/armv7e-m/fpu\libg.a(lib_a-locale.o)
                0x08019d5c                __locale_mb_cur_max
 .text._localeconv_r
                0x08019d68        0x8 d:/gnu tools arm embedded/5.2 2015q4/bin/../lib/gcc/arm-none-eabi/5.2.1/../../../../arm-none-eabi/lib/armv7e-m/fpu\libg.a(lib_a-locale.o)
                0x08019d68                _localeconv_r
 .text._lseek_r
                0x08019d70       0x2c d:/gnu tools arm embedded/5.2 2015q4/bin/../lib/gcc/arm-none-eabi/5.2.1/../../../../arm-none-eabi/lib/armv7e-m/fpu\libg.a(lib_a-lseekr.o)
                0x08019d70                _lseek_r
 .text.__smakebuf_r
                0x08019d9c       0xe0 d:/gnu tools arm embedded/5.2 2015q4/bin/../lib/gcc/arm-none-eabi/5.2.1/../../../../arm-none-eabi/lib/armv7e-m/fpu\libg.a(lib_a-makebuf.o)
                0x08019d9c                __smakebuf_r
 .text._mbrtowc_r
                0x08019e7c       0x5c d:/gnu tools arm embedded/5.2 2015q4/bin/../lib/gcc/arm-none-eabi/5.2.1/../../../../arm-none-eabi/lib/armv7e-m/fpu\libg.a(lib_a-mbrtowc.o)
                0x08019e7c                _mbrtowc_r
 .text.__ascii_mbtowc
                0x08019ed8       0x2c d:/gnu tools arm embedded/5.2 2015q4/bin/../lib/gcc/arm-none-eabi/5.2.1/../../../../arm-none-eabi/lib/armv7e-m/fpu\libg.a(lib_a-mbtowc_r.o)
                0x08019ed8                __ascii_mbtowc
 *fill*         0x08019f04        0xc 
 .text          0x08019f10       0xa0 d:/gnu tools arm embedded/5.2 2015q4/bin/../lib/gcc/arm-none-eabi/5.2.1/../../../../arm-none-eabi/lib/armv7e-m/fpu\libg.a(lib_a-memchr.o)
                0x08019f10                memchr
 .text.memmove  0x08019fb0       0xc8 d:/gnu tools arm embedded/5.2 2015q4/bin/../lib/gcc/arm-none-eabi/5.2.1/../../../../arm-none-eabi/lib/armv7e-m/fpu\libg.a(lib_a-memmove.o)
                0x08019fb0                memmove
 .text._Balloc  0x0801a078       0x4c d:/gnu tools arm embedded/5.2 2015q4/bin/../lib/gcc/arm-none-eabi/5.2.1/../../../../arm-none-eabi/lib/armv7e-m/fpu\libg.a(lib_a-mprec.o)
                0x0801a078                _Balloc