Archive member included to satisfy reference by file (symbol)

d:/gnu tools arm embedded/5.2 2015q4/bin/../lib/gcc/arm-none-eabi/5.2.1/armv7e-m/fpu\libgcc.a(_arm_addsubdf3.o)
                              ..\obj\tm_stm32f4_fatfs.o (__aeabi_ui2d)
d:/gnu tools arm embedded/5.2 2015q4/bin/../lib/gcc/arm-none-eabi/5.2.1/armv7e-m/fpu\libgcc.a(_arm_muldivdf3.o)
                              ..\obj\tm_stm32f4_fatfs.o (__aeabi_dmul)
d:/gnu tools arm embedded/5.2 2015q4/bin/../lib/gcc/arm-none-eabi/5.2.1/armv7e-m/fpu\libgcc.a(_arm_fixunsdfsi.o)
                              ..\obj\tm_stm32f4_fatfs.o (__aeabi_d2uiz)
d:/gnu tools arm embedded/5.2 2015q4/bin/../lib/gcc/arm-none-eabi/5.2.1/../../../../arm-none-eabi/lib/armv7e-m/fpu\libg.a(lib_a-asctime.o)
                              ..\obj\tm_stm32f4_ethernet.o (asctime)
d:/gnu tools arm embedded/5.2 2015q4/bin/../lib/gcc/arm-none-eabi/5.2.1/../../../../arm-none-eabi/lib/armv7e-m/fpu\libg.a(lib_a-asctime_r.o)
                              d:/gnu tools arm embedded/5.2 2015q4/bin/../lib/gcc/arm-none-eabi/5.2.1/../../../../arm-none-eabi/lib/armv7e-m/fpu\libg.a(lib_a-asctime.o) (asctime_r)
d:/gnu tools arm embedded/5.2 2015q4/bin/../lib/gcc/arm-none-eabi/5.2.1/../../../../arm-none-eabi/lib/armv7e-m/fpu\libg.a(lib_a-atof.o)
                              ..\obj\mjson.o (atof)
d:/gnu tools arm embedded/5.2 2015q4/bin/../lib/gcc/arm-none-eabi/5.2.1/../../../../arm-none-eabi/lib/armv7e-m/fpu\libg.a(lib_a-atoi.o)
                              ..\obj\httpd.o (atoi)
d:/gnu tools arm embedded/5.2 2015q4/bin/../lib/gcc/arm-none-eabi/5.2.1/../../../../arm-none-eabi/lib/armv7e-m/fpu\libg.a(lib_a-ctype_.o)
                              ..\obj\mjson.o (__ctype_ptr__)
d:/gnu tools arm embedded/5.2 2015q4/bin/../lib/gcc/arm-none-eabi/5.2.1/../../../../arm-none-eabi/lib/armv7e-m/fpu\libg.a(lib_a-impure.o)
                              d:/gnu tools arm embedded/5.2 2015q4/bin/../lib/gcc/arm-none-eabi/5.2.1/../../../../arm-none-eabi/lib/armv7e-m/fpu\libg.a(lib_a-asctime.o) (_impure_ptr)
d:/gnu tools arm embedded/5.2 2015q4/bin/../lib/gcc/arm-none-eabi/5.2.1/../../../../arm-none-eabi/lib/armv7e-m/fpu\libg.a(lib_a-lcltime.o)
                              ..\obj\tm_stm32f4_ethernet.o (localtime)
d:/gnu tools arm embedded/5.2 2015q4/bin/../lib/gcc/arm-none-eabi/5.2.1/../../../../arm-none-eabi/lib/armv7e-m/fpu\libg.a(lib_a-lcltime_r.o)
                              d:/gnu tools arm embedded/5.2 2015q4/bin/../lib/gcc/arm-none-eabi/5.2.1/../../../../arm-none-eabi/lib/armv7e-m/fpu\libg.a(lib_a-lcltime.o) (localtime_r)
d:/gnu tools arm embedded/5.2 2015q4/bin/../lib/gcc/arm-none-eabi/5.2.1/../../../../arm-none-eabi/lib/armv7e-m/fpu\libg.a(lib_a-malloc.o)
                              ..\obj\tm_stm32f4_fatfs.o (malloc)
d:/gnu tools arm embedded/5.2 2015q4/bin/../lib/gcc/arm-none-eabi/5.2.1/../../../../arm-none-eabi/lib/armv7e-m/fpu\libg.a(lib_a-mallocr.o)
                              d:/gnu tools arm embedded/5.2 2015q4/bin/../lib/gcc/arm-none-eabi/5.2.1/../../../../arm-none-eabi/lib/armv7e-m/fpu\libg.a(lib_a-malloc.o) (_malloc_r)
d:/gnu tools arm embedded/5.2 2015q4/bin/../lib/gcc/arm-none-eabi/5.2.1/../../../../arm-none-eabi/lib/armv7e-m/fpu\libg.a(lib_a-memcmp.o)
                              ..\obj\etharp.o (memcmp)
d:/gnu tools arm embedded/5.2 2015q4/bin/../lib/gcc/arm-none-eabi/5.2.1/../../../../arm-none-eabi/lib/armv7e-m/fpu\libg.a(lib_a-memcpy.o)
                              ..\obj\fs.o (memcpy)
d:/gnu tools arm embedded/5.2 2015q4/bin/../lib/gcc/arm-none-eabi/5.2.1/../../../../arm-none-eabi/lib/armv7e-m/fpu\libg.a(lib_a-memset.o)
                              ..\obj\mem.o (memset)
d:/gnu tools arm embedded/5.2 2015q4/bin/../lib/gcc/arm-none-eabi/5.2.1/../../../../arm-none-eabi/lib/armv7e-m/fpu\libg.a(lib_a-mlock.o)
                              d:/gnu tools arm embedded/5.2 2015q4/bin/../lib/gcc/arm-none-eabi/5.2.1/../../../../arm-none-eabi/lib/armv7e-m/fpu\libg.a(lib_a-mallocr.o) (__malloc_lock)
d:/gnu tools arm embedded/5.2 2015q4/bin/../lib/gcc/arm-none-eabi/5.2.1/../../../../arm-none-eabi/lib/armv7e-m/fpu\libg.a(lib_a-month_lengths.o)
                              d:/gnu tools arm embedded/5.2 2015q4/bin/../lib/gcc/arm-none-eabi/5.2.1/../../../../arm-none-eabi/lib/armv7e-m/fpu\libg.a(lib_a-lcltime_r.o) (__month_lengths)
d:/gnu tools arm embedded/5.2 2015q4/bin/../lib/gcc/arm-none-eabi/5.2.1/../../../../arm-none-eabi/lib/armv7e-m/fpu\libg.a(lib_a-printf.o)
                              ..\obj\tm_stm32f4_ethernet.o (printf)
d:/gnu tools arm embedded/5.2 2015q4/bin/../lib/gcc/arm-none-eabi/5.2.1/../../../../arm-none-eabi/lib/armv7e-m/fpu\libg.a(lib_a-putchar.o)
                              ..\obj\main.o (putchar)
d:/gnu tools arm embedded/5.2 2015q4/bin/../lib/gcc/arm-none-eabi/5.2.1/../../../../arm-none-eabi/lib/armv7e-m/fpu\libg.a(lib_a-puts.o)
                              ..\obj\tm_stm32f4_ethernet.o (puts)
[...]
Memory Configuration

Name             Origin             Length             Attributes
rom              0x08000000         0x00100000         xr
ram              0x20000000         0x00020000         xrw
ram1             0x10000000         0x00010000         xrw
*default*        0x00000000         0xffffffff

Linker script and memory map

                0x20020000                _eram = 0x20020000

.text           0x08000000    0x1ff2a
 *(.isr_vector)
 .isr_vector    0x08000000      0x1ac ..\obj\startup_stm32f4xx.o
                0x08000000                g_pfnVectors
 *(.text*)
 .text.TM_FATFS_CheckCardDetectPin
                0x080001ac        0x4 ..\obj\tm_stm32f4_fatfs.o
                0x080001ac                TM_FATFS_CheckCardDetectPin
 .text.SYSCFG_EXTILineConfig
                0x080001b0       0x30 ..\obj\stm32f4xx_syscfg.o
                0x080001b0                SYSCFG_EXTILineConfig
 .text.SYSCFG_ETH_MediaInterfaceConfig
                0x080001e0        0xc ..\obj\stm32f4xx_syscfg.o
                0x080001e0                SYSCFG_ETH_MediaInterfaceConfig
 .text.mem_init
                0x080001ec       0x34 ..\obj\mem.o
                0x080001ec                mem_init
 .text.mem_free
                0x08000220       0x8c ..\obj\mem.o
                0x08000220                mem_free
 .text.mem_trim
                0x080002ac       0xc8 ..\obj\mem.o
                0x080002ac                mem_trim
 .text.mem_malloc
                0x08000374       0xc8 ..\obj\mem.o
                0x08000374                mem_malloc
 .text.spi_transfer
                0x0800043c       0x54 ..\obj\spi.o
                0x0800043c                spi_transfer
 .text.mySPI_Init
                0x08000490       0xf0 ..\obj\spi.o
                0x08000490                mySPI_Init
 .text.SysTick_Init
                0x08000580       0x3c ..\obj\delay.o
                0x08000580                SysTick_Init
 .text.TimeTick_Decrement
                0x080005bc       0x14 ..\obj\delay.o
                0x080005bc                TimeTick_Decrement
 .text.delay_us
                0x080005d0       0x14 ..\obj\delay.o
                0x080005d0                delay_us
 .text.delay_1ms
                0x080005e4       0x18 ..\obj\delay.o
                0x080005e4                delay_1ms
 .text.delay_ms
                0x080005fc       0x10 ..\obj\delay.o
                0x080005fc                delay_ms
 .text.delay_200ns
                0x0800060c       0x10 ..\obj\delay.o
                0x0800060c                delay_200ns
 .text.SDIO_DeInit
                0x0800061c       0x18 ..\obj\stm32f4xx_sdio.o
                0x0800061c                SDIO_DeInit
 .text.SDIO_Init
                0x08000634       0x34 ..\obj\stm32f4xx_sdio.o
                0x08000634                SDIO_Init
 .text.SDIO_ClockCmd
                0x08000668        0xc ..\obj\stm32f4xx_sdio.o
                0x08000668                SDIO_ClockCmd
 .text.SDIO_SetPowerState
                0x08000674        0xc ..\obj\stm32f4xx_sdio.o
                0x08000674                SDIO_SetPowerState
 .text.SDIO_GetPowerState
                0x08000680       0x10 ..\obj\stm32f4xx_sdio.o
                0x08000680                SDIO_GetPowerState
 .text.SDIO_SendCommand
                0x08000690       0x30 ..\obj\stm32f4xx_sdio.o
                0x08000690                SDIO_SendCommand
 .text.SDIO_GetCommandResponse
                0x080006c0        0xc ..\obj\stm32f4xx_sdio.o
                0x080006c0                SDIO_GetCommandResponse
 .text.SDIO_GetResponse
                0x080006cc       0x18 ..\obj\stm32f4xx_sdio.o
                0x080006cc                SDIO_GetResponse
 .text.SDIO_DataConfig
                0x080006e4       0x30 ..\obj\stm32f4xx_sdio.o
                0x080006e4                SDIO_DataConfig
 .text.SDIO_ReadData
                0x08000714        0xc ..\obj\stm32f4xx_sdio.o
                0x08000714                SDIO_ReadData
 .text.SDIO_DMACmd
                0x08000720        0xc ..\obj\stm32f4xx_sdio.o
                0x08000720                SDIO_DMACmd
 .text.SDIO_GetFlagStatus
                0x0800072c       0x14 ..\obj\stm32f4xx_sdio.o
                0x0800072c                SDIO_GetFlagStatus
 .text.SDIO_GetITStatus
                0x08000740       0x14 ..\obj\stm32f4xx_sdio.o
                0x08000740                SDIO_GetITStatus
 .text.SDIO_ClearITPendingBit
                0x08000754        0xc ..\obj\stm32f4xx_sdio.o
                0x08000754                SDIO_ClearITPendingBit
 .text.TM_DS18B20_StartAll
                0x08000760       0x1c ..\obj\tm_stm32f4_ds18b20.o
                0x08000760                TM_DS18B20_StartAll
 .text.TM_DS18B20_Read
                0x0800077c      0x114 ..\obj\tm_stm32f4_ds18b20.o
                0x0800077c                TM_DS18B20_Read
 .text.TM_DS18B20_SetResolution
                0x08000890       0xc8 ..\obj\tm_stm32f4_ds18b20.o
                0x08000890                TM_DS18B20_SetResolution
 .text.TM_DS18B20_AllDone
                0x08000958        0x8 ..\obj\tm_stm32f4_ds18b20.o
                0x08000958                TM_DS18B20_AllDone
 .text.tcp_accept_null
                0x08000960        0x8 ..\obj\tcp.o
 .text.tcp_new_port
                0x08000968       0x64 ..\obj\tcp.o
 .text.tcp_bind
                0x080009cc       0x84 ..\obj\tcp.o
                0x080009cc                tcp_bind
 .text.tcp_listen_with_backlog
                0x08000a50       0xb4 ..\obj\tcp.o
                0x08000a50                tcp_listen_with_backlog
 .text.tcp_update_rcv_ann_wnd
                0x08000b04       0x3c ..\obj\tcp.o
                0x08000b04                tcp_update_rcv_ann_wnd
 .text.tcp_recved
                0x08000b40       0x38 ..\obj\tcp.o
                0x08000b40                tcp_recved
 .text.tcp_seg_free
                0x08000b78       0x1c ..\obj\tcp.o
                0x08000b78                tcp_seg_free
 .text.tcp_segs_free
                0x08000b94       0x18 ..\obj\tcp.o
                0x08000b94                tcp_segs_free
 .text.tcp_setprio
                0x08000bac        0x4 ..\obj\tcp.o
                0x08000bac                tcp_setprio
 .text.tcp_arg  0x08000bb0        0x4 ..\obj\tcp.o
                0x08000bb0                tcp_arg
 .text.tcp_recv
                0x08000bb4        0x4 ..\obj\tcp.o
                0x08000bb4                tcp_recv
 .text.tcp_sent
                0x08000bb8        0x4 ..\obj\tcp.o
                0x08000bb8                tcp_sent
 .text.tcp_err  0x08000bbc        0x8 ..\obj\tcp.o
                0x08000bbc                tcp_err
 .text.tcp_accept
                0x08000bc4        0x4 ..\obj\tcp.o
                0x08000bc4                tcp_accept
 .text.tcp_poll
                0x08000bc8        0xc ..\obj\tcp.o
                0x08000bc8                tcp_poll
 .text.tcp_pcb_purge
                0x08000bd4       0x3c ..\obj\tcp.o
                0x08000bd4                tcp_pcb_purge
 .text.tcp_slowtmr
                0x08000c10      0x32c ..\obj\tcp.o
                0x08000c10                tcp_slowtmr
 .text.tcp_pcb_remove
                0x08000f3c       0x70 ..\obj\tcp.o
                0x08000f3c                tcp_pcb_remove
 .text.tcp_close_shutdown
                0x08000fac      0x1bc ..\obj\tcp.o
 .text.tcp_close
                0x08001168       0x18 ..\obj\tcp.o
                0x08001168                tcp_close
 .text.tcp_recv_null
                0x08001180       0x28 ..\obj\tcp.o
                0x08001180                tcp_recv_null
 .text.tcp_process_refused_data
                0x080011a8       0x74 ..\obj\tcp.o
                0x080011a8                tcp_process_refused_data
 .text.tcp_fasttmr
                0x0800121c       0x74 ..\obj\tcp.o
                0x0800121c                tcp_fasttmr
 .text.tcp_tmr  0x08001290       0x20 ..\obj\tcp.o
                0x08001290                tcp_tmr
 .text.tcp_abandon
                0x080012b0       0x88 ..\obj\tcp.o
                0x080012b0                tcp_abandon
 .text.tcp_abort
                0x08001338        0xc ..\obj\tcp.o
                0x08001338                tcp_abort
 .text.tcp_next_iss
                0x08001344       0x18 ..\obj\tcp.o
                0x08001344                tcp_next_iss
 .text.tcp_alloc
                0x0800135c      0x10c ..\obj\tcp.o
                0x0800135c                tcp_alloc
 .text.tcp_new  0x08001468        0xc ..\obj\tcp.o
                0x08001468                tcp_new
 .text.tcp_eff_send_mss
                0x08001474       0x20 ..\obj\tcp.o
                0x08001474                tcp_eff_send_mss
 .text.tcp_connect
                0x08001494      0x108 ..\obj\tcp.o
                0x08001494                tcp_connect
 .text.tcp_parseopt
                0x0800159c       0x90 ..\obj\tcp_in.o
 .text.tcp_receive
                0x0800162c      0x4d4 ..\obj\tcp_in.o
 .text.tcp_input
                0x08001b00      0x908 ..\obj\tcp_in.o
                0x08001b00                tcp_input
 .text.USART_DeInit
                0x08002408       0xfc ..\obj\stm32f4xx_usart.o
                0x08002408                USART_DeInit
 .text.USART_Init
                0x08002504       0xc0 ..\obj\stm32f4xx_usart.o
                0x08002504                USART_Init
 .text.PWR_BackupAccessCmd
                0x080025c4        0xc ..\obj\stm32f4xx_pwr.o
                0x080025c4                PWR_BackupAccessCmd
 .text.TM_WATCHDOG_Init
                0x080025d0       0xc8 ..\obj\tm_stm32f4_watchdog.o
                0x080025d0                TM_WATCHDOG_Init
 .text.memp_init
                0x08002698       0x74 ..\obj\memp.o
                0x08002698                memp_init
 .text.memp_malloc
                0x0800270c       0x2c ..\obj\memp.o
                0x0800270c                memp_malloc
 .text.memp_free
                0x08002738       0x18 ..\obj\memp.o
                0x08002738                memp_free
 .text.ip_reass_free_complete_datagram
                0x08002750       0x98 ..\obj\ip_frag.o
 .text.ip_reass_remove_oldest_datagram
                0x080027e8       0x70 ..\obj\ip_frag.o
 .text.ipfrag_free_pbuf_custom
                0x08002858       0x18 ..\obj\ip_frag.o
 .text.ip_reass
                0x08002870      0x330 ..\obj\ip_frag.o
                0x08002870                ip_reass
 .text.ip_frag  0x08002ba0      0x1a8 ..\obj\ip_frag.o
                0x08002ba0                ip_frag
 .text.TM_DISCO_LedInit
                0x08002d48       0x28 ..\obj\tm_stm32f4_disco.o
                0x08002d48                TM_DISCO_LedInit
 .text.TM_DISCO_ButtonInit
                0x08002d70       0x20 ..\obj\tm_stm32f4_disco.o
                0x08002d70                TM_DISCO_ButtonInit
 .text.fs_open  0x08002d90      0x114 ..\obj\fs.o
                0x08002d90                fs_open
 .text.fs_close
                0x08002ea4       0x4c ..\obj\fs.o
                0x08002ea4                fs_close
 .text.fs_read  0x08002ef0       0x44 ..\obj\fs.o
                0x08002ef0                fs_read
 .text.fs_bytes_left
                0x08002f34        0x8 ..\obj\fs.o
                0x08002f34                fs_bytes_left
 .text.TM_FATFS_USB_disk_initialize
                0x08002f3c        0x4 ..\obj\diskio.o
                0x08002f3c                TM_FATFS_USB_disk_initialize
 .text.TM_FATFS_SDRAM_disk_initialize
                0x08002f40        0x4 ..\obj\diskio.o
                0x08002f40                TM_FATFS_SDRAM_disk_initialize
 .text.TM_FATFS_SPI_FLASH_disk_initialize
                0x08002f44        0x4 ..\obj\diskio.o
                0x08002f44                TM_FATFS_SPI_FLASH_disk_initialize
 .text.TM_FATFS_USB_disk_status
                0x08002f48        0x4 ..\obj\diskio.o
                0x08002f48                TM_FATFS_USB_disk_status
 .text.TM_FATFS_SDRAM_disk_status
                0x08002f4c        0x4 ..\obj\diskio.o
                0x08002f4c                TM_FATFS_SDRAM_disk_status
 .text.TM_FATFS_SPI_FLASH_disk_status
                0x08002f50        0x4 ..\obj\diskio.o
                0x08002f50                TM_FATFS_SPI_FLASH_disk_status
 .text.TM_FATFS_USB_disk_ioctl
                0x08002f54        0x4 ..\obj\diskio.o
                0x08002f54                TM_FATFS_USB_disk_ioctl
 .text.TM_FATFS_SDRAM_disk_ioctl
                0x08002f58        0x4 ..\obj\diskio.o
                0x08002f58                TM_FATFS_SDRAM_disk_ioctl
 .text.TM_FATFS_SPI_FLASH_disk_ioctl
                0x08002f5c        0x4 ..\obj\diskio.o
                0x08002f5c                TM_FATFS_SPI_FLASH_disk_ioctl
 .text.TM_FATFS_USB_disk_read
                0x08002f60        0x4 ..\obj\diskio.o
                0x08002f60                TM_FATFS_USB_disk_read
 .text.TM_FATFS_SDRAM_disk_read
                0x08002f64        0x4 ..\obj\diskio.o
                0x08002f64                TM_FATFS_SDRAM_disk_read
 .text.TM_FATFS_SPI_FLASH_disk_read
                0x08002f68        0x4 ..\obj\diskio.o
                0x08002f68                TM_FATFS_SPI_FLASH_disk_read
 .text.TM_FATFS_USB_disk_write
                0x08002f6c        0x4 ..\obj\diskio.o
                0x08002f6c                TM_FATFS_USB_disk_write
 .text.TM_FATFS_SDRAM_disk_write
                0x08002f70        0x4 ..\obj\diskio.o
                0x08002f70                TM_FATFS_SDRAM_disk_write
 .text.TM_FATFS_SPI_FLASH_disk_write
                0x08002f74        0x4 ..\obj\diskio.o
                0x08002f74                TM_FATFS_SPI_FLASH_disk_write
 .text.disk_initialize
                0x08002f78       0x1c ..\obj\diskio.o
                0x08002f78                disk_initialize
 .text.disk_status
                0x08002f94       0x1c ..\obj\diskio.o
                0x08002f94                disk_status
 .text.disk_read
                0x08002fb0       0x30 ..\obj\diskio.o
                0x08002fb0                disk_read
 .text.disk_write
                0x08002fe0       0x30 ..\obj\diskio.o
                0x08002fe0                disk_write
 .text.disk_ioctl
                0x08003010       0x20 ..\obj\diskio.o
                0x08003010                disk_ioctl
 .text.get_fattime
                0x08003030        0x8 ..\obj\diskio.o
                0x08003030                get_fattime
 .text.Default_Handler
                0x08003038        0x4 ..\obj\startup_stm32f4xx.o
                0x08003038                HASH_RNG_IRQHandler
                0x08003038                EXTI2_IRQHandler
                0x08003038                TIM8_CC_IRQHandler
                0x08003038                DebugMon_Handler
                0x08003038                UART8_IRQHandler
                0x08003038                SPI4_IRQHandler
                0x08003038                TIM1_CC_IRQHandler
                0x08003038                DMA2_Stream5_IRQHandler
                0x08003038                HardFault_Handler
                0x08003038                DMA1_Stream5_IRQHandler
                0x08003038                PVD_IRQHandler
                0x08003038                TAMP_STAMP_IRQHandler
                0x08003038                PendSV_Handler
                0x08003038                NMI_Handler
                0x08003038                CAN2_RX1_IRQHandler
                0x08003038                TIM8_TRG_COM_TIM14_IRQHandler
                0x08003038                TIM1_UP_TIM10_IRQHandler
                0x08003038                TIM8_UP_TIM13_IRQHandler
                0x08003038                I2C3_ER_IRQHandler
                0x08003038                I2C2_EV_IRQHandler
                0x08003038                DMA1_Stream2_IRQHandler
                0x08003038                CAN1_RX0_IRQHandler
                0x08003038                FPU_IRQHandler
                0x08003038                OTG_HS_WKUP_IRQHandler
                0x08003038                UsageFault_Handler
                0x08003038                LTDC_ER_IRQHandler
                0x08003038                CAN2_SCE_IRQHandler
                0x08003038                DMA2_Stream2_IRQHandler
                0x08003038                SPI1_IRQHandler
                0x08003038                TIM6_DAC_IRQHandler
                0x08003038                TIM1_BRK_TIM9_IRQHandler
                0x08003038                DCMI_IRQHandler
                0x08003038                CAN2_RX0_IRQHandler
                0x08003038                CRYP_IRQHandler
                0x08003038                CAN1_RX1_IRQHandler
                0x08003038                DMA2_Stream0_IRQHandler
                0x08003038                TIM4_IRQHandler
                0x08003038                I2C1_EV_IRQHandler
                0x08003038                DMA1_Stream6_IRQHandler
                0x08003038                DMA1_Stream1_IRQHandler
                0x08003038                TIM3_IRQHandler
                0x08003038                RCC_IRQHandler
                0x08003038                TIM8_BRK_TIM12_IRQHandler
                0x08003038                EXTI15_10_IRQHandler
                0x08003038                ADC_IRQHandler
                0x08003038                DMA1_Stream7_IRQHandler
                0x08003038                SPI5_IRQHandler
                0x08003038                TIM7_IRQHandler
                0x08003038                CAN2_TX_IRQHandler
                0x08003038                TIM5_IRQHandler
                0x08003038                DMA2_Stream7_IRQHandler
                0x08003038                I2C3_EV_IRQHandler
                0x08003038                EXTI9_5_IRQHandler
                0x08003038                LTDC_IRQHandler
                0x08003038                ETH_WKUP_IRQHandler
                0x08003038                SPI2_IRQHandler
                0x08003038                OTG_HS_EP1_IN_IRQHandler
                0x08003038                MemManage_Handler
                0x08003038                DMA1_Stream0_IRQHandler
                0x08003038                CAN1_TX_IRQHandler
                0x08003038                SVC_Handler
                0x08003038                EXTI4_IRQHandler
                0x08003038                ETH_IRQHandler
                0x08003038                OTG_HS_EP1_OUT_IRQHandler
                0x08003038                WWDG_IRQHandler
                0x08003038                SPI6_IRQHandler
                0x08003038                TIM2_IRQHandler
                0x08003038                OTG_FS_WKUP_IRQHandler
                0x08003038                TIM1_TRG_COM_TIM11_IRQHandler
                0x08003038                OTG_HS_IRQHandler
                0x08003038                DMA2D_IRQHandler
                0x08003038                EXTI1_IRQHandler
                0x08003038                UART7_IRQHandler
                0x08003038                I2C2_ER_IRQHandler
                0x08003038                DMA2_Stream1_IRQHandler
                0x08003038                CAN1_SCE_IRQHandler
                0x08003038                FLASH_IRQHandler
                0x08003038                DMA2_Stream4_IRQHandler
                0x08003038                BusFault_Handler
                0x08003038                OTG_FS_IRQHandler
                0x08003038                SPI3_IRQHandler
                0x08003038                DMA1_Stream4_IRQHandler
                0x08003038                I2C1_ER_IRQHandler
                0x08003038                FMC_IRQHandler
                0x08003038                DMA2_Stream6_IRQHandler
                0x08003038                SAI1_IRQHandler
                0x08003038                DMA1_Stream3_IRQHandler
 .text.Default_Reset_Handler
                0x0800303c       0x60 ..\obj\startup_stm32f4xx.o
                0x0800303c                Default_Reset_Handler
                0x0800303c                Reset_Handler
 .text.ETH_DeInit
                0x0800309c       0x18 ..\obj\stm32f4x7_eth.o
                0x0800309c                ETH_DeInit
 .text.ETH_StructInit
                0x080030b4       0xa8 ..\obj\stm32f4x7_eth.o
                0x080030b4                ETH_StructInit
 .text.ETH_MACTransmissionCmd
                0x0800315c       0x64 ..\obj\stm32f4x7_eth.o
                0x0800315c                ETH_MACTransmissionCmd
 .text.ETH_MACReceptionCmd
                0x080031c0       0x64 ..\obj\stm32f4x7_eth.o
                0x080031c0                ETH_MACReceptionCmd
 .text.ETH_MACAddressConfig
                0x08003224       0x30 ..\obj\stm32f4x7_eth.o
                0x08003224                ETH_MACAddressConfig
 .text.ETH_Get_Received_Frame
                0x08003254       0x30 ..\obj\stm32f4x7_eth.o
                0x08003254                ETH_Get_Received_Frame
 .text.ETH_Prepare_Transmit_Descriptors
                0x08003284       0xf0 ..\obj\stm32f4x7_eth.o
                0x08003284                ETH_Prepare_Transmit_Descriptors
 .text.ETH_DMARxDescChainInit
                0x08003374       0x60 ..\obj\stm32f4x7_eth.o
                0x08003374                ETH_DMARxDescChainInit
 .text.ETH_CheckFrameReceived
                0x080033d4       0x9c ..\obj\stm32f4x7_eth.o
                0x080033d4                ETH_CheckFrameReceived
 .text.ETH_DMATxDescChainInit
                0x08003470       0x48 ..\obj\stm32f4x7_eth.o
                0x08003470                ETH_DMATxDescChainInit
 .text.ETH_DMATxDescChecksumInsertionConfig
                0x080034b8        0x8 ..\obj\stm32f4x7_eth.o
                0x080034b8                ETH_DMATxDescChecksumInsertionConfig
 .text.ETH_SoftwareReset
                0x080034c0       0x10 ..\obj\stm32f4x7_eth.o
                0x080034c0                ETH_SoftwareReset
 .text.ETH_GetSoftwareResetStatus
                0x080034d0       0x10 ..\obj\stm32f4x7_eth.o
                0x080034d0                ETH_GetSoftwareResetStatus
 .text.ETH_FlushTransmitFIFO
                0x080034e0       0x5c ..\obj\stm32f4x7_eth.o
                0x080034e0                ETH_FlushTransmitFIFO
 .text.ETH_DMATransmissionCmd
                0x0800353c       0x28 ..\obj\stm32f4x7_eth.o
                0x0800353c                ETH_DMATransmissionCmd
 .text.ETH_DMAReceptionCmd
                0x08003564       0x28 ..\obj\stm32f4x7_eth.o
                0x08003564                ETH_DMAReceptionCmd
 .text.ETH_Start
                0x0800358c       0x20 ..\obj\stm32f4x7_eth.o
                0x0800358c                ETH_Start
 .text.ETH_Stop
                0x080035ac       0x20 ..\obj\stm32f4x7_eth.o
                0x080035ac                ETH_Stop
 .text.ETH_ReadPHYRegister
                0x080035cc       0x58 ..\obj\stm32f4x7_eth.o
                0x080035cc                ETH_ReadPHYRegister
 .text.ETH_WritePHYRegister
                0x08003624       0x5c ..\obj\stm32f4x7_eth.o
                0x08003624                ETH_WritePHYRegister
 .text.ETH_Init
                0x08003680      0x3ec ..\obj\stm32f4x7_eth.o
                0x08003680                ETH_Init
 .text.ip4_addr_isbroadcast
                0x08003a6c       0x40 ..\obj\ip_addr.o
                0x08003a6c                ip4_addr_isbroadcast
 .text.ipaddr_aton
                0x08003aac      0x140 ..\obj\ip_addr.o
                0x08003aac                ipaddr_aton
 .text.ipaddr_addr
                0x08003bec       0x1c ..\obj\ip_addr.o
                0x08003bec                ipaddr_addr
 .text.TM_ETHERNET_Init
                0x08003c08      0x110 ..\obj\tm_stm32f4_ethernet.o
                0x08003c08                TM_ETHERNET_Init
 .text.TM_ETHERNETSERVER_Enable
                0x08003d18       0x50 ..\obj\tm_stm32f4_ethernet.o
                0x08003d18                TM_ETHERNETSERVER_Enable
 .text.TM_ETHERNET_Update
                0x08003d68       0x1c ..\obj\tm_stm32f4_ethernet.o
                0x08003d68                TM_ETHERNET_Update
 .text.TM_ETHERNET_TimeUpdate
                0x08003d84       0x10 ..\obj\tm_stm32f4_ethernet.o
                0x08003d84                TM_ETHERNET_TimeUpdate
 .text.TM_ETHERNET_TestReady
                0x08003d94       0x1c ..\obj\tm_stm32f4_ethernet.o
                0x08003d94                TM_ETHERNET_TestReady
 .text.TM_ETHERNETSERVER_SetSSITags
                0x08003db0       0x28 ..\obj\tm_stm32f4_ethernet.o
                0x08003db0                TM_ETHERNETSERVER_SetSSITags
 .text.TM_ETHERNETSERVER_SetCGIHandlers
                0x08003dd8       0x20 ..\obj\tm_stm32f4_ethernet.o
                0x08003dd8                TM_ETHERNETSERVER_SetCGIHandlers
 .text.TM_ETHERNET_SystemResetCallback
                0x08003df8        0x4 ..\obj\tm_stm32f4_ethernet.o
                0x08003df8                TM_ETHERNET_SystemResetCallback
 .text.TM_ETHERNETCLIENT_Connect
                0x08003dfc       0x68 ..\obj\tm_stm32f4_ethernet.o
                0x08003dfc                TM_ETHERNETCLIENT_Connect
 .text.TM_ETHERNETCLIENT_CreateHeadersCallback
                0x08003e64       0xd4 ..\obj\tm_stm32f4_ethernet.o
                0x08003e64                TM_ETHERNETCLIENT_CreateHeadersCallback
 .text.TM_ETHERNETCLIENT_ConnectionStartedCallback
                0x08003f38        0x4 ..\obj\tm_stm32f4_ethernet.o
                0x08003f38                TM_ETHERNETCLIENT_ConnectionStartedCallback
 .text.TM_ETHERNETCLIENT_ConnectedCallback
                0x08003f3c        0x4 ..\obj\tm_stm32f4_ethernet.o
                0x08003f3c                TM_ETHERNETCLIENT_ConnectedCallback
 .text.TM_ETHERNETCLIENT_ConnectionClosedCallback
                0x08003f40        0x4 ..\obj\tm_stm32f4_ethernet.o
                0x08003f40                TM_ETHERNETCLIENT_ConnectionClosedCallback
 .text.TM_ETHERNETCLIENT_ErrorCallback
                0x08003f44        0x4 ..\obj\tm_stm32f4_ethernet.o
                0x08003f44                TM_ETHERNETCLIENT_ErrorCallback
 .text.TM_ETHERNETCLIENT_ReceiveDataCallback
                0x08003f48      0x120 ..\obj\tm_stm32f4_ethernet.o
                0x08003f48                TM_ETHERNETCLIENT_ReceiveDataCallback
 .text.TM_ETHERNETSERVER_PostRequestBeginCallback
                0x08004068        0x4 ..\obj\tm_stm32f4_ethernet.o
                0x08004068                TM_ETHERNETSERVER_PostRequestBeginCallback
 .text.TM_ETHERNETSERVER_PostRequestReceiveDataCallback
                0x0800406c        0x4 ..\obj\tm_stm32f4_ethernet.o
                0x0800406c                TM_ETHERNETSERVER_PostRequestReceiveDataCallback
 .text.TM_ETHERNETSERVER_PostRequestEndCallback
                0x08004070        0x4 ..\obj\tm_stm32f4_ethernet.o
                0x08004070                TM_ETHERNETSERVER_PostRequestEndCallback
 .text.TM_ETHERNETDNS_FoundCallback
                0x08004074        0x4 ..\obj\tm_stm32f4_ethernet.o
                0x08004074                TM_ETHERNETDNS_FoundCallback
 .text.TM_ETHERNETDNS_ErrorCallback
                0x08004078        0x4 ..\obj\tm_stm32f4_ethernet.o
                0x08004078                TM_ETHERNETDNS_ErrorCallback
 .text.TM_ETHERNETDNS_GetHostByName
                0x0800407c       0x6c ..\obj\tm_stm32f4_ethernet.o
                0x0800407c                TM_ETHERNETDNS_GetHostByName
 .text.TM_ETHERNET_INT_DNSFoundCallback
                0x080040e8       0x34 ..\obj\tm_stm32f4_ethernet.o
                0x080040e8                TM_ETHERNET_INT_DNSFoundCallback
 .text.TM_ETHERNETPHY_CustomOptions
                0x0800411c        0x4 ..\obj\tm_stm32f4_ethernet.o
                0x0800411c                TM_ETHERNETPHY_CustomOptions
 .text.TM_ETHERNET_InitPinsCallback
                0x08004120        0x4 ..\obj\tm_stm32f4_ethernet.o
                0x08004120                TM_ETHERNET_InitPinsCallback
 .text.TM_ETHERNET_INT_CustomOptions
                0x08004124        0x8 ..\obj\tm_stm32f4_ethernet.o
                0x08004124                TM_ETHERNET_INT_CustomOptions
 .text.TM_ETHERNET_INT_SetIPAddress
                0x0800412c       0x30 ..\obj\tm_stm32f4_ethernet.o
                0x0800412c                TM_ETHERNET_INT_SetIPAddress
 .text.TM_ETHERNET_INT_LinkIsUpCallback
                0x0800415c       0x1c ..\obj\tm_stm32f4_ethernet.o
                0x0800415c                TM_ETHERNET_INT_LinkIsUpCallback
 .text.TM_ETHERNET_INT_LinkIsDownCallback
                0x08004178       0x18 ..\obj\tm_stm32f4_ethernet.o
                0x08004178                TM_ETHERNET_INT_LinkIsDownCallback
 .text.lwip_standard_chksum
                0x08004190       0x74 ..\obj\inet_chksum.o
 .text.inet_chksum
                0x08004204        0xc ..\obj\inet_chksum.o
                0x08004204                inet_chksum
 .text.inet_chksum_pbuf
                0x08004210       0x50 ..\obj\inet_chksum.o
                0x08004210                inet_chksum_pbuf
 .text.LEDS_CGI_Handler
                0x08004260      0x108 ..\obj\main.o
                0x08004260                LEDS_CGI_Handler
 .text.TEMP_CGI_Handler
                0x08004368      0x108 ..\obj\main.o
                0x08004368                TEMP_CGI_Handler
 .text.TM_DELAY_1msHandler
                0x08004470        0xc ..\obj\main.o
                0x08004470                TM_DELAY_1msHandler
 .text.TM_ETHERNETSERVER_SSICallback
                0x0800447c      0x388 ..\obj\main.o
                0x0800447c                TM_ETHERNETSERVER_SSICallback
 .text.TM_ETHERNET_IPIsSetCallback
                0x08004804       0x9c ..\obj\main.o
                0x08004804                TM_ETHERNET_IPIsSetCallback
 .text.TM_ETHERNET_LinkIsDownCallback
                0x080048a0       0x10 ..\obj\main.o
                0x080048a0                TM_ETHERNET_LinkIsDownCallback
 .text.TM_ETHERNET_LinkIsUpCallback
                0x080048b0       0x10 ..\obj\main.o
                0x080048b0                TM_ETHERNET_LinkIsUpCallback
 .text.TM_ETHERNETSERVER_OpenFileCallback
                0x080048c0       0xbc ..\obj\main.o
                0x080048c0                TM_ETHERNETSERVER_OpenFileCallback
 .text.TM_ETHERNETSERVER_ReadFileCallback
                0x0800497c       0x5c ..\obj\main.o
                0x0800497c                TM_ETHERNETSERVER_ReadFileCallback
 .text.TM_ETHERNETSERVER_CloseFileCallback
                0x080049d8       0x3c ..\obj\main.o
                0x080049d8                TM_ETHERNETSERVER_CloseFileCallback
 .text.TM_ETHERNETSERVER_ClientConnectedCallback
                0x08004a14       0x2c ..\obj\main.o
                0x08004a14                TM_ETHERNETSERVER_ClientConnectedCallback
 .text.TM_ETHERNETSERVER_ClientDisconnectedCallback
                0x08004a40       0x10 ..\obj\main.o
                0x08004a40                TM_ETHERNETSERVER_ClientDisconnectedCallback
 .text.fputc    0x08004a50       0x38 ..\obj\main.o
                0x08004a50                fputc
 .text.parseFrame
                0x08004a88       0x34 ..\obj\main.o
                0x08004a88                parseFrame
 .text.parseFrameV
                0x08004abc       0x50 ..\obj\main.o
                0x08004abc                parseFrameV
 .text.main     0x08004b0c      0x4ec ..\obj\main.o
                0x08004b0c                main
 .text.RCC_LSEConfig
                0x08004ff8       0x28 ..\obj\stm32f4xx_rcc.o
                0x08004ff8                RCC_LSEConfig
 .text.RCC_LSICmd
                0x08005020        0xc ..\obj\stm32f4xx_rcc.o
                0x08005020                RCC_LSICmd
 .text.RCC_GetClocksFreq
                0x0800502c       0xa4 ..\obj\stm32f4xx_rcc.o
                0x0800502c                RCC_GetClocksFreq
 .text.RCC_RTCCLKConfig
                0x080050d0       0x30 ..\obj\stm32f4xx_rcc.o
                0x080050d0                RCC_RTCCLKConfig
 .text.RCC_RTCCLKCmd
                0x08005100        0xc ..\obj\stm32f4xx_rcc.o
                0x08005100                RCC_RTCCLKCmd
 .text.RCC_AHB1PeriphClockCmd
                0x0800510c       0x1c ..\obj\stm32f4xx_rcc.o
                0x0800510c                RCC_AHB1PeriphClockCmd
 .text.RCC_APB1PeriphClockCmd
                0x08005128       0x1c ..\obj\stm32f4xx_rcc.o
                0x08005128                RCC_APB1PeriphClockCmd
 .text.RCC_APB2PeriphClockCmd
                0x08005144       0x1c ..\obj\stm32f4xx_rcc.o
                0x08005144                RCC_APB2PeriphClockCmd
 .text.RCC_AHB1PeriphResetCmd
                0x08005160       0x1c ..\obj\stm32f4xx_rcc.o
                0x08005160                RCC_AHB1PeriphResetCmd
 .text.RCC_APB1PeriphResetCmd
                0x0800517c       0x1c ..\obj\stm32f4xx_rcc.o
                0x0800517c                RCC_APB1PeriphResetCmd
 .text.RCC_APB2PeriphResetCmd
                0x08005198       0x1c ..\obj\stm32f4xx_rcc.o
                0x08005198                RCC_APB2PeriphResetCmd
 .text.RCC_GetFlagStatus
                0x080051b4       0x28 ..\obj\stm32f4xx_rcc.o
                0x080051b4                RCC_GetFlagStatus
 .text.LwIP_Init
                0x080051dc       0xd4 ..\obj\netconf.o
                0x080051dc                LwIP_Init
 .text.LwIP_CheckFrameReceived
                0x080052b0        0x8 ..\obj\netconf.o
                0x080052b0                LwIP_CheckFrameReceived
 .text.LwIP_Pkt_Handle
                0x080052b8       0x10 ..\obj\netconf.o
                0x080052b8                LwIP_Pkt_Handle
 .text.LwIP_Periodic_Handle
                0x080052c8       0x54 ..\obj\netconf.o
                0x080052c8                LwIP_Periodic_Handle
 .text.tcp_timer_needed
                0x0800531c        0x4 ..\obj\timers.o
                0x0800531c                tcp_timer_needed
 .text.TM_USART_INT_InsertToBuffer
                0x08005320       0x28 ..\obj\tm_stm32f4_usart.o
                0x08005320                TM_USART_INT_InsertToBuffer
 .text.TM_USART_InitCustomPinsCallback
                0x08005348        0x4 ..\obj\tm_stm32f4_usart.o
                0x08005348                TM_USART_InitCustomPinsCallback
 .text.TM_USART_INT_GetUsart
                0x0800534c       0x60 ..\obj\tm_stm32f4_usart.o
                0x0800534c                TM_USART_INT_GetUsart
 .text.TM_USART_INT_GetSubPriority
                0x080053ac       0x44 ..\obj\tm_stm32f4_usart.o
                0x080053ac                TM_USART_INT_GetSubPriority
 .text.TM_USART1_InitPins
                0x080053f0       0x58 ..\obj\tm_stm32f4_usart.o
                0x080053f0                TM_USART1_InitPins
 .text.TM_USART2_InitPins
                0x08005448       0x54 ..\obj\tm_stm32f4_usart.o
                0x08005448                TM_USART2_InitPins
 .text.TM_USART3_InitPins
                0x0800549c       0x7c ..\obj\tm_stm32f4_usart.o
                0x0800549c                TM_USART3_InitPins
 .text.TM_UART4_InitPins
                0x08005518       0x54 ..\obj\tm_stm32f4_usart.o
                0x08005518                TM_UART4_InitPins
 .text.TM_UART5_InitPins
                0x0800556c       0x4c ..\obj\tm_stm32f4_usart.o
                0x0800556c                TM_UART5_InitPins
 .text.TM_USART6_InitPins
                0x080055b8       0x58 ..\obj\tm_stm32f4_usart.o
                0x080055b8                TM_USART6_InitPins
 .text.TM_USART_INT_Init
                0x08005610      0x15c ..\obj\tm_stm32f4_usart.o
 .text.TM_USART_Init
                0x0800576c       0xd4 ..\obj\tm_stm32f4_usart.o
                0x0800576c                TM_USART_Init
 .text.USART1_IRQHandler
                0x08005840       0x24 ..\obj\tm_stm32f4_usart.o
                0x08005840                USART1_IRQHandler
 .text.USART2_IRQHandler
                0x08005864       0x24 ..\obj\tm_stm32f4_usart.o
                0x08005864                USART2_IRQHandler
 .text.USART3_IRQHandler
                0x08005888       0x24 ..\obj\tm_stm32f4_usart.o
                0x08005888                USART3_IRQHandler
 .text.UART4_IRQHandler
                0x080058ac       0x24 ..\obj\tm_stm32f4_usart.o
                0x080058ac                UART4_IRQHandler
 .text.UART5_IRQHandler
                0x080058d0       0x24 ..\obj\tm_stm32f4_usart.o
                0x080058d0                UART5_IRQHandler
 .text.USART6_IRQHandler
                0x080058f4       0x24 ..\obj\tm_stm32f4_usart.o
                0x080058f4                USART6_IRQHandler
 .text.ETH_BSP_Config
                0x08005918      0x150 ..\obj\stm32f4x7_eth_bsp.o
                0x08005918                ETH_BSP_Config
 .text.ETH_CheckLinkStatus
                0x08005a68       0x4c ..\obj\stm32f4x7_eth_bsp.o
                0x08005a68                ETH_CheckLinkStatus
 .text.ETH_EXTERN_GetSpeedAndDuplex
                0x08005ab4       0x68 ..\obj\stm32f4x7_eth_bsp.o
                0x08005ab4                ETH_EXTERN_GetSpeedAndDuplex
 .text.ETH_link_callback
                0x08005b1c      0x130 ..\obj\stm32f4x7_eth_bsp.o
                0x08005b1c                ETH_link_callback
 .text.lwip_htons
                0x08005c4c        0xc ..\obj\def.o
                0x08005c4c                lwip_htons
 .text.lwip_ntohs
                0x08005c58        0xc ..\obj\def.o
                0x08005c58                lwip_ntohs
 .text.lwip_htonl
                0x08005c64       0x18 ..\obj\def.o
                0x08005c64                lwip_htonl
 .text.lwip_ntohl
                0x08005c7c        0x8 ..\obj\def.o
                0x08005c7c                lwip_ntohl
 .text.low_level_output
                0x08005c84       0xe8 ..\obj\ethernetif.o
 .text.ethernetif_input
                0x08005d6c       0xf4 ..\obj\ethernetif.o
                0x08005d6c                ethernetif_input
 .text.ethernetif_init
                0x08005e60       0xac ..\obj\ethernetif.o
                0x08005e60                ethernetif_init
 .text.etharp_free_entry
                0x08005f0c       0x34 ..\obj\etharp.o
 .text.etharp_find_entry
                0x08005f40      0x104 ..\obj\etharp.o
 .text.etharp_send_ip
                0x08006044       0x24 ..\obj\etharp.o
 .text.etharp_tmr
                0x08006068       0x3c ..\obj\etharp.o
                0x08006068                etharp_tmr
 .text.etharp_cleanup_netif
                0x080060a4       0x28 ..\obj\etharp.o
                0x080060a4                etharp_cleanup_netif
 .text.etharp_request
                0x080060cc       0x98 ..\obj\etharp.o
                0x080060cc                etharp_request
 .text.etharp_output_to_arp_index
                0x08006164       0x64 ..\obj\etharp.o
 .text.etharp_query
                0x080061c8      0x12c ..\obj\etharp.o
                0x080061c8                etharp_query
 .text.etharp_output
                0x080062f4      0x108 ..\obj\etharp.o
                0x080062f4                etharp_output
 .text.ethernet_input
                0x080063fc      0x20c ..\obj\etharp.o
                0x080063fc                ethernet_input
 .text.RFM69_GPIO_Init
                0x08006608       0x60 ..\obj\RFM69.o
                0x08006608                RFM69_GPIO_Init
 .text.RFM69_setCSMA
                0x08006668        0xc ..\obj\RFM69.o
                0x08006668                RFM69_setCSMA
 .text.RFM69_reset
                0x08006674       0x3c ..\obj\RFM69.o
                0x08006674                RFM69_reset
 .text.chipSelect
                0x080066b0       0x18 ..\obj\RFM69.o
                0x080066b0                chipSelect
 .text.chipUnselect
                0x080066c8       0x18 ..\obj\RFM69.o
                0x080066c8                chipUnselect
 .text.readRegister
                0x080066e0       0x28 ..\obj\RFM69.o
                0x080066e0                readRegister
 .text.waitForModeReady
                0x08006708       0x24 ..\obj\RFM69.o
                0x08006708                waitForModeReady
 .text.writeRegister
                0x0800672c       0x28 ..\obj\RFM69.o
                0x0800672c                writeRegister
 .text.setPASettings
                0x08006754       0x80 ..\obj\RFM69.o
                0x08006754                setPASettings
 .text.clearFIFO
                0x080067d4        0xc ..\obj\RFM69.o
                0x080067d4                clearFIFO
 .text.setHighPowerSettings
                0x080067e0       0x30 ..\obj\RFM69.o
                0x080067e0                setHighPowerSettings
 .text.setMode  0x08006810       0x64 ..\obj\RFM69.o
                0x08006810                setMode
 .text.RFM69_sleep
                0x08006874        0xc ..\obj\RFM69.o
                0x08006874                RFM69_sleep
 .text.RFM69_receive_non_block
                0x08006880       0x3c ..\obj\RFM69.o
                0x08006880                RFM69_receive_non_block
 .text.RFM69_setPowerDBm
                0x080068bc       0xb4 ..\obj\RFM69.o
                0x080068bc                RFM69_setPowerDBm
 .text.RFM69_setAESEncryption
                0x08006970       0x58 ..\obj\RFM69.o
                0x08006970                RFM69_setAESEncryption
 .text.ExtInt_Config
                0x080069c8       0x70 ..\obj\RFM69.o
                0x080069c8                ExtInt_Config
 .text.RFM69_init
                0x08006a38      0x22c ..\obj\RFM69.o
                0x08006a38                RFM69_init
 .text.EXTI3_IRQHandler
                0x08006c64       0x68 ..\obj\RFM69.o
                0x08006c64                EXTI3_IRQHandler
 .text.SysTick_Handler
                0x08006ccc       0x68 ..\obj\tm_stm32f4_delay.o
                0x08006ccc                SysTick_Handler
 .text.TM_DELAY_Init
                0x08006d34       0x64 ..\obj\tm_stm32f4_delay.o
                0x08006d34                TM_DELAY_Init
 .text.mstimer_get
                0x08006d98        0xc ..\obj\tm_stm32f4_delay.o
                0x08006d98                mstimer_get
 .text.http_write
                0x08006da4       0x64 ..\obj\httpd.o
 .text.http_state_free
                0x08006e08       0x28 ..\obj\httpd.o
 .text.http_err
                0x08006e30        0xc ..\obj\httpd.o
 .text.http_get_404_file
                0x08006e3c       0x3c ..\obj\httpd.o
 .text.strnstr  0x08006e78       0x64 ..\obj\httpd.o
 .text.http_find_file
                0x08006edc      0x380 ..\obj\httpd.o
 .text.http_accept
                0x0800725c       0x84 ..\obj\httpd.o
 .text.httpd_init
                0x080072e0       0x60 ..\obj\httpd.o
                0x080072e0                httpd_init
 .text.http_set_ssi_handler
                0x08007340       0x10 ..\obj\httpd.o
                0x08007340                http_set_ssi_handler
 .text.http_set_cgi_handlers
                0x08007350        0xc ..\obj\httpd.o
                0x08007350                http_set_cgi_handlers
 .text.httpd_post_begin
                0x0800735c       0x4c ..\obj\httpd.o
                0x0800735c                httpd_post_begin
 .text.httpd_post_receive_data
                0x080073a8       0x3c ..\obj\httpd.o
                0x080073a8                httpd_post_receive_data
 .text.httpd_post_finished
                0x080073e4       0x20 ..\obj\httpd.o
                0x080073e4                httpd_post_finished
 .text.http_close_conn
                0x08007404       0x70 ..\obj\httpd.o
 .text.http_send_data
                0x08007474      0x664 ..\obj\httpd.o
 .text.http_sent
                0x08007ad8       0x1c ..\obj\httpd.o
 .text.http_poll
                0x08007af4       0x3c ..\obj\httpd.o
 .text.http_post_rxpbuf
                0x08007b30       0x4c ..\obj\httpd.o
 .text.http_recv
                0x08007b7c      0x354 ..\obj\httpd.o
 .text.TM_OneWire_Init
                0x08007ed0       0x28 ..\obj\tm_stm32f4_onewire.o
                0x08007ed0                TM_OneWire_Init
 .text.TM_OneWire_Reset
                0x08007ef8       0xb4 ..\obj\tm_stm32f4_onewire.o
                0x08007ef8                TM_OneWire_Reset
 .text.TM_OneWire_WriteBit
                0x08007fac       0xf8 ..\obj\tm_stm32f4_onewire.o
                0x08007fac                TM_OneWire_WriteBit
 .text.TM_OneWire_ReadBit
                0x080080a4       0xb0 ..\obj\tm_stm32f4_onewire.o
                0x080080a4                TM_OneWire_ReadBit
 .text.TM_OneWire_WriteByte
                0x08008154       0x20 ..\obj\tm_stm32f4_onewire.o
                0x08008154                TM_OneWire_WriteByte
 .text.TM_OneWire_ReadByte
                0x08008174       0x24 ..\obj\tm_stm32f4_onewire.o
                0x08008174                TM_OneWire_ReadByte
 .text.TM_OneWire_Search
                0x08008198       0xec ..\obj\tm_stm32f4_onewire.o
                0x08008198                TM_OneWire_Search
 .text.TM_OneWire_First
                0x08008284       0x14 ..\obj\tm_stm32f4_onewire.o
                0x08008284                TM_OneWire_First
 .text.TM_OneWire_Next
                0x08008298        0xc ..\obj\tm_stm32f4_onewire.o
                0x08008298                TM_OneWire_Next
 .text.TM_OneWire_SelectWithPointer
                0x080082a4       0x20 ..\obj\tm_stm32f4_onewire.o
                0x080082a4                TM_OneWire_SelectWithPointer
 .text.TM_OneWire_GetFullROM
                0x080082c4       0x18 ..\obj\tm_stm32f4_onewire.o
                0x080082c4                TM_OneWire_GetFullROM
 .text.TM_OneWire_CRC8
                0x080082dc       0x38 ..\obj\tm_stm32f4_onewire.o
                0x080082dc                TM_OneWire_CRC8
 .text.ff_memalloc
                0x08008314        0x8 ..\obj\syscall.o
                0x08008314                ff_memalloc
 .text.ff_memfree
                0x0800831c        0x8 ..\obj\syscall.o
                0x0800831c                ff_memfree
 .text.pbuf_alloced_custom
                0x08008324       0x60 ..\obj\pbuf.o
                0x08008324                pbuf_alloced_custom
 .text.pbuf_header
                0x08008384       0x7c ..\obj\pbuf.o
                0x08008384                pbuf_header
 .text.pbuf_free
                0x08008400       0x64 ..\obj\pbuf.o
                0x08008400                pbuf_free
 .text.pbuf_alloc
                0x08008464      0x13c ..\obj\pbuf.o
                0x08008464                pbuf_alloc
 .text.pbuf_realloc
                0x080085a0       0x58 ..\obj\pbuf.o
                0x080085a0                pbuf_realloc
 .text.pbuf_clen
                0x080085f8       0x18 ..\obj\pbuf.o
                0x080085f8                pbuf_clen
 .text.pbuf_ref
                0x08008610        0xc ..\obj\pbuf.o
                0x08008610                pbuf_ref
 .text.pbuf_cat
                0x0800861c       0x34 ..\obj\pbuf.o
                0x0800861c                pbuf_cat
 .text.pbuf_chain
                0x08008650       0x10 ..\obj\pbuf.o
                0x08008650                pbuf_chain
 .text.pbuf_copy
                0x08008660       0xc4 ..\obj\pbuf.o
                0x08008660                pbuf_copy
 .text.pbuf_copy_partial
                0x08008724       0x78 ..\obj\pbuf.o
                0x08008724                pbuf_copy_partial
 .text.pbuf_take
                0x0800879c       0x54 ..\obj\pbuf.o
                0x0800879c                pbuf_take
 .text.CmdResp2Error
                0x080087f0       0x44 ..\obj\fatfs_sd_sdio.o
 .text.CmdResp1Error
                0x08008834      0x124 ..\obj\fatfs_sd_sdio.o
 .text.FindSCR  0x08008958      0x168 ..\obj\fatfs_sd_sdio.o
 .text.SDEnWideBus
                0x08008ac0       0xec ..\obj\fatfs_sd_sdio.o
 .text.TM_FATFS_SD_SDIO_disk_ioctl
                0x08008bac       0x1c ..\obj\fatfs_sd_sdio.o
                0x08008bac                TM_FATFS_SD_SDIO_disk_ioctl
 .text.SD_Detect
                0x08008bc8       0x20 ..\obj\fatfs_sd_sdio.o
                0x08008bc8                SD_Detect
 .text.TM_FATFS_SD_SDIO_disk_status
                0x08008be8       0x24 ..\obj\fatfs_sd_sdio.o
                0x08008be8                TM_FATFS_SD_SDIO_disk_status
 .text.SD_PowerON
                0x08008c0c      0x240 ..\obj\fatfs_sd_sdio.o
                0x08008c0c                SD_PowerON
 .text.SD_InitializeCards
                0x08008e4c      0x168 ..\obj\fatfs_sd_sdio.o
                0x08008e4c                SD_InitializeCards
 .text.SD_GetCardInfo
                0x08008fb4      0x28c ..\obj\fatfs_sd_sdio.o
                0x08008fb4                SD_GetCardInfo
 .text.SD_EnableWideBusOperation
                0x08009240       0x80 ..\obj\fatfs_sd_sdio.o
                0x08009240                SD_EnableWideBusOperation
 .text.SD_SelectDeselect
                0x080092c0       0x2c ..\obj\fatfs_sd_sdio.o
                0x080092c0                SD_SelectDeselect
 .text.SD_Init  0x080092ec       0xac ..\obj\fatfs_sd_sdio.o
                0x080092ec                SD_Init
 .text.SD_StopTransfer
                0x08009398       0x28 ..\obj\fatfs_sd_sdio.o
                0x08009398                SD_StopTransfer
 .text.SD_WaitReadOperation
                0x080093c0       0xc0 ..\obj\fatfs_sd_sdio.o
                0x080093c0                SD_WaitReadOperation
 .text.SD_WaitWriteOperation
                0x08009480       0xa4 ..\obj\fatfs_sd_sdio.o
                0x08009480                SD_WaitWriteOperation
 .text.SD_SendStatus
                0x08009524       0x48 ..\obj\fatfs_sd_sdio.o
                0x08009524                SD_SendStatus
 .text.SD_GetState
                0x0800956c       0x2c ..\obj\fatfs_sd_sdio.o
                0x0800956c                SD_GetState
 .text.SD_GetStatus
                0x08009598       0x18 ..\obj\fatfs_sd_sdio.o
                0x08009598                SD_GetStatus
 .text.SD_ProcessIRQSrc
                0x080095b0       0xbc ..\obj\fatfs_sd_sdio.o
                0x080095b0                SD_ProcessIRQSrc
 .text.SDIO_IRQHandler
                0x0800966c        0x8 ..\obj\fatfs_sd_sdio.o
                0x0800966c                SDIO_IRQHandler
 .text.SD_ProcessDMAIRQ
                0x08009674       0x2c ..\obj\fatfs_sd_sdio.o
                0x08009674                SD_ProcessDMAIRQ
 .text.DMA2_Stream3_IRQHandler
                0x080096a0        0x8 ..\obj\fatfs_sd_sdio.o
                0x080096a0                DMA2_Stream3_IRQHandler
 .text.SD_LowLevel_DeInit
                0x080096a8       0x54 ..\obj\fatfs_sd_sdio.o
                0x080096a8                SD_LowLevel_DeInit
 .text.SD_LowLevel_Init
                0x080096fc       0x4c ..\obj\fatfs_sd_sdio.o
                0x080096fc                SD_LowLevel_Init
 .text.TM_FATFS_SD_SDIO_disk_initialize
                0x08009748       0x70 ..\obj\fatfs_sd_sdio.o
                0x08009748                TM_FATFS_SD_SDIO_disk_initialize
 .text.SD_LowLevel_DMA_TxConfig
                0x080097b8       0x8c ..\obj\fatfs_sd_sdio.o
                0x080097b8                SD_LowLevel_DMA_TxConfig
 .text.SD_WriteMultiBlocks
                0x08009844      0x128 ..\obj\fatfs_sd_sdio.o
                0x08009844                SD_WriteMultiBlocks
 .text.TM_FATFS_SD_SDIO_disk_write
                0x0800996c       0x94 ..\obj\fatfs_sd_sdio.o
                0x0800996c                TM_FATFS_SD_SDIO_disk_write
 .text.SD_LowLevel_DMA_RxConfig
                0x08009a00       0x94 ..\obj\fatfs_sd_sdio.o
                0x08009a00                SD_LowLevel_DMA_RxConfig
 .text.SD_ReadMultiBlocks
                0x08009a94       0xc8 ..\obj\fatfs_sd_sdio.o
                0x08009a94                SD_ReadMultiBlocks
 .text.TM_FATFS_SD_SDIO_disk_read
                0x08009b5c       0x94 ..\obj\fatfs_sd_sdio.o
                0x08009b5c                TM_FATFS_SD_SDIO_disk_read
 .text.netif_set_ipaddr
                0x08009bf0       0x60 ..\obj\netif.o
                0x08009bf0                netif_set_ipaddr
 .text.netif_set_addr
                0x08009c50       0x24 ..\obj\netif.o
                0x08009c50                netif_set_addr
 .text.netif_add
                0x08009c74       0x4c ..\obj\netif.o
                0x08009c74                netif_add
 .text.netif_set_default
                0x08009cc0        0xc ..\obj\netif.o
                0x08009cc0                netif_set_default
 .text.netif_set_up
                0x08009ccc       0x24 ..\obj\netif.o
                0x08009ccc                netif_set_up
 .text.netif_set_down
                0x08009cf0       0x20 ..\obj\netif.o
                0x08009cf0                netif_set_down
 .text.netif_set_link_up
                0x08009d10       0x40 ..\obj\netif.o
                0x08009d10                netif_set_link_up
 .text.netif_set_link_down
                0x08009d50       0x1c ..\obj\netif.o
                0x08009d50                netif_set_link_down
 .text.netif_set_link_callback
                0x08009d6c        0x8 ..\obj\netif.o
                0x08009d6c                netif_set_link_callback
 .text.json_target_address
                0x08009d74       0x60 ..\obj\mjson.o
 .text.json_read_array
                0x08009dd4      0x244 ..\obj\mjson.o
                0x08009dd4                json_read_array
 .text.json_internal_read_object
                0x0800a018      0x670 ..\obj\mjson.o
 .text.json_read_object
                0x0800a688       0x14 ..\obj\mjson.o
                0x0800a688                json_read_object
 .text.json_error_string
                0x0800a69c       0x30 ..\obj\mjson.o
                0x0800a69c                json_error_string
 .text.getJSONPayload
                0x0800a6cc       0x1c ..\obj\mjson.o
                0x0800a6cc                getJSONPayload
 .text.GPIO_Init
                0x0800a6e8       0x90 ..\obj\stm32f4xx_gpio.o
                0x0800a6e8                GPIO_Init
 .text.GPIO_ReadInputDataBit
                0x0800a778        0xc ..\obj\stm32f4xx_gpio.o
                0x0800a778                GPIO_ReadInputDataBit
 .text.GPIO_SetBits
                0x0800a784        0x4 ..\obj\stm32f4xx_gpio.o
                0x0800a784                GPIO_SetBits
 .text.GPIO_ResetBits
                0x0800a788        0x4 ..\obj\stm32f4xx_gpio.o
                0x0800a788                GPIO_ResetBits
 .text.GPIO_PinAFConfig
                0x0800a78c       0x28 ..\obj\stm32f4xx_gpio.o
                0x0800a78c                GPIO_PinAFConfig
 .text.SystemInit
                0x0800a7b4      0x100 ..\obj\system_stm32f4xx.o
                0x0800a7b4                SystemInit
 .text._sbrk    0x0800a8b4       0x20 ..\obj\syscalls.o
                0x0800a8b4                _sbrk
 .text._close   0x0800a8d4        0x8 ..\obj\syscalls.o
                0x0800a8d4                _close
 .text._fstat   0x0800a8dc        0xc ..\obj\syscalls.o
                0x0800a8dc                _fstat
 .text._isatty  0x0800a8e8        0x4 ..\obj\syscalls.o
                0x0800a8e8                _isatty
 .text._lseek   0x0800a8ec        0x4 ..\obj\syscalls.o
                0x0800a8ec                _lseek
 .text._read    0x0800a8f0        0x4 ..\obj\syscalls.o
                0x0800a8f0                _read
 .text._write   0x0800a8f4       0x30 ..\obj\syscalls.o
                0x0800a8f4                _write
 .text.DMA_DeInit
                0x0800a924      0x154 ..\obj\stm32f4xx_dma.o
                0x0800a924                DMA_DeInit
 .text.DMA_Init
                0x0800aa78       0x58 ..\obj\stm32f4xx_dma.o
                0x0800aa78                DMA_Init
 .text.DMA_Cmd  0x0800aad0       0x18 ..\obj\stm32f4xx_dma.o
                0x0800aad0                DMA_Cmd
 .text.DMA_FlowControllerConfig
                0x0800aae8       0x18 ..\obj\stm32f4xx_dma.o
                0x0800aae8                DMA_FlowControllerConfig
 .text.DMA_ClearFlag
                0x0800ab00       0x34 ..\obj\stm32f4xx_dma.o
                0x0800ab00                DMA_ClearFlag
 .text.DMA_ITConfig
                0x0800ab34       0x44 ..\obj\stm32f4xx_dma.o
                0x0800ab34                DMA_ITConfig
 .text.tcp_client_free
                0x0800ab78       0x40 ..\obj\tcp_echoclient.o
 .text.tcp_echoclient_send
                0x0800abb8       0x6c ..\obj\tcp_echoclient.o
 .text.tcp_echoclient_sent
                0x0800ac24       0x10 ..\obj\tcp_echoclient.o
 .text.tcp_echoclient_connection_close
                0x0800ac34       0x54 ..\obj\tcp_echoclient.o
 .text.tcp_echoclient_connected
                0x0800ac88       0xa4 ..\obj\tcp_echoclient.o
 .text.tcp_echoclient_poll
                0x0800ad2c       0x34 ..\obj\tcp_echoclient.o
 .text.tcp_echoclient_recv
                0x0800ad60       0x94 ..\obj\tcp_echoclient.o
 .text.tcp_echoclient_error
                0x0800adf4       0x14 ..\obj\tcp_echoclient.o
 .text.tcp_echoclient_link_is_up_callback
                0x0800ae08        0x4 ..\obj\tcp_echoclient.o
                0x0800ae08                tcp_echoclient_link_is_up_callback
 .text.tcp_echoclient_link_is_down_callback
                0x0800ae0c       0x14 ..\obj\tcp_echoclient.o
                0x0800ae0c                tcp_echoclient_link_is_down_callback
 .text.tcp_echoclient_connect
                0x0800ae20      0x13c ..\obj\tcp_echoclient.o
                0x0800ae20                tcp_echoclient_connect
 .text.ff_convert
                0x0800af5c       0x44 ..\obj\ccsbcs.o
                0x0800af5c                ff_convert
 .text.ff_wtoupper
                0x0800afa0       0x34 ..\obj\ccsbcs.o
                0x0800afa0                ff_wtoupper
 .text.TM_RTC_SetDateTime
                0x0800afd4       0x84 ..\obj\tm_stm32f4_rtc.o
                0x0800afd4                TM_RTC_SetDateTime
 .text.TM_RTC_Config
                0x0800b058       0x60 ..\obj\tm_stm32f4_rtc.o
                0x0800b058                TM_RTC_Config
 .text.TM_RTC_GetUnixTimeStamp
                0x0800b0b8      0x104 ..\obj\tm_stm32f4_rtc.o
                0x0800b0b8                TM_RTC_GetUnixTimeStamp
 .text.TM_RTC_GetDateTime
                0x0800b1bc       0x78 ..\obj\tm_stm32f4_rtc.o
                0x0800b1bc                TM_RTC_GetDateTime
 .text.TM_RTC_Init
                0x0800b234       0xf8 ..\obj\tm_stm32f4_rtc.o
                0x0800b234                TM_RTC_Init
 .text.TM_RTC_RequestHandler
                0x0800b32c        0x4 ..\obj\tm_stm32f4_rtc.o
                0x0800b32c                TM_RTC_RequestHandler
 .text.TM_RTC_AlarmAHandler
                0x0800b330        0x4 ..\obj\tm_stm32f4_rtc.o
                0x0800b330                TM_RTC_AlarmAHandler
 .text.TM_RTC_AlarmBHandler
                0x0800b334        0x4 ..\obj\tm_stm32f4_rtc.o
                0x0800b334                TM_RTC_AlarmBHandler
 .text.RTC_WKUP_IRQHandler
                0x0800b338       0x28 ..\obj\tm_stm32f4_rtc.o
                0x0800b338                RTC_WKUP_IRQHandler
 .text.RTC_Alarm_IRQHandler
                0x0800b360       0x3c ..\obj\tm_stm32f4_rtc.o
                0x0800b360                RTC_Alarm_IRQHandler
 .text.rf01_trans
                0x0800b39c       0x60 ..\obj\rf01.o
                0x0800b39c                rf01_trans
 .text.EXTI0_IRQHandler
                0x0800b3fc      0x144 ..\obj\rf01.o
                0x0800b3fc                EXTI0_IRQHandler
 .text.mem_cpy  0x0800b540       0x14 ..\obj\ff.o
 .text.mem_set  0x0800b554       0x10 ..\obj\ff.o
 .text.chk_lock
                0x0800b564       0x6c ..\obj\ff.o
 .text.inc_lock
                0x0800b5d0       0xc4 ..\obj\ff.o
 .text.dec_lock
                0x0800b694       0x58 ..\obj\ff.o
 .text.ld_clust
                0x0800b6ec       0x20 ..\obj\ff.o
 .text.sum_sfn  0x0800b70c       0x20 ..\obj\ff.o
 .text.get_ldnumber
                0x0800b72c       0xbc ..\obj\ff.o
 .text.sync_window
                0x0800b7e8       0x68 ..\obj\ff.o
 .text.move_window
                0x0800b850       0x38 ..\obj\ff.o
 .text.check_fs
                0x0800b888       0x8c ..\obj\ff.o
 .text.validate
                0x0800b914       0x38 ..\obj\ff.o
 .text.find_volume
                0x0800b94c      0x408 ..\obj\ff.o
 .text.sync_fs  0x0800bd54       0xb4 ..\obj\ff.o
 .text.clust2sect
                0x0800be08       0x18 ..\obj\ff.o
                0x0800be08                clust2sect
 .text.get_fat  0x0800be20      0x114 ..\obj\ff.o
                0x0800be20                get_fat
 .text.dir_sdi  0x0800bf34       0xb4 ..\obj\ff.o
 .text.put_fat  0x0800bfe8      0x174 ..\obj\ff.o
                0x0800bfe8                put_fat
 .text.create_chain
                0x0800c15c       0xc0 ..\obj\ff.o
 .text.dir_next
                0x0800c21c      0x13c ..\obj\ff.o
 .text.dir_find
                0x0800c358      0x190 ..\obj\ff.o
 .text.follow_path
                0x0800c4e8      0x354 ..\obj\ff.o
 .text.dir_alloc
                0x0800c83c       0x4c ..\obj\ff.o
 .text.dir_register
                0x0800c888      0x288 ..\obj\ff.o
 .text.remove_chain
                0x0800cb10       0x6c ..\obj\ff.o
 .text.f_mount  0x0800cb7c       0x7c ..\obj\ff.o
                0x0800cb7c                f_mount
 .text.f_open   0x0800cbf8      0x224 ..\obj\ff.o
                0x0800cbf8                f_open
 .text.f_read   0x0800ce1c      0x198 ..\obj\ff.o
                0x0800ce1c                f_read
 .text.f_write  0x0800cfb4      0x1c4 ..\obj\ff.o
                0x0800cfb4                f_write
 .text.putc_bfd
                0x0800d178       0x48 ..\obj\ff.o
 .text.f_sync   0x0800d1c0       0xa8 ..\obj\ff.o
                0x0800d1c0                f_sync
 .text.f_close  0x0800d268       0x28 ..\obj\ff.o
                0x0800d268                f_close
 .text.f_lseek  0x0800d290      0x17c ..\obj\ff.o
                0x0800d290                f_lseek
 .text.f_printf
                0x0800d40c      0x31c ..\obj\ff.o
                0x0800d40c                f_printf
 .text.udp_input
                0x0800d728      0x1c8 ..\obj\udp.o
                0x0800d728                udp_input
 .text.udp_bind
                0x0800d8f0       0xd8 ..\obj\udp.o
                0x0800d8f0                udp_bind
 .text.udp_sendto_if
                0x0800d9c8       0xc8 ..\obj\udp.o
                0x0800d9c8                udp_sendto_if
 .text.udp_sendto
                0x0800da90       0x2c ..\obj\udp.o
                0x0800da90                udp_sendto
 .text.udp_connect
                0x0800dabc       0x5c ..\obj\udp.o
                0x0800dabc                udp_connect
 .text.udp_recv
                0x0800db18        0x8 ..\obj\udp.o
                0x0800db18                udp_recv
 .text.udp_new  0x0800db20       0x1c ..\obj\udp.o
                0x0800db20                udp_new
 .text.ip_route
                0x0800db3c       0x44 ..\obj\ip.o
                0x0800db3c                ip_route
 .text.ip_input
                0x0800db80      0x1b4 ..\obj\ip.o
                0x0800db80                ip_input
 .text.ip_output_if
                0x0800dd34       0xb4 ..\obj\ip.o
                0x0800dd34                ip_output_if
 .text.ip_output
                0x0800dde8       0x38 ..\obj\ip.o
                0x0800dde8                ip_output
 .text.SPI_Init
                0x0800de20       0x44 ..\obj\stm32f4xx_spi.o
                0x0800de20                SPI_Init
 .text.SPI_Cmd  0x0800de64       0x1c ..\obj\stm32f4xx_spi.o
                0x0800de64                SPI_Cmd
 .text.SPI_I2S_ReceiveData
                0x0800de80        0x8 ..\obj\stm32f4xx_spi.o
                0x0800de80                SPI_I2S_ReceiveData
 .text.SPI_I2S_SendData
                0x0800de88        0x4 ..\obj\stm32f4xx_spi.o
                0x0800de88                SPI_I2S_SendData
 .text.SPI_I2S_GetFlagStatus
                0x0800de8c        0xc ..\obj\stm32f4xx_spi.o
                0x0800de8c                SPI_I2S_GetFlagStatus
 .text.EXTI_Init
                0x0800de98       0x90 ..\obj\stm32f4xx_exti.o
                0x0800de98                EXTI_Init
 .text.EXTI_GetITStatus
                0x0800df28       0x14 ..\obj\stm32f4xx_exti.o
                0x0800df28                EXTI_GetITStatus
 .text.EXTI_ClearITPendingBit
                0x0800df3c        0xc ..\obj\stm32f4xx_exti.o
                0x0800df3c                EXTI_ClearITPendingBit
 .text.icmp_send_response
                0x0800df48       0x9c ..\obj\icmp.o
 .text.icmp_input
                0x0800dfe4      0x120 ..\obj\icmp.o
                0x0800dfe4                icmp_input
 .text.icmp_dest_unreach
                0x0800e104        0xc ..\obj\icmp.o
                0x0800e104                icmp_dest_unreach
 .text.icmp_time_exceeded
                0x0800e110        0xc ..\obj\icmp.o
                0x0800e110                icmp_time_exceeded
 .text.dns_parse_name
                0x0800e11c       0x28 ..\obj\dns.o
 .text.dns_recv
                0x0800e144      0x1ec ..\obj\dns.o
 .text.dns_send
                0x0800e330       0xe0 ..\obj\dns.o
 .text.dns_check_entry
                0x0800e410      0x128 ..\obj\dns.o
 .text.dns_setserver
                0x0800e538       0x24 ..\obj\dns.o
                0x0800e538                dns_setserver
 .text.dns_init
                0x0800e55c       0x58 ..\obj\dns.o
                0x0800e55c                dns_init
 .text.dns_gethostbyname
                0x0800e5b4      0x158 ..\obj\dns.o
                0x0800e5b4                dns_gethostbyname
 .text.NVIC_PriorityGroupConfig
                0x0800e70c       0x14 ..\obj\misc.o
                0x0800e70c                NVIC_PriorityGroupConfig
 .text.NVIC_Init
                0x0800e720       0x70 ..\obj\misc.o
                0x0800e720                NVIC_Init
 .text.dhcp_set_state
                0x0800e790       0x10 ..\obj\dhcp.o
 .text.dhcp_option
                0x0800e7a0       0x24 ..\obj\dhcp.o
 .text.dhcp_option_byte
                0x0800e7c4       0x18 ..\obj\dhcp.o
 .text.dhcp_option_short
                0x0800e7dc       0x28 ..\obj\dhcp.o
 .text.dhcp_option_long
                0x0800e804       0x48 ..\obj\dhcp.o
 .text.dhcp_option_trailer
                0x0800e84c       0x34 ..\obj\dhcp.o
 .text.dhcp_create_msg
                0x0800e880      0x158 ..\obj\dhcp.o
 .text.dhcp_delete_msg
                0x0800e9d8       0x18 ..\obj\dhcp.o
 .text.dhcp_discover
                0x0800e9f0       0xc0 ..\obj\dhcp.o
 .text.dhcp_reboot
                0x0800eab0       0xb0 ..\obj\dhcp.o
 .text.dhcp_network_changed
                0x0800eb60       0x38 ..\obj\dhcp.o
                0x0800eb60                dhcp_network_changed
 .text.dhcp_arp_reply
                0x0800eb98       0x84 ..\obj\dhcp.o
                0x0800eb98                dhcp_arp_reply
 .text.TM_GPIO_DeInit
                0x0800ec1c       0x4c ..\obj\tm_stm32f4_gpio.o
                0x0800ec1c                TM_GPIO_DeInit
 .text.TM_GPIO_SetPinAsInput
                0x0800ec68       0x28 ..\obj\tm_stm32f4_gpio.o
                0x0800ec68                TM_GPIO_SetPinAsInput
 .text.TM_GPIO_SetPinAsOutput
                0x0800ec90       0x30 ..\obj\tm_stm32f4_gpio.o
                0x0800ec90                TM_GPIO_SetPinAsOutput
 .text.TM_GPIO_SetPullResistor
                0x0800ecc0       0x30 ..\obj\tm_stm32f4_gpio.o
                0x0800ecc0                TM_GPIO_SetPullResistor
 .text.TM_GPIO_INT_EnableClock
                0x0800ecf0       0x20 ..\obj\tm_stm32f4_gpio.o
                0x0800ecf0                TM_GPIO_INT_EnableClock
 .text.TM_GPIO_INT_Init
                0x0800ed10       0xa4 ..\obj\tm_stm32f4_gpio.o
                0x0800ed10                TM_GPIO_INT_Init
 .text.TM_GPIO_Init
                0x0800edb4       0x30 ..\obj\tm_stm32f4_gpio.o
                0x0800edb4                TM_GPIO_Init
 .text.TM_GPIO_InitAlternate
                0x0800ede4       0x68 ..\obj\tm_stm32f4_gpio.o
                0x0800ede4                TM_GPIO_InitAlternate
 .text.RTC_ByteToBcd2
                0x0800ee4c       0x20 ..\obj\stm32f4xx_rtc.o
 .text.RTC_Bcd2ToByte
                0x0800ee6c       0x14 ..\obj\stm32f4xx_rtc.o
 .text.RTC_WriteProtectionCmd
                0x0800ee80       0x1c ..\obj\stm32f4xx_rtc.o
                0x0800ee80                RTC_WriteProtectionCmd
 .text.RTC_EnterInitMode
                0x0800ee9c       0x48 ..\obj\stm32f4xx_rtc.o
                0x0800ee9c                RTC_EnterInitMode
 .text.RTC_ExitInitMode
                0x0800eee4       0x10 ..\obj\stm32f4xx_rtc.o
                0x0800eee4                RTC_ExitInitMode
 .text.RTC_Init
                0x0800eef4       0x4c ..\obj\stm32f4xx_rtc.o
                0x0800eef4                RTC_Init
 .text.RTC_WaitForSynchro
                0x0800ef40       0x48 ..\obj\stm32f4xx_rtc.o
                0x0800ef40                RTC_WaitForSynchro
 .text.RTC_SetTime
                0x0800ef88       0xac ..\obj\stm32f4xx_rtc.o
                0x0800ef88                RTC_SetTime
 .text.RTC_GetTime
                0x0800f034       0x4c ..\obj\stm32f4xx_rtc.o
                0x0800f034                RTC_GetTime
 .text.RTC_SetDate
                0x0800f080       0xa0 ..\obj\stm32f4xx_rtc.o
                0x0800f080                RTC_SetDate
 .text.RTC_GetDate
                0x0800f120       0x48 ..\obj\stm32f4xx_rtc.o
                0x0800f120                RTC_GetDate
 .text.RTC_WriteBackupRegister
                0x0800f168       0x20 ..\obj\stm32f4xx_rtc.o
                0x0800f168                RTC_WriteBackupRegister
 .text.RTC_ReadBackupRegister
                0x0800f188       0x20 ..\obj\stm32f4xx_rtc.o
                0x0800f188                RTC_ReadBackupRegister
 .text.RTC_GetITStatus
                0x0800f1a8       0x2c ..\obj\stm32f4xx_rtc.o
                0x0800f1a8                RTC_GetITStatus
 .text.RTC_ClearITPendingBit
                0x0800f1d4       0x1c ..\obj\stm32f4xx_rtc.o
                0x0800f1d4                RTC_ClearITPendingBit
 .text.tcp_pbuf_prealloc
                0x0800f1f0       0x60 ..\obj\tcp_out.o
 .text.tcp_create_segment
                0x0800f250       0xb4 ..\obj\tcp_out.o
 .text.tcp_output_alloc_header
                0x0800f304       0x70 ..\obj\tcp_out.o
 .text.tcp_write
                0x0800f374      0x3bc ..\obj\tcp_out.o
                0x0800f374                tcp_write
 .text.tcp_enqueue_flags
                0x0800f730       0xc8 ..\obj\tcp_out.o
                0x0800f730                tcp_enqueue_flags
 .text.tcp_send_fin
                0x0800f7f8       0x48 ..\obj\tcp_out.o
                0x0800f7f8                tcp_send_fin
 .text.tcp_send_empty_ack
                0x0800f840       0x48 ..\obj\tcp_out.o
                0x0800f840                tcp_send_empty_ack
 .text.tcp_output
                0x0800f888      0x270 ..\obj\tcp_out.o
                0x0800f888                tcp_output
 .text.tcp_rst  0x0800faf8       0x7c ..\obj\tcp_out.o
                0x0800faf8                tcp_rst
 .text.tcp_rexmit_rto
                0x0800fb74       0x30 ..\obj\tcp_out.o
                0x0800fb74                tcp_rexmit_rto
 .text.tcp_rexmit
                0x0800fba4       0x54 ..\obj\tcp_out.o
                0x0800fba4                tcp_rexmit
 .text.tcp_rexmit_fast
                0x0800fbf8       0x58 ..\obj\tcp_out.o
                0x0800fbf8                tcp_rexmit_fast
 .text.tcp_keepalive
                0x0800fc50       0x3c ..\obj\tcp_out.o
                0x0800fc50                tcp_keepalive
 .text.tcp_zero_window_probe
                0x0800fc8c       0x9c ..\obj\tcp_out.o
                0x0800fc8c                tcp_zero_window_probe
 .text.raw_input
                0x0800fd28       0x78 ..\obj\raw.o
                0x0800fd28                raw_input
 .text          0x0800fda0      0x370 d:/gnu tools arm embedded/5.2 2015q4/bin/../lib/gcc/arm-none-eabi/5.2.1/armv7e-m/fpu\libgcc.a(_arm_addsubdf3.o)
                0x0800fda0                __aeabi_drsub
                0x0800fda8                __aeabi_dsub
                0x0800fda8                __subdf3
                0x0800fdac                __aeabi_dadd
                0x0800fdac                __adddf3
                0x08010024                __floatunsidf
                0x08010024                __aeabi_ui2d
                0x08010044                __floatsidf
                0x08010044                __aeabi_i2d
                0x08010068                __aeabi_f2d
                0x08010068                __extendsfdf2
                0x080100a4                __floatundidf
                0x080100a4                __aeabi_ul2d
                0x080100b4                __floatdidf
                0x080100b4                __aeabi_l2d
 .text          0x08010110      0x424 d:/gnu tools arm embedded/5.2 2015q4/bin/../lib/gcc/arm-none-eabi/5.2.1/armv7e-m/fpu\libgcc.a(_arm_muldivdf3.o)
                0x08010110                __aeabi_dmul
                0x08010110                __muldf3
                0x08010364                __divdf3
                0x08010364                __aeabi_ddiv
 .text          0x08010534       0x40 d:/gnu tools arm embedded/5.2 2015q4/bin/../lib/gcc/arm-none-eabi/5.2.1/armv7e-m/fpu\libgcc.a(_arm_fixunsdfsi.o)
                0x08010534                __aeabi_d2uiz
                0x08010534                __fixunsdfsi
 .text.asctime  0x08010574       0x10 d:/gnu tools arm embedded/5.2 2015q4/bin/../lib/gcc/arm-none-eabi/5.2.1/../../../../arm-none-eabi/lib/armv7e-m/fpu\libg.a(lib_a-asctime.o)
                0x08010574                asctime
 .text.asctime_r
                0x08010584       0x4c d:/gnu tools arm embedded/5.2 2015q4/bin/../lib/gcc/arm-none-eabi/5.2.1/../../../../arm-none-eabi/lib/armv7e-m/fpu\libg.a(lib_a-asctime_r.o)
                0x08010584                asctime_r
 .text.atof     0x080105d0        0x8 d:/gnu tools arm embedded/5.2 2015q4/bin/../lib/gcc/arm-none-eabi/5.2.1/../../../../arm-none-eabi/lib/armv7e-m/fpu\libg.a(lib_a-atof.o)
                0x080105d0                atof
 .text.atoi     0x080105d8        0x8 d:/gnu tools arm embedded/5.2 2015q4/bin/../lib/gcc/arm-none-eabi/5.2.1/../../../../arm-none-eabi/lib/armv7e-m/fpu\libg.a(lib_a-atoi.o)
                0x080105d8                atoi
 .text.localtime
                0x080105e0       0x10 d:/gnu tools arm embedded/5.2 2015q4/bin/../lib/gcc/arm-none-eabi/5.2.1/../../../../arm-none-eabi/lib/armv7e-m/fpu\libg.a(lib_a-lcltime.o)
                0x080105e0                localtime
 .text.localtime_r
                0x080105f0      0x258 d:/gnu tools arm embedded/5.2 2015q4/bin/../lib/gcc/arm-none-eabi/5.2.1/../../../../arm-none-eabi/lib/armv7e-m/fpu\libg.a(lib_a-lcltime_r.o)
                0x080105f0                localtime_r
 .text.malloc   0x08010848       0x10 d:/gnu tools arm embedded/5.2 2015q4/bin/../lib/gcc/arm-none-eabi/5.2.1/../../../../arm-none-eabi/lib/armv7e-m/fpu\libg.a(lib_a-malloc.o)
                0x08010848                malloc
 .text.free     0x08010858       0x10 d:/gnu tools arm embedded/5.2 2015q4/bin/../lib/gcc/arm-none-eabi/5.2.1/../../../../arm-none-eabi/lib/armv7e-m/fpu\libg.a(lib_a-malloc.o)
                0x08010858                free
 .text._malloc_r
                0x08010868      0x570 d:/gnu tools arm embedded/5.2 2015q4/bin/../lib/gcc/arm-none-eabi/5.2.1/../../../../arm-none-eabi/lib/armv7e-m/fpu\libg.a(lib_a-mallocr.o)
                0x08010868                _malloc_r
 .text.memcmp   0x08010dd8       0x64 d:/gnu tools arm embedded/5.2 2015q4/bin/../lib/gcc/arm-none-eabi/5.2.1/../../../../arm-none-eabi/lib/armv7e-m/fpu\libg.a(lib_a-memcmp.o)
                0x08010dd8                memcmp
 .text          0x08010e3c      0x134 d:/gnu tools arm embedded/5.2 2015q4/bin/../lib/gcc/arm-none-eabi/5.2.1/../../../../arm-none-eabi/lib/armv7e-m/fpu\libg.a(lib_a-memcpy.o)
                0x08010e3c                memcpy
 .text.memset   0x08010f70       0x9c d:/gnu tools arm embedded/5.2 2015q4/bin/../lib/gcc/arm-none-eabi/5.2.1/../../../../arm-none-eabi/lib/armv7e-m/fpu\libg.a(lib_a-memset.o)
                0x08010f70                memset
 .text.__malloc_lock
                0x0801100c        0x4 d:/gnu tools arm embedded/5.2 2015q4/bin/../lib/gcc/arm-none-eabi/5.2.1/../../../../arm-none-eabi/lib/armv7e-m/fpu\libg.a(lib_a-mlock.o)
                0x0801100c                __malloc_lock
 .text.__malloc_unlock
                0x08011010        0x4 d:/gnu tools arm embedded/5.2 2015q4/bin/../lib/gcc/arm-none-eabi/5.2.1/../../../../arm-none-eabi/lib/armv7e-m/fpu\libg.a(lib_a-mlock.o)
                0x08011010                __malloc_unlock
 .text.printf   0x08011014       0x28 d:/gnu tools arm embedded/5.2 2015q4/bin/../lib/gcc/arm-none-eabi/5.2.1/../../../../arm-none-eabi/lib/armv7e-m/fpu\libg.a(lib_a-printf.o)
                0x08011014                printf
 .text.putchar  0x0801103c       0x14 d:/gnu tools arm embedded/5.2 2015q4/bin/../lib/gcc/arm-none-eabi/5.2.1/../../../../arm-none-eabi/lib/armv7e-m/fpu\libg.a(lib_a-putchar.o)
                0x0801103c                putchar
 .text._puts_r  0x08011050       0x64 d:/gnu tools arm embedded/5.2 2015q4/bin/../lib/gcc/arm-none-eabi/5.2.1/../../../../arm-none-eabi/lib/armv7e-m/fpu\libg.a(lib_a-puts.o)
                0x08011050                _puts_r
 .text.puts     0x080110b4       0x10 d:/gnu tools arm embedded/5.2 2015q4/bin/../lib/gcc/arm-none-eabi/5.2.1/../../../../arm-none-eabi/lib/armv7e-m/fpu\libg.a(lib_a-puts.o)
                0x080110b4                puts
 .text._sbrk_r  0x080110c4       0x24 d:/gnu tools arm embedded/5.2 2015q4/bin/../lib/gcc/arm-none-eabi/5.2.1/../../../../arm-none-eabi/lib/armv7e-m/fpu\libg.a(lib_a-sbrkr.o)
                0x080110c4                _sbrk_r
 .text.siprintf
                0x080110e8       0x4c d:/gnu tools arm embedded/5.2 2015q4/bin/../lib/gcc/arm-none-eabi/5.2.1/../../../../arm-none-eabi/lib/armv7e-m/fpu\libg.a(lib_a-siprintf.o)
                0x080110e8                siprintf
 .text.snprintf
                0x08011134       0x9c d:/gnu tools arm embedded/5.2 2015q4/bin/../lib/gcc/arm-none-eabi/5.2.1/../../../../arm-none-eabi/lib/armv7e-m/fpu\libg.a(lib_a-snprintf.o)
                0x08011134                snprintf
 .text.sprintf  0x080111d0       0x4c d:/gnu tools arm embedded/5.2 2015q4/bin/../lib/gcc/arm-none-eabi/5.2.1/../../../../arm-none-eabi/lib/armv7e-m/fpu\libg.a(lib_a-sprintf.o)
                0x080111d0                sprintf
 .text.sscanf   0x0801121c       0x58 d:/gnu tools arm embedded/5.2 2015q4/bin/../lib/gcc/arm-none-eabi/5.2.1/../../../../arm-none-eabi/lib/armv7e-m/fpu\libg.a(lib_a-sscanf.o)
                0x0801121c                sscanf
 .text.__sread  0x08011274       0x24 d:/gnu tools arm embedded/5.2 2015q4/bin/../lib/gcc/arm-none-eabi/5.2.1/../../../../arm-none-eabi/lib/armv7e-m/fpu\libg.a(lib_a-stdio.o)
                0x08011274                __sread
 .text.__seofread
                0x08011298        0x4 d:/gnu tools arm embedded/5.2 2015q4/bin/../lib/gcc/arm-none-eabi/5.2.1/../../../../arm-none-eabi/lib/armv7e-m/fpu\libg.a(lib_a-stdio.o)
                0x08011298                __seofread
 .text.__swrite
                0x0801129c       0x38 d:/gnu tools arm embedded/5.2 2015q4/bin/../lib/gcc/arm-none-eabi/5.2.1/../../../../arm-none-eabi/lib/armv7e-m/fpu\libg.a(lib_a-stdio.o)
                0x0801129c                __swrite
 .text.__sseek  0x080112d4       0x20 d:/gnu tools arm embedded/5.2 2015q4/bin/../lib/gcc/arm-none-eabi/5.2.1/../../../../arm-none-eabi/lib/armv7e-m/fpu\libg.a(lib_a-stdio.o)
                0x080112d4                __sseek
 .text.__sclose
                0x080112f4        0x8 d:/gnu tools arm embedded/5.2 2015q4/bin/../lib/gcc/arm-none-eabi/5.2.1/../../../../arm-none-eabi/lib/armv7e-m/fpu\libg.a(lib_a-stdio.o)
                0x080112f4                __sclose
 .text.strcat   0x080112fc       0x40 d:/gnu tools arm embedded/5.2 2015q4/bin/../lib/gcc/arm-none-eabi/5.2.1/../../../../arm-none-eabi/lib/armv7e-m/fpu\libg.a(lib_a-strcat.o)
                0x080112fc                strcat
 .text.strchr   0x0801133c       0xd0 d:/gnu tools arm embedded/5.2 2015q4/bin/../lib/gcc/arm-none-eabi/5.2.1/../../../../arm-none-eabi/lib/armv7e-m/fpu\libg.a(lib_a-strchr.o)
                0x0801133c                strchr
 *fill*         0x0801140c       0x14 
 .text          0x08011420      0x2dc d:/gnu tools arm embedded/5.2 2015q4/bin/../lib/gcc/arm-none-eabi/5.2.1/../../../../arm-none-eabi/lib/armv7e-m/fpu\libg.a(lib_a-strcmp.o)
                0x08011428                strcmp
 .text.strcpy   0x080116fc       0xbc d:/gnu tools arm embedded/5.2 2015q4/bin/../lib/gcc/arm-none-eabi/5.2.1/../../../../arm-none-eabi/lib/armv7e-m/fpu\libg.a(lib_a-strcpy.o)
                0x080116fc                strcpy
 *fill*         0x080117b8        0x8 
 .text          0x080117c0       0xdc d:/gnu tools arm embedded/5.2 2015q4/bin/../lib/gcc/arm-none-eabi/5.2.1/../../../../arm-none-eabi/lib/armv7e-m/fpu\libg.a(lib_a-strlen.o)
                0x080117c0                strlen
 .text.strncmp  0x0801189c       0xa0 d:/gnu tools arm embedded/5.2 2015q4/bin/../lib/gcc/arm-none-eabi/5.2.1/../../../../arm-none-eabi/lib/armv7e-m/fpu\libg.a(lib_a-strncmp.o)
                0x0801189c                strncmp
 .text.strncpy  0x0801193c       0x68 d:/gnu tools arm embedded/5.2 2015q4/bin/../lib/gcc/arm-none-eabi/5.2.1/../../../../arm-none-eabi/lib/armv7e-m/fpu\libg.a(lib_a-strncpy.o)
                0x0801193c                strncpy
 .text.critical_factorization
                0x080119a4       0xb8 d:/gnu tools arm embedded/5.2 2015q4/bin/../lib/gcc/arm-none-eabi/5.2.1/../../../../arm-none-eabi/lib/armv7e-m/fpu\libg.a(lib_a-strstr.o)
 .text.two_way_long_needle
                0x08011a5c      0x200 d:/gnu tools arm embedded/5.2 2015q4/bin/../lib/gcc/arm-none-eabi/5.2.1/../../../../arm-none-eabi/lib/armv7e-m/fpu\libg.a(lib_a-strstr.o)
 .text.strstr   0x08011c5c      0x220 d:/gnu tools arm embedded/5.2 2015q4/bin/../lib/gcc/arm-none-eabi/5.2.1/../../../../arm-none-eabi/lib/armv7e-m/fpu\libg.a(lib_a-strstr.o)
                0x08011c5c                strstr
 .text.sulp     0x08011e7c       0x40 d:/gnu tools arm embedded/5.2 2015q4/bin/../lib/gcc/arm-none-eabi/5.2.1/../../../../arm-none-eabi/lib/armv7e-m/fpu\libg.a(lib_a-strtod.o)
 *fill*         0x08011ebc        0x4 
 .text._strtod_r
                0x08011ec0      0xec0 d:/gnu tools arm embedded/5.2 2015q4/bin/../lib/gcc/arm-none-eabi/5.2.1/../../../../arm-none-eabi/lib/armv7e-m/fpu\libg.a(lib_a-strtod.o)
                0x08011ec0                _strtod_r
 .text.strtod   0x08012d80       0x10 d:/gnu tools arm embedded/5.2 2015q4/bin/../lib/gcc/arm-none-eabi/5.2.1/../../../../arm-none-eabi/lib/armv7e-m/fpu\libg.a(lib_a-strtod.o)
                0x08012d80                strtod
 .text._strtol_r
                0x08012d90      0x128 d:/gnu tools arm embedded/5.2 2015q4/bin/../lib/gcc/arm-none-eabi/5.2.1/../../../../arm-none-eabi/lib/armv7e-m/fpu\libg.a(lib_a-strtol.o)
                0x08012d90                _strtol_r
 .text.strtol   0x08012eb8       0x18 d:/gnu tools arm embedded/5.2 2015q4/bin/../lib/gcc/arm-none-eabi/5.2.1/../../../../arm-none-eabi/lib/armv7e-m/fpu\libg.a(lib_a-strtol.o)
                0x08012eb8                strtol
 .text._strtoul_r
                0x08012ed0      0x134 d:/gnu tools arm embedded/5.2 2015q4/bin/../lib/gcc/arm-none-eabi/5.2.1/../../../../arm-none-eabi/lib/armv7e-m/fpu\libg.a(lib_a-strtoul.o)
                0x08012ed0                _strtoul_r
 .text.strtoul  0x08013004       0x18 d:/gnu tools arm embedded/5.2 2015q4/bin/../lib/gcc/arm-none-eabi/5.2.1/../../../../arm-none-eabi/lib/armv7e-m/fpu\libg.a(lib_a-strtoul.o)
                0x08013004                strtoul
 .text.__ssprint_r
                0x0801301c      0x100 d:/gnu tools arm embedded/5.2 2015q4/bin/../lib/gcc/arm-none-eabi/5.2.1/../../../../arm-none-eabi/lib/armv7e-m/fpu\libg.a(lib_a-svfiprintf.o)
                0x0801301c                __ssprint_r
 .text._svfiprintf_r
                0x0801311c      0xc5c d:/gnu tools arm embedded/5.2 2015q4/bin/../lib/gcc/arm-none-eabi/5.2.1/../../../../arm-none-eabi/lib/armv7e-m/fpu\libg.a(lib_a-svfiprintf.o)
                0x0801311c                _svfiprintf_r
 .text._svfprintf_r
                0x08013d78     0x169c d:/gnu tools arm embedded/5.2 2015q4/bin/../lib/gcc/arm-none-eabi/5.2.1/../../../../arm-none-eabi/lib/armv7e-m/fpu\libg.a(lib_a-svfprintf.o)
                0x08013d78                _svfprintf_r
 .text.__ssvfscanf_r
                0x08015414      0xed0 d:/gnu tools arm embedded/5.2 2015q4/bin/../lib/gcc/arm-none-eabi/5.2.1/../../../../arm-none-eabi/lib/armv7e-m/fpu\libg.a(lib_a-svfscanf.o)
                0x08015414                __ssvfscanf_r
 .text.__tzcalc_limits
                0x080162e4      0x194 d:/gnu tools arm embedded/5.2 2015q4/bin/../lib/gcc/arm-none-eabi/5.2.1/../../../../arm-none-eabi/lib/armv7e-m/fpu\libg.a(lib_a-tzcalc_limits.o)
                0x080162e4                __tzcalc_limits
 .text.__tz_lock
                0x08016478        0x4 d:/gnu tools arm embedded/5.2 2015q4/bin/../lib/gcc/arm-none-eabi/5.2.1/../../../../arm-none-eabi/lib/armv7e-m/fpu\libg.a(lib_a-tzlock.o)
                0x08016478                __tz_lock
 .text.__tz_unlock
                0x0801647c        0x4 d:/gnu tools arm embedded/5.2 2015q4/bin/../lib/gcc/arm-none-eabi/5.2.1/../../../../arm-none-eabi/lib/armv7e-m/fpu\libg.a(lib_a-tzlock.o)
                0x0801647c                __tz_unlock
 .text._tzset_unlocked
                0x08016480        0xc d:/gnu tools arm embedded/5.2 2015q4/bin/../lib/gcc/arm-none-eabi/5.2.1/../../../../arm-none-eabi/lib/armv7e-m/fpu\libg.a(lib_a-tzset.o)
                0x08016480                _tzset_unlocked
 .text._tzset_unlocked_r
                0x0801648c      0x324 d:/gnu tools arm embedded/5.2 2015q4/bin/../lib/gcc/arm-none-eabi/5.2.1/../../../../arm-none-eabi/lib/armv7e-m/fpu\libg.a(lib_a-tzset_r.o)
                0x0801648c                _tzset_unlocked_r
 .text._vfprintf_r
                0x080167b0     0x16a0 d:/gnu tools arm embedded/5.2 2015q4/bin/../lib/gcc/arm-none-eabi/5.2.1/../../../../arm-none-eabi/lib/armv7e-m/fpu\libg.a(lib_a-vfprintf.o)
                0x080167b0                _vfprintf_r
 .text.__sbprintf
                0x08017e50       0x6c d:/gnu tools arm embedded/5.2 2015q4/bin/../lib/gcc/arm-none-eabi/5.2.1/../../../../arm-none-eabi/lib/armv7e-m/fpu\libg.a(lib_a-vfprintf.o)
 .text._write_r
                0x08017ebc       0x2c d:/gnu tools arm embedded/5.2 2015q4/bin/../lib/gcc/arm-none-eabi/5.2.1/../../../../arm-none-eabi/lib/armv7e-m/fpu\libg.a(lib_a-writer.o)
                0x08017ebc                _write_r
 .text.__swsetup_r
                0x08017ee8       0xc4 d:/gnu tools arm embedded/5.2 2015q4/bin/../lib/gcc/arm-none-eabi/5.2.1/../../../../arm-none-eabi/lib/armv7e-m/fpu\libg.a(lib_a-wsetup.o)
                0x08017ee8                __swsetup_r
 .text._close_r
                0x08017fac       0x24 d:/gnu tools arm embedded/5.2 2015q4/bin/../lib/gcc/arm-none-eabi/5.2.1/../../../../arm-none-eabi/lib/armv7e-m/fpu\libg.a(lib_a-closer.o)
                0x08017fac                _close_r
 .text.quorem   0x08017fd0      0x128 d:/gnu tools arm embedded/5.2 2015q4/bin/../lib/gcc/arm-none-eabi/5.2.1/../../../../arm-none-eabi/lib/armv7e-m/fpu\libg.a(lib_a-dtoa.o)
 .text._dtoa_r  0x080180f8      0xe34 d:/gnu tools arm embedded/5.2 2015q4/bin/../lib/gcc/arm-none-eabi/5.2.1/../../../../arm-none-eabi/lib/armv7e-m/fpu\libg.a(lib_a-dtoa.o)
                0x080180f8                _dtoa_r
 .text.__sflush_r
                0x08018f2c      0x148 d:/gnu tools arm embedded/5.2 2015q4/bin/../lib/gcc/arm-none-eabi/5.2.1/../../../../arm-none-eabi/lib/armv7e-m/fpu\libg.a(lib_a-fflush.o)
                0x08018f2c                __sflush_r
 .text._fflush_r
                0x08019074       0x2c d:/gnu tools arm embedded/5.2 2015q4/bin/../lib/gcc/arm-none-eabi/5.2.1/../../../../arm-none-eabi/lib/armv7e-m/fpu\libg.a(lib_a-fflush.o)
                0x08019074                _fflush_r
 .text._cleanup_r
                0x080190a0        0xc d:/gnu tools arm embedded/5.2 2015q4/bin/../lib/gcc/arm-none-eabi/5.2.1/../../../../arm-none-eabi/lib/armv7e-m/fpu\libg.a(lib_a-findfp.o)
                0x080190a0                _cleanup_r
 .text.__sinit.part.1
                0x080190ac       0xf0 d:/gnu tools arm embedded/5.2 2015q4/bin/../lib/gcc/arm-none-eabi/5.2.1/../../../../arm-none-eabi/lib/armv7e-m/fpu\libg.a(lib_a-findfp.o)
 .text.__sinit  0x0801919c        0xc d:/gnu tools arm embedded/5.2 2015q4/bin/../lib/gcc/arm-none-eabi/5.2.1/../../../../arm-none-eabi/lib/armv7e-m/fpu\libg.a(lib_a-findfp.o)
                0x0801919c                __sinit
 .text.__sfp_lock_acquire
                0x080191a8        0x4 d:/gnu tools arm embedded/5.2 2015q4/bin/../lib/gcc/arm-none-eabi/5.2.1/../../../../arm-none-eabi/lib/armv7e-m/fpu\libg.a(lib_a-findfp.o)
                0x080191a8                __sfp_lock_acquire
 .text.__sfp_lock_release
                0x080191ac        0x4 d:/gnu tools arm embedded/5.2 2015q4/bin/../lib/gcc/arm-none-eabi/5.2.1/../../../../arm-none-eabi/lib/armv7e-m/fpu\libg.a(lib_a-findfp.o)
                0x080191ac                __sfp_lock_release
 .text._malloc_trim_r
                0x080191b0       0x9c d:/gnu tools arm embedded/5.2 2015q4/bin/../lib/gcc/arm-none-eabi/5.2.1/../../../../arm-none-eabi/lib/armv7e-m/fpu\libg.a(lib_a-freer.o)
                0x080191b0                _malloc_trim_r
 .text._free_r  0x0801924c      0x1d0 d:/gnu tools arm embedded/5.2 2015q4/bin/../lib/gcc/arm-none-eabi/5.2.1/../../../../arm-none-eabi/lib/armv7e-m/fpu\libg.a(lib_a-freer.o)
                0x0801924c                _free_r
 .text.__sfvwrite_r
                0x0801941c      0x300 d:/gnu tools arm embedded/5.2 2015q4/bin/../lib/gcc/arm-none-eabi/5.2.1/../../../../arm-none-eabi/lib/armv7e-m/fpu\libg.a(lib_a-fvwrite.o)
                0x0801941c                __sfvwrite_r
 .text._fwalk_reent
                0x0801971c       0x54 d:/gnu tools arm embedded/5.2 2015q4/bin/../lib/gcc/arm-none-eabi/5.2.1/../../../../arm-none-eabi/lib/armv7e-m/fpu\libg.a(lib_a-fwalk.o)
                0x0801971c                _fwalk_reent
 .text.rshift   0x08019770       0xa8 d:/gnu tools arm embedded/5.2 2015q4/bin/../lib/gcc/arm-none-eabi/5.2.1/../../../../arm-none-eabi/lib/armv7e-m/fpu\libg.a(lib_a-gdtoa-gethex.o)
 .text.__gethex
                0x08019818      0x510 d:/gnu tools arm embedded/5.2 2015q4/bin/../lib/gcc/arm-none-eabi/5.2.1/../../../../arm-none-eabi/lib/armv7e-m/fpu\libg.a(lib_a-gdtoa-gethex.o)
                0x08019818                __gethex
 .text.__match  0x08019d28       0x30 d:/gnu tools arm embedded/5.2 2015q4/bin/../lib/gcc/arm-none-eabi/5.2.1/../../../../arm-none-eabi/lib/armv7e-m/fpu\libg.a(lib_a-gdtoa-hexnan.o)
                0x08019d28                __match
 .text.__hexnan
                0x08019d58      0x180 d:/gnu tools arm embedded/5.2 2015q4/bin/../lib/gcc/arm-none-eabi/5.2.1/../../../../arm-none-eabi/lib/armv7e-m/fpu\libg.a(lib_a-gdtoa-hexnan.o)
                0x08019d58                __hexnan
 .text._findenv_r
                0x08019ed8       0x7c d:/gnu tools arm embedded/5.2 2015q4/bin/../lib/gcc/arm-none-eabi/5.2.1/../../../../arm-none-eabi/lib/armv7e-m/fpu\libg.a(lib_a-getenv_r.o)
                0x08019ed8                _findenv_r
 .text._getenv_r
                0x08019f54       0x10 d:/gnu tools arm embedded/5.2 2015q4/bin/../lib/gcc/arm-none-eabi/5.2.1/../../../../arm-none-eabi/lib/armv7e-m/fpu\libg.a(lib_a-getenv_r.o)
                0x08019f54                _getenv_r
 .text.__gettzinfo
                0x08019f64        0x8 d:/gnu tools arm embedded/5.2 2015q4/bin/../lib/gcc/arm-none-eabi/5.2.1/../../../../arm-none-eabi/lib/armv7e-m/fpu\libg.a(lib_a-gettzinfo.o)
                0x08019f64                __gettzinfo
 .text.gmtime_r
                0x08019f6c      0x1cc d:/gnu tools arm embedded/5.2 2015q4/bin/../lib/gcc/arm-none-eabi/5.2.1/../../../../arm-none-eabi/lib/armv7e-m/fpu\libg.a(lib_a-gmtime_r.o)
                0x08019f6c                gmtime_r
 .text.iswspace
                0x0801a138       0x1c d:/gnu tools arm embedded/5.2 2015q4/bin/../lib/gcc/arm-none-eabi/5.2.1/../../../../arm-none-eabi/lib/armv7e-m/fpu\libg.a(lib_a-iswspace.o)
                0x0801a138                iswspace
 .text.__locale_charset
                0x0801a154        0x8 d:/gnu tools arm embedded/5.2 2015q4/bin/../lib/gcc/arm-none-eabi/5.2.1/../../../../arm-none-eabi/lib/armv7e-m/fpu\libg.a(lib_a-locale.o)
                0x0801a154                __locale_charset
 .text.__locale_mb_cur_max
                0x0801a15c        0xc d:/gnu tools arm embedded/5.2 2015q4/bin/../lib/gcc/arm-none-eabi/5.2.1/../../../../arm-none-eabi/lib/armv7e-m/fpu\libg.a(lib_a-locale.o)
                0x0801a15c                __locale_mb_cur_max
 .text._localeconv_r
                0x0801a168        0x8 d:/gnu tools arm embedded/5.2 2015q4/bin/../lib/gcc/arm-none-eabi/5.2.1/../../../../arm-none-eabi/lib/armv7e-m/fpu\libg.a(lib_a-locale.o)
                0x0801a168                _localeconv_r
 .text._lseek_r
                0x0801a170       0x2c d:/gnu tools arm embedded/5.2 2015q4/bin/../lib/gcc/arm-none-eabi/5.2.1/../../../../arm-none-eabi/lib/armv7e-m/fpu\libg.a(lib_a-lseekr.o)
                0x0801a170                _lseek_r
 .text.__smakebuf_r
                0x0801a19c       0xe0 d:/gnu tools arm embedded/5.2 2015q4/bin/../lib/gcc/arm-none-eabi/5.2.1/../../../../arm-none-eabi/lib/armv7e-m/fpu\libg.a(lib_a-makebuf.o)
                0x0801a19c                __smakebuf_r
 .text._mbrtowc_r
                0x0801a27c       0x5c d:/gnu tools arm embedded/5.2 2015q4/bin/../lib/gcc/arm-none-eabi/5.2.1/../../../../arm-none-eabi/lib/armv7e-m/fpu\libg.a(lib_a-mbrtowc.o)
                0x0801a27c                _mbrtowc_r
 .text.__ascii_mbtowc
                0x0801a2d8       0x2c d:/gnu tools arm embedded/5.2 2015q4/bin/../lib/gcc/arm-none-eabi/5.2.1/../../../../arm-none-eabi/lib/armv7e-m/fpu\libg.a(lib_a-mbtowc_r.o)
                0x0801a2d8                __ascii_mbtowc
 *fill*         0x0801a304        0xc 
 .text          0x0801a310       0xa0 d:/gnu tools arm embedded/5.2 2015q4/bin/../lib/gcc/arm-none-eabi/5.2.1/../../../../arm-none-eabi/lib/armv7e-m/fpu\libg.a(lib_a-memchr.o)
                0x0801a310                memchr